Archive member included because of file (symbol)

c:/users/alex/appdata/local/arduino15/packages/arduino/tools/arm-none-eabi-gcc/4.8.3-2014q1/bin/../lib/gcc/arm-none-eabi/4.8.3/../../../../arm-none-eabi/lib/armv6-m\libm.a(lib_a-s_cos.o)
                              C:\Users\Alex\AppData\Local\Temp\VMBuilds\MyUROV_SAMD21G18A_1\arduino_zero_native\Debug\UTFT\UTFT.cpp.o (cos)
c:/users/alex/appdata/local/arduino15/packages/arduino/tools/arm-none-eabi-gcc/4.8.3-2014q1/bin/../lib/gcc/arm-none-eabi/4.8.3/../../../../arm-none-eabi/lib/armv6-m\libm.a(lib_a-s_sin.o)
                              C:\Users\Alex\AppData\Local\Temp\VMBuilds\MyUROV_SAMD21G18A_1\arduino_zero_native\Debug\UTFT\UTFT.cpp.o (sin)
c:/users/alex/appdata/local/arduino15/packages/arduino/tools/arm-none-eabi-gcc/4.8.3-2014q1/bin/../lib/gcc/arm-none-eabi/4.8.3/../../../../arm-none-eabi/lib/armv6-m\libm.a(lib_a-e_rem_pio2.o)
                              c:/users/alex/appdata/local/arduino15/packages/arduino/tools/arm-none-eabi-gcc/4.8.3-2014q1/bin/../lib/gcc/arm-none-eabi/4.8.3/../../../../arm-none-eabi/lib/armv6-m\libm.a(lib_a-s_cos.o) (__ieee754_rem_pio2)
c:/users/alex/appdata/local/arduino15/packages/arduino/tools/arm-none-eabi-gcc/4.8.3-2014q1/bin/../lib/gcc/arm-none-eabi/4.8.3/../../../../arm-none-eabi/lib/armv6-m\libm.a(lib_a-k_cos.o)
                              c:/users/alex/appdata/local/arduino15/packages/arduino/tools/arm-none-eabi-gcc/4.8.3-2014q1/bin/../lib/gcc/arm-none-eabi/4.8.3/../../../../arm-none-eabi/lib/armv6-m\libm.a(lib_a-s_cos.o) (__kernel_cos)
c:/users/alex/appdata/local/arduino15/packages/arduino/tools/arm-none-eabi-gcc/4.8.3-2014q1/bin/../lib/gcc/arm-none-eabi/4.8.3/../../../../arm-none-eabi/lib/armv6-m\libm.a(lib_a-k_rem_pio2.o)
                              c:/users/alex/appdata/local/arduino15/packages/arduino/tools/arm-none-eabi-gcc/4.8.3-2014q1/bin/../lib/gcc/arm-none-eabi/4.8.3/../../../../arm-none-eabi/lib/armv6-m\libm.a(lib_a-e_rem_pio2.o) (__kernel_rem_pio2)
c:/users/alex/appdata/local/arduino15/packages/arduino/tools/arm-none-eabi-gcc/4.8.3-2014q1/bin/../lib/gcc/arm-none-eabi/4.8.3/../../../../arm-none-eabi/lib/armv6-m\libm.a(lib_a-k_sin.o)
                              c:/users/alex/appdata/local/arduino15/packages/arduino/tools/arm-none-eabi-gcc/4.8.3-2014q1/bin/../lib/gcc/arm-none-eabi/4.8.3/../../../../arm-none-eabi/lib/armv6-m\libm.a(lib_a-s_cos.o) (__kernel_sin)
c:/users/alex/appdata/local/arduino15/packages/arduino/tools/arm-none-eabi-gcc/4.8.3-2014q1/bin/../lib/gcc/arm-none-eabi/4.8.3/../../../../arm-none-eabi/lib/armv6-m\libm.a(lib_a-s_fabs.o)
                              c:/users/alex/appdata/local/arduino15/packages/arduino/tools/arm-none-eabi-gcc/4.8.3-2014q1/bin/../lib/gcc/arm-none-eabi/4.8.3/../../../../arm-none-eabi/lib/armv6-m\libm.a(lib_a-e_rem_pio2.o) (fabs)
c:/users/alex/appdata/local/arduino15/packages/arduino/tools/arm-none-eabi-gcc/4.8.3-2014q1/bin/../lib/gcc/arm-none-eabi/4.8.3/../../../../arm-none-eabi/lib/armv6-m\libm.a(lib_a-s_floor.o)
                              c:/users/alex/appdata/local/arduino15/packages/arduino/tools/arm-none-eabi-gcc/4.8.3-2014q1/bin/../lib/gcc/arm-none-eabi/4.8.3/../../../../arm-none-eabi/lib/armv6-m\libm.a(lib_a-k_rem_pio2.o) (floor)
c:/users/alex/appdata/local/arduino15/packages/arduino/tools/arm-none-eabi-gcc/4.8.3-2014q1/bin/../lib/gcc/arm-none-eabi/4.8.3/../../../../arm-none-eabi/lib/armv6-m\libm.a(lib_a-s_scalbn.o)
                              c:/users/alex/appdata/local/arduino15/packages/arduino/tools/arm-none-eabi-gcc/4.8.3-2014q1/bin/../lib/gcc/arm-none-eabi/4.8.3/../../../../arm-none-eabi/lib/armv6-m\libm.a(lib_a-k_rem_pio2.o) (scalbn)
c:/users/alex/appdata/local/arduino15/packages/arduino/tools/arm-none-eabi-gcc/4.8.3-2014q1/bin/../lib/gcc/arm-none-eabi/4.8.3/../../../../arm-none-eabi/lib/armv6-m\libm.a(lib_a-s_copysign.o)
                              c:/users/alex/appdata/local/arduino15/packages/arduino/tools/arm-none-eabi-gcc/4.8.3-2014q1/bin/../lib/gcc/arm-none-eabi/4.8.3/../../../../arm-none-eabi/lib/armv6-m\libm.a(lib_a-s_scalbn.o) (copysign)
C:\Users\Alex\AppData\Local\Temp\VMBuilds\MyUROV_SAMD21G18A_1\arduino_zero_native\Debug/core.a(cortex_handlers.c.o)
                              (Reset_Handler)
C:\Users\Alex\AppData\Local\Temp\VMBuilds\MyUROV_SAMD21G18A_1\arduino_zero_native\Debug/core.a(delay.c.o)
                              C:\Users\Alex\AppData\Local\Temp\VMBuilds\MyUROV_SAMD21G18A_1\arduino_zero_native\Debug\DS3231.cpp.o (delay)
C:\Users\Alex\AppData\Local\Temp\VMBuilds\MyUROV_SAMD21G18A_1\arduino_zero_native\Debug/core.a(hooks.c.o)
                              C:\Users\Alex\AppData\Local\Temp\VMBuilds\MyUROV_SAMD21G18A_1\arduino_zero_native\Debug\UTFT_Buttons_Rus.cpp.o (yield)
C:\Users\Alex\AppData\Local\Temp\VMBuilds\MyUROV_SAMD21G18A_1\arduino_zero_native\Debug/core.a(startup.c.o)
[...]
Memory Configuration

Name             Origin             Length             Attributes
FLASH            0x00002000         0x0003e000         xr
RAM              0x20000000         0x00008000         xrw
*default*        0x00000000         0xffffffff

Linker script and memory map

LOAD c:/users/alex/appdata/local/arduino15/packages/arduino/tools/arm-none-eabi-gcc/4.8.3-2014q1/bin/../lib/gcc/arm-none-eabi/4.8.3/armv6-m/crti.o
LOAD c:/users/alex/appdata/local/arduino15/packages/arduino/tools/arm-none-eabi-gcc/4.8.3-2014q1/bin/../lib/gcc/arm-none-eabi/4.8.3/armv6-m/crtbegin.o
LOAD c:/users/alex/appdata/local/arduino15/packages/arduino/tools/arm-none-eabi-gcc/4.8.3-2014q1/bin/../lib/gcc/arm-none-eabi/4.8.3/../../../../arm-none-eabi/lib/armv6-m/crt0.o
LOAD C:\Users\Alex\AppData\Local\Temp\VMBuilds\MyUROV_SAMD21G18A_1\arduino_zero_native\Debug\MyUROV_SAMD21G18A_1.cpp.o
LOAD C:\Users\Alex\AppData\Local\Temp\VMBuilds\MyUROV_SAMD21G18A_1\arduino_zero_native\Debug\RussianFonts.c.o
LOAD C:\Users\Alex\AppData\Local\Temp\VMBuilds\MyUROV_SAMD21G18A_1\arduino_zero_native\Debug\Drawing.cpp.o
LOAD C:\Users\Alex\AppData\Local\Temp\VMBuilds\MyUROV_SAMD21G18A_1\arduino_zero_native\Debug\DS3231.cpp.o
LOAD C:\Users\Alex\AppData\Local\Temp\VMBuilds\MyUROV_SAMD21G18A_1\arduino_zero_native\Debug\Screen1.cpp.o
LOAD C:\Users\Alex\AppData\Local\Temp\VMBuilds\MyUROV_SAMD21G18A_1\arduino_zero_native\Debug\Screen2.cpp.o
LOAD C:\Users\Alex\AppData\Local\Temp\VMBuilds\MyUROV_SAMD21G18A_1\arduino_zero_native\Debug\Screen3.cpp.o
LOAD C:\Users\Alex\AppData\Local\Temp\VMBuilds\MyUROV_SAMD21G18A_1\arduino_zero_native\Debug\UTFT_Buttons_Rus.cpp.o
LOAD C:\Users\Alex\AppData\Local\Temp\VMBuilds\MyUROV_SAMD21G18A_1\arduino_zero_native\Debug\UTFTMenu.cpp.o
LOAD C:\Users\Alex\AppData\Local\Temp\VMBuilds\MyUROV_SAMD21G18A_1\arduino_zero_native\Debug\UTFTRus.cpp.o
LOAD C:\Users\Alex\AppData\Local\Temp\VMBuilds\MyUROV_SAMD21G18A_1\arduino_zero_native\Debug\SPI\SPI.cpp.o
LOAD C:\Users\Alex\AppData\Local\Temp\VMBuilds\MyUROV_SAMD21G18A_1\arduino_zero_native\Debug\URTouch\URTouch.cpp.o
LOAD C:\Users\Alex\AppData\Local\Temp\VMBuilds\MyUROV_SAMD21G18A_1\arduino_zero_native\Debug\UTFT\arial_bold.c.o
LOAD C:\Users\Alex\AppData\Local\Temp\VMBuilds\MyUROV_SAMD21G18A_1\arduino_zero_native\Debug\UTFT\DefaultFonts.c.o
LOAD C:\Users\Alex\AppData\Local\Temp\VMBuilds\MyUROV_SAMD21G18A_1\arduino_zero_native\Debug\UTFT\DejaVuSans24.c.o
LOAD C:\Users\Alex\AppData\Local\Temp\VMBuilds\MyUROV_SAMD21G18A_1\arduino_zero_native\Debug\UTFT\DotMatrix_M.c.o
LOAD C:\Users\Alex\AppData\Local\Temp\VMBuilds\MyUROV_SAMD21G18A_1\arduino_zero_native\Debug\UTFT\DotMatrix_M_Num.c.o
LOAD C:\Users\Alex\AppData\Local\Temp\VMBuilds\MyUROV_SAMD21G18A_1\arduino_zero_native\Debug\UTFT\franklingothic_normal.c.o
LOAD C:\Users\Alex\AppData\Local\Temp\VMBuilds\MyUROV_SAMD21G18A_1\arduino_zero_native\Debug\UTFT\Inconsola.c.o
LOAD C:\Users\Alex\AppData\Local\Temp\VMBuilds\MyUROV_SAMD21G18A_1\arduino_zero_native\Debug\UTFT\Sinclair_S.c.o
LOAD C:\Users\Alex\AppData\Local\Temp\VMBuilds\MyUROV_SAMD21G18A_1\arduino_zero_native\Debug\UTFT\TinyFont.c.o
LOAD C:\Users\Alex\AppData\Local\Temp\VMBuilds\MyUROV_SAMD21G18A_1\arduino_zero_native\Debug\UTFT\Ubuntu.c.o
LOAD C:\Users\Alex\AppData\Local\Temp\VMBuilds\MyUROV_SAMD21G18A_1\arduino_zero_native\Debug\UTFT\Ubuntubold.c.o
LOAD C:\Users\Alex\AppData\Local\Temp\VMBuilds\MyUROV_SAMD21G18A_1\arduino_zero_native\Debug\UTFT\UTFT.cpp.o
LOAD C:\Users\Alex\AppData\Local\Temp\VMBuilds\MyUROV_SAMD21G18A_1\arduino_zero_native\Debug\Wire\Wire.cpp.o
LOAD C:\Users\Alex\AppData\Local\Temp\VMBuilds\MyUROV_SAMD21G18A_1\arduino_zero_native\Debug\variant\variant.cpp.o
START GROUP
LOAD C:\Users\Alex\AppData\Local\arduino15\packages\arduino\tools\CMSIS\4.5.0/CMSIS/Lib/GCC/\libarm_cortexM0l_math.a
LOAD c:/users/alex/appdata/local/arduino15/packages/arduino/tools/arm-none-eabi-gcc/4.8.3-2014q1/bin/../lib/gcc/arm-none-eabi/4.8.3/../../../../arm-none-eabi/lib/armv6-m\libm.a
LOAD C:\Users\Alex\AppData\Local\Temp\VMBuilds\MyUROV_SAMD21G18A_1\arduino_zero_native\Debug/core.a
END GROUP
START GROUP
LOAD c:/users/alex/appdata/local/arduino15/packages/arduino/tools/arm-none-eabi-gcc/4.8.3-2014q1/bin/../lib/gcc/arm-none-eabi/4.8.3/armv6-m\libgcc.a
LOAD c:/users/alex/appdata/local/arduino15/packages/arduino/tools/arm-none-eabi-gcc/4.8.3-2014q1/bin/../lib/gcc/arm-none-eabi/4.8.3/../../../../arm-none-eabi/lib/armv6-m\libc_s.a
END GROUP
START GROUP
LOAD c:/users/alex/appdata/local/arduino15/packages/arduino/tools/arm-none-eabi-gcc/4.8.3-2014q1/bin/../lib/gcc/arm-none-eabi/4.8.3/armv6-m\libgcc.a
LOAD c:/users/alex/appdata/local/arduino15/packages/arduino/tools/arm-none-eabi-gcc/4.8.3-2014q1/bin/../lib/gcc/arm-none-eabi/4.8.3/../../../../arm-none-eabi/lib/armv6-m\libc_s.a
LOAD c:/users/alex/appdata/local/arduino15/packages/arduino/tools/arm-none-eabi-gcc/4.8.3-2014q1/bin/../lib/gcc/arm-none-eabi/4.8.3/../../../../arm-none-eabi/lib/armv6-m\libnosys.a
END GROUP
START GROUP
LOAD c:/users/alex/appdata/local/arduino15/packages/arduino/tools/arm-none-eabi-gcc/4.8.3-2014q1/bin/../lib/gcc/arm-none-eabi/4.8.3/armv6-m\libgcc.a
LOAD c:/users/alex/appdata/local/arduino15/packages/arduino/tools/arm-none-eabi-gcc/4.8.3-2014q1/bin/../lib/gcc/arm-none-eabi/4.8.3/../../../../arm-none-eabi/lib/armv6-m\libc_s.a
LOAD c:/users/alex/appdata/local/arduino15/packages/arduino/tools/arm-none-eabi-gcc/4.8.3-2014q1/bin/../lib/gcc/arm-none-eabi/4.8.3/../../../../arm-none-eabi/lib/armv6-m\libnosys.a
END GROUP
LOAD c:/users/alex/appdata/local/arduino15/packages/arduino/tools/arm-none-eabi-gcc/4.8.3-2014q1/bin/../lib/gcc/arm-none-eabi/4.8.3/armv6-m/crtend.o
LOAD c:/users/alex/appdata/local/arduino15/packages/arduino/tools/arm-none-eabi-gcc/4.8.3-2014q1/bin/../lib/gcc/arm-none-eabi/4.8.3/armv6-m/crtn.o

.text           0x00002000     0xb350
                0x00002000                __text_start__ = .
 *(.sketch_boot)
                0x00002000                . = ALIGN (0x2000)
 *(.isr_vector)
 .isr_vector    0x00002000       0xb4 C:\Users\Alex\AppData\Local\Temp\VMBuilds\MyUROV_SAMD21G18A_1\arduino_zero_native\Debug/core.a(cortex_handlers.c.o)
                0x00002000                exception_table
 *(.text*)
 .text          0x000020b4       0x60 c:/users/alex/appdata/local/arduino15/packages/arduino/tools/arm-none-eabi-gcc/4.8.3-2014q1/bin/../lib/gcc/arm-none-eabi/4.8.3/armv6-m/crtbegin.o
 .text.setup    0x00002114       0x58 C:\Users\Alex\AppData\Local\Temp\VMBuilds\MyUROV_SAMD21G18A_1\arduino_zero_native\Debug\MyUROV_SAMD21G18A_1.cpp.o
                0x00002114                setup
 .text.loop     0x0000216c       0x10 C:\Users\Alex\AppData\Local\Temp\VMBuilds\MyUROV_SAMD21G18A_1\arduino_zero_native\Debug\MyUROV_SAMD21G18A_1.cpp.o
                0x0000216c                loop
 .text._ZN7TwoWire5writeEi
                0x0000217c        0xc C:\Users\Alex\AppData\Local\Temp\VMBuilds\MyUROV_SAMD21G18A_1\arduino_zero_native\Debug\DS3231.cpp.o
                0x0000217c                TwoWire::write(int)
 .text._ZN11DS3231Clock10getTimeStrERK10DS3231Time
                0x00002188       0x84 C:\Users\Alex\AppData\Local\Temp\VMBuilds\MyUROV_SAMD21G18A_1\arduino_zero_native\Debug\DS3231.cpp.o
                0x00002188                DS3231Clock::getTimeStr(DS3231Time const&)
 .text._ZN11DS3231Clock10getDateStrERK10DS3231Time
                0x0000220c       0xa8 C:\Users\Alex\AppData\Local\Temp\VMBuilds\MyUROV_SAMD21G18A_1\arduino_zero_native\Debug\DS3231.cpp.o
                0x0000220c                DS3231Clock::getDateStr(DS3231Time const&)
 .text._ZN11DS3231Clock5beginEh
                0x000022b4       0x14 C:\Users\Alex\AppData\Local\Temp\VMBuilds\MyUROV_SAMD21G18A_1\arduino_zero_native\Debug\DS3231.cpp.o
                0x000022b4                DS3231Clock::begin(unsigned char)
 .text.startup._GLOBAL__sub_I__ZN11DS3231Clock8workBuffE
                0x000022c8       0x10 C:\Users\Alex\AppData\Local\Temp\VMBuilds\MyUROV_SAMD21G18A_1\arduino_zero_native\Debug\DS3231.cpp.o
 .text._ZN11DS3231Clock7getTimeEv
                0x000022d8       0xc8 C:\Users\Alex\AppData\Local\Temp\VMBuilds\MyUROV_SAMD21G18A_1\arduino_zero_native\Debug\DS3231.cpp.o
                0x000022d8                DS3231Clock::getTime()
 .text._ZN7Screen17doSetupEP7TFTMenu
                0x000023a0       0x3c C:\Users\Alex\AppData\Local\Temp\VMBuilds\MyUROV_SAMD21G18A_1\arduino_zero_native\Debug\Screen1.cpp.o
                0x000023a0                Screen1::doSetup(TFTMenu*)
 .text._ZN7Screen16doDrawEP7TFTMenu
                0x000023dc       0x48 C:\Users\Alex\AppData\Local\Temp\VMBuilds\MyUROV_SAMD21G18A_1\arduino_zero_native\Debug\Screen1.cpp.o
                0x000023dc                Screen1::doDraw(TFTMenu*)
 .text._ZN7Screen115onButtonPressedEP7TFTMenui
                0x00002424       0x20 C:\Users\Alex\AppData\Local\Temp\VMBuilds\MyUROV_SAMD21G18A_1\arduino_zero_native\Debug\Screen1.cpp.o
                0x00002424                Screen1::onButtonPressed(TFTMenu*, int)
 .text._ZN7Screen1D2Ev
                0x00002444       0x18 C:\Users\Alex\AppData\Local\Temp\VMBuilds\MyUROV_SAMD21G18A_1\arduino_zero_native\Debug\Screen1.cpp.o
                0x00002444                Screen1::~Screen1()
                0x00002444                Screen1::~Screen1()
 .text._ZN7Screen1D0Ev
                0x0000245c       0x12 C:\Users\Alex\AppData\Local\Temp\VMBuilds\MyUROV_SAMD21G18A_1\arduino_zero_native\Debug\Screen1.cpp.o
                0x0000245c                Screen1::~Screen1()
 *fill*         0x0000246e        0x2 
 .text._ZN7Screen18doUpdateEP7TFTMenu
                0x00002470       0xb8 C:\Users\Alex\AppData\Local\Temp\VMBuilds\MyUROV_SAMD21G18A_1\arduino_zero_native\Debug\Screen1.cpp.o
                0x00002470                Screen1::doUpdate(TFTMenu*)
 .text._ZN7Screen1C2Ev
                0x00002528       0x20 C:\Users\Alex\AppData\Local\Temp\VMBuilds\MyUROV_SAMD21G18A_1\arduino_zero_native\Debug\Screen1.cpp.o
                0x00002528                Screen1::Screen1()
                0x00002528                Screen1::Screen1()
 .text._ZN7Screen28doUpdateEP7TFTMenu
                0x00002548        0x2 C:\Users\Alex\AppData\Local\Temp\VMBuilds\MyUROV_SAMD21G18A_1\arduino_zero_native\Debug\Screen2.cpp.o
                0x00002548                Screen2::doUpdate(TFTMenu*)
 *fill*         0x0000254a        0x2 
 .text._ZN7Screen27doSetupEP7TFTMenu
                0x0000254c       0x24 C:\Users\Alex\AppData\Local\Temp\VMBuilds\MyUROV_SAMD21G18A_1\arduino_zero_native\Debug\Screen2.cpp.o
                0x0000254c                Screen2::doSetup(TFTMenu*)
 .text._ZN7Screen26doDrawEP7TFTMenu
                0x00002570       0x34 C:\Users\Alex\AppData\Local\Temp\VMBuilds\MyUROV_SAMD21G18A_1\arduino_zero_native\Debug\Screen2.cpp.o
                0x00002570                Screen2::doDraw(TFTMenu*)
 .text._ZN7Screen215onButtonPressedEP7TFTMenui
                0x000025a4       0x14 C:\Users\Alex\AppData\Local\Temp\VMBuilds\MyUROV_SAMD21G18A_1\arduino_zero_native\Debug\Screen2.cpp.o
                0x000025a4                Screen2::onButtonPressed(TFTMenu*, int)
 .text._ZN7Screen2D2Ev
                0x000025b8       0x18 C:\Users\Alex\AppData\Local\Temp\VMBuilds\MyUROV_SAMD21G18A_1\arduino_zero_native\Debug\Screen2.cpp.o
                0x000025b8                Screen2::~Screen2()
                0x000025b8                Screen2::~Screen2()
 .text._ZN7Screen2D0Ev
                0x000025d0       0x12 C:\Users\Alex\AppData\Local\Temp\VMBuilds\MyUROV_SAMD21G18A_1\arduino_zero_native\Debug\Screen2.cpp.o
                0x000025d0                Screen2::~Screen2()
 *fill*         0x000025e2        0x2 
 .text._ZN7Screen2C2Ev
                0x000025e4       0x1c C:\Users\Alex\AppData\Local\Temp\VMBuilds\MyUROV_SAMD21G18A_1\arduino_zero_native\Debug\Screen2.cpp.o
                0x000025e4                Screen2::Screen2()
                0x000025e4                Screen2::Screen2()
 .text._ZN7Screen38doUpdateEP7TFTMenu
                0x00002600        0x2 C:\Users\Alex\AppData\Local\Temp\VMBuilds\MyUROV_SAMD21G18A_1\arduino_zero_native\Debug\Screen3.cpp.o
                0x00002600                Screen3::doUpdate(TFTMenu*)
 *fill*         0x00002602        0x2 
 .text._ZN7Screen37doSetupEP7TFTMenu
                0x00002604       0x24 C:\Users\Alex\AppData\Local\Temp\VMBuilds\MyUROV_SAMD21G18A_1\arduino_zero_native\Debug\Screen3.cpp.o
                0x00002604                Screen3::doSetup(TFTMenu*)
 .text._ZN7Screen36doDrawEP7TFTMenu
                0x00002628       0x34 C:\Users\Alex\AppData\Local\Temp\VMBuilds\MyUROV_SAMD21G18A_1\arduino_zero_native\Debug\Screen3.cpp.o
                0x00002628                Screen3::doDraw(TFTMenu*)
 .text._ZN7Screen315onButtonPressedEP7TFTMenui
                0x0000265c       0x14 C:\Users\Alex\AppData\Local\Temp\VMBuilds\MyUROV_SAMD21G18A_1\arduino_zero_native\Debug\Screen3.cpp.o
                0x0000265c                Screen3::onButtonPressed(TFTMenu*, int)
 .text._ZN7Screen3D2Ev
                0x00002670       0x18 C:\Users\Alex\AppData\Local\Temp\VMBuilds\MyUROV_SAMD21G18A_1\arduino_zero_native\Debug\Screen3.cpp.o
                0x00002670                Screen3::~Screen3()
                0x00002670                Screen3::~Screen3()
 .text._ZN7Screen3D0Ev
                0x00002688       0x12 C:\Users\Alex\AppData\Local\Temp\VMBuilds\MyUROV_SAMD21G18A_1\arduino_zero_native\Debug\Screen3.cpp.o
                0x00002688                Screen3::~Screen3()
 *fill*         0x0000269a        0x2 
 .text._ZN7Screen3C2Ev
                0x0000269c       0x1c C:\Users\Alex\AppData\Local\Temp\VMBuilds\MyUROV_SAMD21G18A_1\arduino_zero_native\Debug\Screen3.cpp.o
                0x0000269c                Screen3::Screen3()
                0x0000269c                Screen3::Screen3()
 .text._ZN16UTFT_Buttons_Rus9addButtonEttttPKct
                0x000026b8       0x3c C:\Users\Alex\AppData\Local\Temp\VMBuilds\MyUROV_SAMD21G18A_1\arduino_zero_native\Debug\UTFT_Buttons_Rus.cpp.o
                0x000026b8                UTFT_Buttons_Rus::addButton(unsigned short, unsigned short, unsigned short, unsigned short, char const*, unsigned short)
 .text._ZN16UTFT_Buttons_Rus10drawButtonEi
                0x000026f4      0x258 C:\Users\Alex\AppData\Local\Temp\VMBuilds\MyUROV_SAMD21G18A_1\arduino_zero_native\Debug\UTFT_Buttons_Rus.cpp.o
                0x000026f4                UTFT_Buttons_Rus::drawButton(int)
 .text._ZN16UTFT_Buttons_Rus11drawButtonsEPFvvE
                0x0000294c       0x2c C:\Users\Alex\AppData\Local\Temp\VMBuilds\MyUROV_SAMD21G18A_1\arduino_zero_native\Debug\UTFT_Buttons_Rus.cpp.o
                0x0000294c                UTFT_Buttons_Rus::drawButtons(void (*)())
 .text._ZN16UTFT_Buttons_Rus16deleteAllButtonsEv
                0x00002978       0x28 C:\Users\Alex\AppData\Local\Temp\VMBuilds\MyUROV_SAMD21G18A_1\arduino_zero_native\Debug\UTFT_Buttons_Rus.cpp.o
                0x00002978                UTFT_Buttons_Rus::deleteAllButtons()
 .text._ZN16UTFT_Buttons_RusC2EP4UTFTP7URTouchP7UTFTRus
                0x000029a0       0x50 C:\Users\Alex\AppData\Local\Temp\VMBuilds\MyUROV_SAMD21G18A_1\arduino_zero_native\Debug\UTFT_Buttons_Rus.cpp.o
                0x000029a0                UTFT_Buttons_Rus::UTFT_Buttons_Rus(UTFT*, URTouch*, UTFTRus*)
                0x000029a0                UTFT_Buttons_Rus::UTFT_Buttons_Rus(UTFT*, URTouch*, UTFTRus*)
 .text._ZN16UTFT_Buttons_Rus12checkButtonsEPFviE
                0x000029f0      0x192 C:\Users\Alex\AppData\Local\Temp\VMBuilds\MyUROV_SAMD21G18A_1\arduino_zero_native\Debug\UTFT_Buttons_Rus.cpp.o
                0x000029f0                UTFT_Buttons_Rus::checkButtons(void (*)(int))
 .text._ZN16UTFT_Buttons_Rus11setTextFontEPh
                0x00002b82        0x8 C:\Users\Alex\AppData\Local\Temp\VMBuilds\MyUROV_SAMD21G18A_1\arduino_zero_native\Debug\UTFT_Buttons_Rus.cpp.o
                0x00002b82                UTFT_Buttons_Rus::setTextFont(unsigned char*)
 .text._ZN16UTFT_Buttons_Rus15setButtonColorsEttttt
                0x00002b8a       0x2a C:\Users\Alex\AppData\Local\Temp\VMBuilds\MyUROV_SAMD21G18A_1\arduino_zero_native\Debug\UTFT_Buttons_Rus.cpp.o
                0x00002b8a                UTFT_Buttons_Rus::setButtonColors(unsigned short, unsigned short, unsigned short, unsigned short, unsigned short)
 .text._ZN17AbstractTFTScreenD2Ev
                0x00002bb4       0x18 C:\Users\Alex\AppData\Local\Temp\VMBuilds\MyUROV_SAMD21G18A_1\arduino_zero_native\Debug\UTFTMenu.cpp.o
                0x00002bb4                AbstractTFTScreen::~AbstractTFTScreen()
                0x00002bb4                AbstractTFTScreen::~AbstractTFTScreen()
 .text._ZN17AbstractTFTScreenD0Ev
                0x00002bcc       0x12 C:\Users\Alex\AppData\Local\Temp\VMBuilds\MyUROV_SAMD21G18A_1\arduino_zero_native\Debug\UTFTMenu.cpp.o
                0x00002bcc                AbstractTFTScreen::~AbstractTFTScreen()
 .text._ZN7TFTMenuD2Ev
                0x00002bde        0xe C:\Users\Alex\AppData\Local\Temp\VMBuilds\MyUROV_SAMD21G18A_1\arduino_zero_native\Debug\UTFTMenu.cpp.o
                0x00002bde                TFTMenu::~TFTMenu()
                0x00002bde                TFTMenu::~TFTMenu()
 .text._ZN17AbstractTFTScreenC2EPKc
                0x00002bec       0x10 C:\Users\Alex\AppData\Local\Temp\VMBuilds\MyUROV_SAMD21G18A_1\arduino_zero_native\Debug\UTFTMenu.cpp.o
                0x00002bec                AbstractTFTScreen::AbstractTFTScreen(char const*)
                0x00002bec                AbstractTFTScreen::AbstractTFTScreen(char const*)
 .text._ZN17AbstractTFTScreen5setupEP7TFTMenu
                0x00002bfc       0x60 C:\Users\Alex\AppData\Local\Temp\VMBuilds\MyUROV_SAMD21G18A_1\arduino_zero_native\Debug\UTFTMenu.cpp.o
                0x00002bfc                AbstractTFTScreen::setup(TFTMenu*)
 .text._ZN17AbstractTFTScreen6updateEP7TFTMenu
                0x00002c5c       0x2a C:\Users\Alex\AppData\Local\Temp\VMBuilds\MyUROV_SAMD21G18A_1\arduino_zero_native\Debug\UTFTMenu.cpp.o
                0x00002c5c                AbstractTFTScreen::update(TFTMenu*)
 .text._ZN17AbstractTFTScreen4drawEP7TFTMenu
                0x00002c86       0x14 C:\Users\Alex\AppData\Local\Temp\VMBuilds\MyUROV_SAMD21G18A_1\arduino_zero_native\Debug\UTFTMenu.cpp.o
                0x00002c86                AbstractTFTScreen::draw(TFTMenu*)
 .text._ZN7TFTMenuC2Ev
                0x00002c9a       0x1c C:\Users\Alex\AppData\Local\Temp\VMBuilds\MyUROV_SAMD21G18A_1\arduino_zero_native\Debug\UTFTMenu.cpp.o
                0x00002c9a                TFTMenu::TFTMenu()
                0x00002c9a                TFTMenu::TFTMenu()
 .text._ZN7TFTMenu9addScreenEP17AbstractTFTScreen
                0x00002cb6       0x46 C:\Users\Alex\AppData\Local\Temp\VMBuilds\MyUROV_SAMD21G18A_1\arduino_zero_native\Debug\UTFTMenu.cpp.o
                0x00002cb6                TFTMenu::addScreen(AbstractTFTScreen*)
 .text._ZN7TFTMenu5setupEv
                0x00002cfc       0x84 C:\Users\Alex\AppData\Local\Temp\VMBuilds\MyUROV_SAMD21G18A_1\arduino_zero_native\Debug\UTFTMenu.cpp.o
                0x00002cfc                TFTMenu::setup()
 .text._ZN7TFTMenu5printEPKciiib
                0x00002d80       0x14 C:\Users\Alex\AppData\Local\Temp\VMBuilds\MyUROV_SAMD21G18A_1\arduino_zero_native\Debug\UTFTMenu.cpp.o
                0x00002d80                TFTMenu::print(char const*, int, int, int, bool)
 .text._ZN7TFTMenu14switchToScreenEP17AbstractTFTScreen
                0x00002d94       0x64 C:\Users\Alex\AppData\Local\Temp\VMBuilds\MyUROV_SAMD21G18A_1\arduino_zero_native\Debug\UTFTMenu.cpp.o
                0x00002d94                TFTMenu::switchToScreen(AbstractTFTScreen*)
 .text._ZN7TFTMenu14switchToScreenEj
                0x00002df8       0x14 C:\Users\Alex\AppData\Local\Temp\VMBuilds\MyUROV_SAMD21G18A_1\arduino_zero_native\Debug\UTFTMenu.cpp.o
                0x00002df8                TFTMenu::switchToScreen(unsigned int)
 .text._ZN7TFTMenu6updateEv
                0x00002e0c       0x2a C:\Users\Alex\AppData\Local\Temp\VMBuilds\MyUROV_SAMD21G18A_1\arduino_zero_native\Debug\UTFTMenu.cpp.o
                0x00002e0c                TFTMenu::update()
 .text._ZN7TFTMenu14switchToScreenEPKc
                0x00002e36       0x34 C:\Users\Alex\AppData\Local\Temp\VMBuilds\MyUROV_SAMD21G18A_1\arduino_zero_native\Debug\UTFTMenu.cpp.o
                0x00002e36                TFTMenu::switchToScreen(char const*)
 *fill*         0x00002e6a        0x2 
 .text.startup._GLOBAL__sub_I_tftMenuManager
                0x00002e6c       0x24 C:\Users\Alex\AppData\Local\Temp\VMBuilds\MyUROV_SAMD21G18A_1\arduino_zero_native\Debug\UTFTMenu.cpp.o
 .text._ZN7UTFTRusC2Ev
                0x00002e90        0x2 C:\Users\Alex\AppData\Local\Temp\VMBuilds\MyUROV_SAMD21G18A_1\arduino_zero_native\Debug\UTFTRus.cpp.o
                0x00002e90                UTFTRus::UTFTRus()
                0x00002e90                UTFTRus::UTFTRus()
 .text._ZN7UTFTRus4initEP4UTFT
                0x00002e92        0x4 C:\Users\Alex\AppData\Local\Temp\VMBuilds\MyUROV_SAMD21G18A_1\arduino_zero_native\Debug\UTFTRus.cpp.o
                0x00002e92                UTFTRus::init(UTFT*)
 *fill*         0x00002e96        0x2 
 .text._ZN7UTFTRus5printEPKciiib
                0x00002e98      0x114 C:\Users\Alex\AppData\Local\Temp\VMBuilds\MyUROV_SAMD21G18A_1\arduino_zero_native\Debug\UTFTRus.cpp.o
                0x00002e98                UTFTRus::print(char const*, int, int, int, bool)
 .text._ZN8SPIClass4initEv
                0x00002fac       0x12 C:\Users\Alex\AppData\Local\Temp\VMBuilds\MyUROV_SAMD21G18A_1\arduino_zero_native\Debug\SPI\SPI.cpp.o
                0x00002fac                SPIClass::init()
 .text._ZN8SPIClass6configE11SPISettings
                0x00002fbe       0x36 C:\Users\Alex\AppData\Local\Temp\VMBuilds\MyUROV_SAMD21G18A_1\arduino_zero_native\Debug\SPI\SPI.cpp.o
                0x00002fbe                SPIClass::config(SPISettings)
 .text._ZN8SPIClass5beginEv
                0x00002ff4       0x50 C:\Users\Alex\AppData\Local\Temp\VMBuilds\MyUROV_SAMD21G18A_1\arduino_zero_native\Debug\SPI\SPI.cpp.o
                0x00002ff4                SPIClass::begin()
 .text._ZN8SPIClass11setBitOrderE8BitOrder
                0x00003044       0x14 C:\Users\Alex\AppData\Local\Temp\VMBuilds\MyUROV_SAMD21G18A_1\arduino_zero_native\Debug\SPI\SPI.cpp.o
                0x00003044                SPIClass::setBitOrder(BitOrder)
 .text._ZN8SPIClass11setDataModeEh
                0x00003058       0x30 C:\Users\Alex\AppData\Local\Temp\VMBuilds\MyUROV_SAMD21G18A_1\arduino_zero_native\Debug\SPI\SPI.cpp.o
                0x00003058                SPIClass::setDataMode(unsigned char)
 .text._ZN8SPIClass15setClockDividerEh
                0x00003088       0x10 C:\Users\Alex\AppData\Local\Temp\VMBuilds\MyUROV_SAMD21G18A_1\arduino_zero_native\Debug\SPI\SPI.cpp.o
                0x00003088                SPIClass::setClockDivider(unsigned char)
 .text._ZN8SPIClass8transferEh
                0x00003098        0xa C:\Users\Alex\AppData\Local\Temp\VMBuilds\MyUROV_SAMD21G18A_1\arduino_zero_native\Debug\SPI\SPI.cpp.o
                0x00003098                SPIClass::transfer(unsigned char)
 *fill*         0x000030a2        0x2 
 .text.startup._GLOBAL__sub_I__ZN8SPIClassC2EP6SERCOMhhh14SercomSpiTXPad11SercomRXPad
                0x000030a4       0x38 C:\Users\Alex\AppData\Local\Temp\VMBuilds\MyUROV_SAMD21G18A_1\arduino_zero_native\Debug\SPI\SPI.cpp.o
 .text._ZN7URTouch15touch_WriteDataEh
                0x000030dc       0x48 C:\Users\Alex\AppData\Local\Temp\VMBuilds\MyUROV_SAMD21G18A_1\arduino_zero_native\Debug\URTouch\URTouch.cpp.o
                0x000030dc                URTouch::touch_WriteData(unsigned char)
 .text._ZN7URTouch14touch_ReadDataEv
                0x00003124       0x3e C:\Users\Alex\AppData\Local\Temp\VMBuilds\MyUROV_SAMD21G18A_1\arduino_zero_native\Debug\URTouch\URTouch.cpp.o
                0x00003124                URTouch::touch_ReadData()
 .text._ZN7URTouchC2Ehhhhh
                0x00003162       0x26 C:\Users\Alex\AppData\Local\Temp\VMBuilds\MyUROV_SAMD21G18A_1\arduino_zero_native\Debug\URTouch\URTouch.cpp.o
                0x00003162                URTouch::URTouch(unsigned char, unsigned char, unsigned char, unsigned char, unsigned char)
                0x00003162                URTouch::URTouch(unsigned char, unsigned char, unsigned char, unsigned char, unsigned char)
 .text._ZN7URTouch9InitTouchEh
                0x00003188      0x148 C:\Users\Alex\AppData\Local\Temp\VMBuilds\MyUROV_SAMD21G18A_1\arduino_zero_native\Debug\URTouch\URTouch.cpp.o
                0x00003188                URTouch::InitTouch(unsigned char)
 .text._ZN7URTouch4readEv
                0x000032d0      0x164 C:\Users\Alex\AppData\Local\Temp\VMBuilds\MyUROV_SAMD21G18A_1\arduino_zero_native\Debug\URTouch\URTouch.cpp.o
                0x000032d0                URTouch::read()
 .text._ZN7URTouch13dataAvailableEv
                0x00003434       0x2a C:\Users\Alex\AppData\Local\Temp\VMBuilds\MyUROV_SAMD21G18A_1\arduino_zero_native\Debug\URTouch\URTouch.cpp.o
                0x00003434                URTouch::dataAvailable()
 .text._ZN7URTouch4getXEv
                0x0000345e       0x66 C:\Users\Alex\AppData\Local\Temp\VMBuilds\MyUROV_SAMD21G18A_1\arduino_zero_native\Debug\URTouch\URTouch.cpp.o
                0x0000345e                URTouch::getX()
 .text._ZN7URTouch4getYEv
                0x000034c4       0x66 C:\Users\Alex\AppData\Local\Temp\VMBuilds\MyUROV_SAMD21G18A_1\arduino_zero_native\Debug\URTouch\URTouch.cpp.o
                0x000034c4                URTouch::getY()
 .text._ZN7URTouch12setPrecisionEh
                0x0000352a       0x28 C:\Users\Alex\AppData\Local\Temp\VMBuilds\MyUROV_SAMD21G18A_1\arduino_zero_native\Debug\URTouch\URTouch.cpp.o
                0x0000352a                URTouch::setPrecision(unsigned char)
 *fill*         0x00003552        0x2 
 .text.DMAC_Handler
                0x00003554       0x34 C:\Users\Alex\AppData\Local\Temp\VMBuilds\MyUROV_SAMD21G18A_1\arduino_zero_native\Debug\UTFT\UTFT.cpp.o
                0x00003554                DMAC_Handler
 .text._Z8dma_initv
                0x00003588       0x40 C:\Users\Alex\AppData\Local\Temp\VMBuilds\MyUROV_SAMD21G18A_1\arduino_zero_native\Debug\UTFT\UTFT.cpp.o
                0x00003588                dma_init()
 .text._Z7spi_xfrPvS_j
                0x000035c8      0x114 C:\Users\Alex\AppData\Local\Temp\VMBuilds\MyUROV_SAMD21G18A_1\arduino_zero_native\Debug\UTFT\UTFT.cpp.o
                0x000035c8                spi_xfr(void*, void*, unsigned int)
 .text._ZN4UTFTC2Ev
                0x000036dc       0x14 C:\Users\Alex\AppData\Local\Temp\VMBuilds\MyUROV_SAMD21G18A_1\arduino_zero_native\Debug\UTFT\UTFT.cpp.o
                0x000036dc                UTFT::UTFT()
                0x000036dc                UTFT::UTFT()
 .text._ZN4UTFT11setRotationEh
                0x000036f0       0xa8 C:\Users\Alex\AppData\Local\Temp\VMBuilds\MyUROV_SAMD21G18A_1\arduino_zero_native\Debug\UTFT\UTFT.cpp.o
                0x000036f0                UTFT::setRotation(unsigned char)
 .text._ZN4UTFT7InitLCDEh
                0x00003798      0x1a4 C:\Users\Alex\AppData\Local\Temp\VMBuilds\MyUROV_SAMD21G18A_1\arduino_zero_native\Debug\UTFT\UTFT.cpp.o
                0x00003798                UTFT::InitLCD(unsigned char)
 .text._ZN4UTFT5setXYEiiii
                0x0000393c       0x9c C:\Users\Alex\AppData\Local\Temp\VMBuilds\MyUROV_SAMD21G18A_1\arduino_zero_native\Debug\UTFT\UTFT.cpp.o
                0x0000393c                UTFT::setXY(int, int, int, int)
 .text._ZN4UTFT8drawRectEiiiit
                0x000039d8      0x28c C:\Users\Alex\AppData\Local\Temp\VMBuilds\MyUROV_SAMD21G18A_1\arduino_zero_native\Debug\UTFT\UTFT.cpp.o
                0x000039d8                UTFT::drawRect(int, int, int, int, unsigned short)
 .text._ZN4UTFT8setColorEt
                0x00003c64       0x10 C:\Users\Alex\AppData\Local\Temp\VMBuilds\MyUROV_SAMD21G18A_1\arduino_zero_native\Debug\UTFT\UTFT.cpp.o
                0x00003c64                UTFT::setColor(unsigned short)
 .text._ZN4UTFT12setBackColorEhhh
                0x00003c74       0x2c C:\Users\Alex\AppData\Local\Temp\VMBuilds\MyUROV_SAMD21G18A_1\arduino_zero_native\Debug\UTFT\UTFT.cpp.o
                0x00003c74                UTFT::setBackColor(unsigned char, unsigned char, unsigned char)
 .text._ZN4UTFT12setBackColorEm
                0x00003ca0       0x10 C:\Users\Alex\AppData\Local\Temp\VMBuilds\MyUROV_SAMD21G18A_1\arduino_zero_native\Debug\UTFT\UTFT.cpp.o
                0x00003ca0                UTFT::setBackColor(unsigned long)
 .text._ZN4UTFT8getColorEv
                0x00003cb0        0xc C:\Users\Alex\AppData\Local\Temp\VMBuilds\MyUROV_SAMD21G18A_1\arduino_zero_native\Debug\UTFT\UTFT.cpp.o
                0x00003cb0                UTFT::getColor()
 .text._ZN4UTFT12getBackColorEv
                0x00003cbc        0xc C:\Users\Alex\AppData\Local\Temp\VMBuilds\MyUROV_SAMD21G18A_1\arduino_zero_native\Debug\UTFT\UTFT.cpp.o
                0x00003cbc                UTFT::getBackColor()
 .text._ZN4UTFT7fillScrEt
                0x00003cc8       0xb0 C:\Users\Alex\AppData\Local\Temp\VMBuilds\MyUROV_SAMD21G18A_1\arduino_zero_native\Debug\UTFT\UTFT.cpp.o
                0x00003cc8                UTFT::fillScr(unsigned short)
 .text._ZN4UTFT7fillScrEhhh
                0x00003d78       0x1c C:\Users\Alex\AppData\Local\Temp\VMBuilds\MyUROV_SAMD21G18A_1\arduino_zero_native\Debug\UTFT\UTFT.cpp.o
                0x00003d78                UTFT::fillScr(unsigned char, unsigned char, unsigned char)
 .text._ZN4UTFT8fillRectEiiiitb
                0x00003d94      0x154 C:\Users\Alex\AppData\Local\Temp\VMBuilds\MyUROV_SAMD21G18A_1\arduino_zero_native\Debug\UTFT\UTFT.cpp.o
                0x00003d94                UTFT::fillRect(int, int, int, int, unsigned short, bool)
 .text._ZN4UTFT13drawRoundRectEiiiit
                0x00003ee8      0x420 C:\Users\Alex\AppData\Local\Temp\VMBuilds\MyUROV_SAMD21G18A_1\arduino_zero_native\Debug\UTFT\UTFT.cpp.o
                0x00003ee8                UTFT::drawRoundRect(int, int, int, int, unsigned short)
 .text._ZN4UTFT13fillRoundRectEiiiit
                0x00004308      0x38c C:\Users\Alex\AppData\Local\Temp\VMBuilds\MyUROV_SAMD21G18A_1\arduino_zero_native\Debug\UTFT\UTFT.cpp.o
                0x00004308                UTFT::fillRoundRect(int, int, int, int, unsigned short)
 .text._ZN4UTFT7setFontEPh
                0x00004694       0x14 C:\Users\Alex\AppData\Local\Temp\VMBuilds\MyUROV_SAMD21G18A_1\arduino_zero_native\Debug\UTFT\UTFT.cpp.o
                0x00004694                UTFT::setFont(unsigned char*)
 .text._ZN4UTFT7getFontEv
                0x000046a8        0x4 C:\Users\Alex\AppData\Local\Temp\VMBuilds\MyUROV_SAMD21G18A_1\arduino_zero_native\Debug\UTFT\UTFT.cpp.o
                0x000046a8                UTFT::getFont()
 .text._ZN4UTFT12getFontXsizeEv
                0x000046ac        0x4 C:\Users\Alex\AppData\Local\Temp\VMBuilds\MyUROV_SAMD21G18A_1\arduino_zero_native\Debug\UTFT\UTFT.cpp.o
                0x000046ac                UTFT::getFontXsize()
 .text._ZN4UTFT12getFontYsizeEv
                0x000046b0        0x4 C:\Users\Alex\AppData\Local\Temp\VMBuilds\MyUROV_SAMD21G18A_1\arduino_zero_native\Debug\UTFT\UTFT.cpp.o
                0x000046b0                UTFT::getFontYsize()
 .text._ZN4UTFT9printCharEhii
                0x000046b4      0x214 C:\Users\Alex\AppData\Local\Temp\VMBuilds\MyUROV_SAMD21G18A_1\arduino_zero_native\Debug\UTFT\UTFT.cpp.o
                0x000046b4                UTFT::printChar(unsigned char, int, int)
 .text._ZN4UTFT5printE6Stringiii
                0x000048c8       0x3c C:\Users\Alex\AppData\Local\Temp\VMBuilds\MyUROV_SAMD21G18A_1\arduino_zero_native\Debug\UTFT\UTFT.cpp.o
                0x000048c8                UTFT::print(String, int, int, int)
 .text._ZN4UTFT10getCharPtrEhR8propFont
                0x00004904       0x58 C:\Users\Alex\AppData\Local\Temp\VMBuilds\MyUROV_SAMD21G18A_1\arduino_zero_native\Debug\UTFT\UTFT.cpp.o
                0x00004904                UTFT::getCharPtr(unsigned char, propFont&)
 .text._ZN4UTFT21printProportionalCharEhii
                0x0000495c      0x230 C:\Users\Alex\AppData\Local\Temp\VMBuilds\MyUROV_SAMD21G18A_1\arduino_zero_native\Debug\UTFT\UTFT.cpp.o
                0x0000495c                UTFT::printProportionalChar(unsigned char, int, int)
 *fill*         0x00004b8c        0x4 
 .text._ZN4UTFT14rotatePropCharEhiiii
                0x00004b90      0x1f0 C:\Users\Alex\AppData\Local\Temp\VMBuilds\MyUROV_SAMD21G18A_1\arduino_zero_native\Debug\UTFT\UTFT.cpp.o
                0x00004b90                UTFT::rotatePropChar(unsigned char, int, int, int, int)
 .text._ZN4UTFT10rotateCharEhiiii
                0x00004d80      0x1f8 C:\Users\Alex\AppData\Local\Temp\VMBuilds\MyUROV_SAMD21G18A_1\arduino_zero_native\Debug\UTFT\UTFT.cpp.o
                0x00004d80                UTFT::rotateChar(unsigned char, int, int, int, int)
 .text._ZN4UTFT5printEPciii
                0x00004f78       0xb4 C:\Users\Alex\AppData\Local\Temp\VMBuilds\MyUROV_SAMD21G18A_1\arduino_zero_native\Debug\UTFT\UTFT.cpp.o
                0x00004f78                UTFT::print(char*, int, int, int)
 .text.startup._GLOBAL__sub_I_wrb
                0x0000502c       0xb0 C:\Users\Alex\AppData\Local\Temp\VMBuilds\MyUROV_SAMD21G18A_1\arduino_zero_native\Debug\UTFT\UTFT.cpp.o
 .text._ZN5Print17availableForWriteEv
                0x000050dc        0x4 C:\Users\Alex\AppData\Local\Temp\VMBuilds\MyUROV_SAMD21G18A_1\arduino_zero_native\Debug\Wire\Wire.cpp.o
                0x000050dc                Print::availableForWrite()
 .text._ZN7TwoWire5writeEPKhj
                0x000050e0       0x24 C:\Users\Alex\AppData\Local\Temp\VMBuilds\MyUROV_SAMD21G18A_1\arduino_zero_native\Debug\Wire\Wire.cpp.o
                0x000050e0                TwoWire::write(unsigned char const*, unsigned int)
 .text._ZN7TwoWire5flushEv
                0x00005104        0x2 C:\Users\Alex\AppData\Local\Temp\VMBuilds\MyUROV_SAMD21G18A_1\arduino_zero_native\Debug\Wire\Wire.cpp.o
                0x00005104                TwoWire::flush()
 .text._ZN7TwoWire4readEv
                0x00005106        0xa C:\Users\Alex\AppData\Local\Temp\VMBuilds\MyUROV_SAMD21G18A_1\arduino_zero_native\Debug\Wire\Wire.cpp.o
                0x00005106                TwoWire::read()
 .text._ZN7TwoWire9availableEv
                0x00005110        0xa C:\Users\Alex\AppData\Local\Temp\VMBuilds\MyUROV_SAMD21G18A_1\arduino_zero_native\Debug\Wire\Wire.cpp.o
                0x00005110                TwoWire::available()
 .text._ZN7TwoWire5writeEh
                0x0000511a       0x28 C:\Users\Alex\AppData\Local\Temp\VMBuilds\MyUROV_SAMD21G18A_1\arduino_zero_native\Debug\Wire\Wire.cpp.o
                0x0000511a                TwoWire::write(unsigned char)
 .text._ZN7TwoWire4peekEv
                0x00005142        0xa C:\Users\Alex\AppData\Local\Temp\VMBuilds\MyUROV_SAMD21G18A_1\arduino_zero_native\Debug\Wire\Wire.cpp.o
                0x00005142                TwoWire::peek()
 .text._ZN7TwoWireC2EP6SERCOMhh
                0x0000514c       0x3c C:\Users\Alex\AppData\Local\Temp\VMBuilds\MyUROV_SAMD21G18A_1\arduino_zero_native\Debug\Wire\Wire.cpp.o
                0x0000514c                TwoWire::TwoWire(SERCOM*, unsigned char, unsigned char)
                0x0000514c                TwoWire::TwoWire(SERCOM*, unsigned char, unsigned char)
 .text._ZN7TwoWire5beginEv
                0x00005188       0x40 C:\Users\Alex\AppData\Local\Temp\VMBuilds\MyUROV_SAMD21G18A_1\arduino_zero_native\Debug\Wire\Wire.cpp.o
                0x00005188                TwoWire::begin()
 .text._ZN7TwoWire11requestFromEhjb
                0x000051c8       0x76 C:\Users\Alex\AppData\Local\Temp\VMBuilds\MyUROV_SAMD21G18A_1\arduino_zero_native\Debug\Wire\Wire.cpp.o
                0x000051c8                TwoWire::requestFrom(unsigned char, unsigned int, bool)
 .text._ZN7TwoWire11requestFromEhj
                0x0000523e        0xa C:\Users\Alex\AppData\Local\Temp\VMBuilds\MyUROV_SAMD21G18A_1\arduino_zero_native\Debug\Wire\Wire.cpp.o
                0x0000523e                TwoWire::requestFrom(unsigned char, unsigned int)
 .text._ZN7TwoWire17beginTransmissionEh
                0x00005248       0x16 C:\Users\Alex\AppData\Local\Temp\VMBuilds\MyUROV_SAMD21G18A_1\arduino_zero_native\Debug\Wire\Wire.cpp.o
                0x00005248                TwoWire::beginTransmission(unsigned char)
 .text._ZN7TwoWire15endTransmissionEb
                0x0000525e       0x66 C:\Users\Alex\AppData\Local\Temp\VMBuilds\MyUROV_SAMD21G18A_1\arduino_zero_native\Debug\Wire\Wire.cpp.o
                0x0000525e                TwoWire::endTransmission(bool)
 .text._ZN7TwoWire15endTransmissionEv
                0x000052c4        0xa C:\Users\Alex\AppData\Local\Temp\VMBuilds\MyUROV_SAMD21G18A_1\arduino_zero_native\Debug\Wire\Wire.cpp.o
                0x000052c4                TwoWire::endTransmission()
 .text._ZN7TwoWire9onServiceEv
                0x000052ce      0x104 C:\Users\Alex\AppData\Local\Temp\VMBuilds\MyUROV_SAMD21G18A_1\arduino_zero_native\Debug\Wire\Wire.cpp.o
                0x000052ce                TwoWire::onService()
 *fill*         0x000053d2        0x2 
 .text.SERCOM3_Handler
                0x000053d4       0x10 C:\Users\Alex\AppData\Local\Temp\VMBuilds\MyUROV_SAMD21G18A_1\arduino_zero_native\Debug\Wire\Wire.cpp.o
                0x000053d4                SERCOM3_Handler
 .text.startup._GLOBAL__sub_I__ZN7TwoWireC2EP6SERCOMhh
                0x000053e4       0x18 C:\Users\Alex\AppData\Local\Temp\VMBuilds\MyUROV_SAMD21G18A_1\arduino_zero_native\Debug\Wire\Wire.cpp.o
 .text.SERCOM0_Handler
                0x000053fc       0x10 C:\Users\Alex\AppData\Local\Temp\VMBuilds\MyUROV_SAMD21G18A_1\arduino_zero_native\Debug\variant\variant.cpp.o
                0x000053fc                SERCOM0_Handler
 .text.SERCOM5_Handler
                0x0000540c       0x10 C:\Users\Alex\AppData\Local\Temp\VMBuilds\MyUROV_SAMD21G18A_1\arduino_zero_native\Debug\variant\variant.cpp.o
                0x0000540c                SERCOM5_Handler
 .text.startup._GLOBAL__sub_I_g_APinDescription
                0x0000541c       0x94 C:\Users\Alex\AppData\Local\Temp\VMBuilds\MyUROV_SAMD21G18A_1\arduino_zero_native\Debug\variant\variant.cpp.o
 .text.cos      0x000054b0       0xa8 c:/users/alex/appdata/local/arduino15/packages/arduino/tools/arm-none-eabi-gcc/4.8.3-2014q1/bin/../lib/gcc/arm-none-eabi/4.8.3/../../../../arm-none-eabi/lib/armv6-m\libm.a(lib_a-s_cos.o)
                0x000054b0                cos
 .text.sin      0x00005558       0xb0 c:/users/alex/appdata/local/arduino15/packages/arduino/tools/arm-none-eabi-gcc/4.8.3-2014q1/bin/../lib/gcc/arm-none-eabi/4.8.3/../../../../arm-none-eabi/lib/armv6-m\libm.a(lib_a-s_sin.o)
                0x00005558                sin
 .text.__ieee754_rem_pio2
                0x00005608      0x478 c:/users/alex/appdata/local/arduino15/packages/arduino/tools/arm-none-eabi-gcc/4.8.3-2014q1/bin/../lib/gcc/arm-none-eabi/4.8.3/../../../../arm-none-eabi/lib/armv6-m\libm.a(lib_a-e_rem_pio2.o)
                0x00005608                __ieee754_rem_pio2
 .text.__kernel_cos
                0x00005a80      0x248 c:/users/alex/appdata/local/arduino15/packages/arduino/tools/arm-none-eabi-gcc/4.8.3-2014q1/bin/../lib/gcc/arm-none-eabi/4.8.3/../../../../arm-none-eabi/lib/armv6-m\libm.a(lib_a-k_cos.o)
                0x00005a80                __kernel_cos
 .text.__kernel_rem_pio2
                0x00005cc8      0x830 c:/users/alex/appdata/local/arduino15/packages/arduino/tools/arm-none-eabi-gcc/4.8.3-2014q1/bin/../lib/gcc/arm-none-eabi/4.8.3/../../../../arm-none-eabi/lib/armv6-m\libm.a(lib_a-k_rem_pio2.o)
                0x00005cc8                __kernel_rem_pio2
 .text.__kernel_sin
                0x000064f8      0x158 c:/users/alex/appdata/local/arduino15/packages/arduino/tools/arm-none-eabi-gcc/4.8.3-2014q1/bin/../lib/gcc/arm-none-eabi/4.8.3/../../../../arm-none-eabi/lib/armv6-m\libm.a(lib_a-k_sin.o)
                0x000064f8                __kernel_sin
 .text.fabs     0x00006650        0x8 c:/users/alex/appdata/local/arduino15/packages/arduino/tools/arm-none-eabi-gcc/4.8.3-2014q1/bin/../lib/gcc/arm-none-eabi/4.8.3/../../../../arm-none-eabi/lib/armv6-m\libm.a(lib_a-s_fabs.o)
                0x00006650                fabs
 .text.floor    0x00006658      0x170 c:/users/alex/appdata/local/arduino15/packages/arduino/tools/arm-none-eabi-gcc/4.8.3-2014q1/bin/../lib/gcc/arm-none-eabi/4.8.3/../../../../arm-none-eabi/lib/armv6-m\libm.a(lib_a-s_floor.o)
                0x00006658                floor
 .text.scalbn   0x000067c8      0x110 c:/users/alex/appdata/local/arduino15/packages/arduino/tools/arm-none-eabi-gcc/4.8.3-2014q1/bin/../lib/gcc/arm-none-eabi/4.8.3/../../../../arm-none-eabi/lib/armv6-m\libm.a(lib_a-s_scalbn.o)
                0x000067c8                scalbn
 .text.copysign
                0x000068d8       0x10 c:/users/alex/appdata/local/arduino15/packages/arduino/tools/arm-none-eabi-gcc/4.8.3-2014q1/bin/../lib/gcc/arm-none-eabi/4.8.3/../../../../arm-none-eabi/lib/armv6-m\libm.a(lib_a-s_copysign.o)
                0x000068d8                copysign
 .text.Dummy_Handler
                0x000068e8        0x2 C:\Users\Alex\AppData\Local\Temp\VMBuilds\MyUROV_SAMD21G18A_1\arduino_zero_native\Debug/core.a(cortex_handlers.c.o)
                0x000068e8                HardFault_Handler
                0x000068e8                AC_Handler
                0x000068e8                PendSV_Handler
                0x000068e8                NMI_Handler
                0x000068e8                TC7_Handler
                0x000068e8                SERCOM1_Handler
                0x000068e8                ADC_Handler
                0x000068e8                TCC1_Handler
                0x000068e8                SERCOM2_Handler
                0x000068e8                TCC0_Handler
                0x000068e8                RTC_Handler
                0x000068e8                EIC_Handler
                0x000068e8                TC6_Handler
                0x000068e8                WDT_Handler
                0x000068e8                TC4_Handler
                0x000068e8                TC3_Handler
                0x000068e8                Dummy_Handler
                0x000068e8                PM_Handler
                0x000068e8                SVC_Handler
                0x000068e8                TCC2_Handler
                0x000068e8                EVSYS_Handler
                0x000068e8                SERCOM4_Handler
                0x000068e8                I2S_Handler
                0x000068e8                NVMCTRL_Handler
                0x000068e8                DAC_Handler
                0x000068e8                PTC_Handler
                0x000068e8                SYSCTRL_Handler
 *fill*         0x000068ea        0x2 
 .text.USB_Handler
                0x000068ec       0x14 C:\Users\Alex\AppData\Local\Temp\VMBuilds\MyUROV_SAMD21G18A_1\arduino_zero_native\Debug/core.a(cortex_handlers.c.o)
                0x000068ec                USB_Handler
 .text.Reset_Handler
                0x00006900       0x54 C:\Users\Alex\AppData\Local\Temp\VMBuilds\MyUROV_SAMD21G18A_1\arduino_zero_native\Debug/core.a(cortex_handlers.c.o)
                0x00006900                Reset_Handler
 .text.SysTick_Handler
                0x00006954       0x10 C:\Users\Alex\AppData\Local\Temp\VMBuilds\MyUROV_SAMD21G18A_1\arduino_zero_native\Debug/core.a(cortex_handlers.c.o)
                0x00006954                SysTick_Handler
 .text.USB_SetHandler
                0x00006964        0xc C:\Users\Alex\AppData\Local\Temp\VMBuilds\MyUROV_SAMD21G18A_1\arduino_zero_native\Debug/core.a(cortex_handlers.c.o)
                0x00006964                USB_SetHandler
 .text.delay    0x00006970       0x20 C:\Users\Alex\AppData\Local\Temp\VMBuilds\MyUROV_SAMD21G18A_1\arduino_zero_native\Debug/core.a(delay.c.o)
                0x00006970                delay
 .text.SysTick_DefaultHandler
                0x00006990       0x14 C:\Users\Alex\AppData\Local\Temp\VMBuilds\MyUROV_SAMD21G18A_1\arduino_zero_native\Debug/core.a(delay.c.o)
                0x00006990                SysTick_DefaultHandler
 .text.__empty  0x000069a4        0x2 C:\Users\Alex\AppData\Local\Temp\VMBuilds\MyUROV_SAMD21G18A_1\arduino_zero_native\Debug/core.a(hooks.c.o)
                0x000069a4                yield
 .text.__false  0x000069a6        0x4 C:\Users\Alex\AppData\Local\Temp\VMBuilds\MyUROV_SAMD21G18A_1\arduino_zero_native\Debug/core.a(hooks.c.o)
                0x000069a6                sysTickHook
 *fill*         0x000069aa        0x2 
 .text.SystemInit
                0x000069ac      0x168 C:\Users\Alex\AppData\Local\Temp\VMBuilds\MyUROV_SAMD21G18A_1\arduino_zero_native\Debug/core.a(startup.c.o)
                0x000069ac                SystemInit
 .text.init     0x00006b14       0xf0 C:\Users\Alex\AppData\Local\Temp\VMBuilds\MyUROV_SAMD21G18A_1\arduino_zero_native\Debug/core.a(wiring.c.o)
                0x00006b14                init
 .text.analogReference
                0x00006c04       0x5c C:\Users\Alex\AppData\Local\Temp\VMBuilds\MyUROV_SAMD21G18A_1\arduino_zero_native\Debug/core.a(wiring_analog.c.o)
                0x00006c04                analogReference
 .text.pinMode  0x00006c60       0xb4 C:\Users\Alex\AppData\Local\Temp\VMBuilds\MyUROV_SAMD21G18A_1\arduino_zero_native\Debug/core.a(wiring_digital.c.o)
                0x00006c60                pinMode
 .text.digitalWrite
                0x00006d14       0x60 C:\Users\Alex\AppData\Local\Temp\VMBuilds\MyUROV_SAMD21G18A_1\arduino_zero_native\Debug/core.a(wiring_digital.c.o)
                0x00006d14                digitalWrite
 .text.digitalRead
                0x00006d74       0x30 C:\Users\Alex\AppData\Local\Temp\VMBuilds\MyUROV_SAMD21G18A_1\arduino_zero_native\Debug/core.a(wiring_digital.c.o)
                0x00006d74                digitalRead
 .text.pinPeripheral
                0x00006da4       0xc4 C:\Users\Alex\AppData\Local\Temp\VMBuilds\MyUROV_SAMD21G18A_1\arduino_zero_native\Debug/core.a(wiring_private.c.o)
                0x00006da4                pinPeripheral
 .text.__cxa_pure_virtual
                0x00006e68        0x2 C:\Users\Alex\AppData\Local\Temp\VMBuilds\MyUROV_SAMD21G18A_1\arduino_zero_native\Debug/core.a(abi.cpp.o)
                0x00006e68                __cxa_pure_virtual
 .text._Z11initVariantv
                0x00006e6a        0x2 C:\Users\Alex\AppData\Local\Temp\VMBuilds\MyUROV_SAMD21G18A_1\arduino_zero_native\Debug/core.a(main.cpp.o)
                0x00006e6a                initVariant()
 .text.startup.main
                0x00006e6c       0x40 C:\Users\Alex\AppData\Local\Temp\VMBuilds\MyUROV_SAMD21G18A_1\arduino_zero_native\Debug/core.a(main.cpp.o)
                0x00006e6c                main
 .text._Znwj    0x00006eac        0x8 C:\Users\Alex\AppData\Local\Temp\VMBuilds\MyUROV_SAMD21G18A_1\arduino_zero_native\Debug/core.a(new.cpp.o)
                0x00006eac                operator new(unsigned int)
 .text._ZdlPv   0x00006eb4        0x8 C:\Users\Alex\AppData\Local\Temp\VMBuilds\MyUROV_SAMD21G18A_1\arduino_zero_native\Debug/core.a(new.cpp.o)
                0x00006eb4                operator delete(void*)
 .text._ZN5Print5writeEPKhj
                0x00006ebc       0x28 C:\Users\Alex\AppData\Local\Temp\VMBuilds\MyUROV_SAMD21G18A_1\arduino_zero_native\Debug/core.a(Print.cpp.o)
                0x00006ebc                Print::write(unsigned char const*, unsigned int)
 .text.initiateReset
                0x00006ee4        0xc C:\Users\Alex\AppData\Local\Temp\VMBuilds\MyUROV_SAMD21G18A_1\arduino_zero_native\Debug/core.a(Reset.cpp.o)
                0x00006ee4                initiateReset
 .text.cancelReset
                0x00006ef0       0x10 C:\Users\Alex\AppData\Local\Temp\VMBuilds\MyUROV_SAMD21G18A_1\arduino_zero_native\Debug/core.a(Reset.cpp.o)
                0x00006ef0                cancelReset
 .text.tickReset
                0x00006f00       0x74 C:\Users\Alex\AppData\Local\Temp\VMBuilds\MyUROV_SAMD21G18A_1\arduino_zero_native\Debug/core.a(Reset.cpp.o)
                0x00006f00                tickReset
 .text._ZN10RingBufferC2Ev
                0x00006f74       0x16 C:\Users\Alex\AppData\Local\Temp\VMBuilds\MyUROV_SAMD21G18A_1\arduino_zero_native\Debug/core.a(RingBuffer.cpp.o)
                0x00006f74                RingBuffer::RingBuffer()
                0x00006f74                RingBuffer::RingBuffer()
 .text._ZN10RingBuffer10store_charEh
                0x00006f8a       0x16 C:\Users\Alex\AppData\Local\Temp\VMBuilds\MyUROV_SAMD21G18A_1\arduino_zero_native\Debug/core.a(RingBuffer.cpp.o)
                0x00006f8a                RingBuffer::store_char(unsigned char)
 .text._ZN10RingBuffer5clearEv
                0x00006fa0        0x8 C:\Users\Alex\AppData\Local\Temp\VMBuilds\MyUROV_SAMD21G18A_1\arduino_zero_native\Debug/core.a(RingBuffer.cpp.o)
                0x00006fa0                RingBuffer::clear()
 .text._ZN10RingBuffer9read_charEv
                0x00006fa8       0x1c C:\Users\Alex\AppData\Local\Temp\VMBuilds\MyUROV_SAMD21G18A_1\arduino_zero_native\Debug/core.a(RingBuffer.cpp.o)
                0x00006fa8                RingBuffer::read_char()
 .text._ZN10RingBuffer9availableEv
                0x00006fc4        0xc C:\Users\Alex\AppData\Local\Temp\VMBuilds\MyUROV_SAMD21G18A_1\arduino_zero_native\Debug/core.a(RingBuffer.cpp.o)
                0x00006fc4                RingBuffer::available()
 .text._ZN10RingBuffer17availableForStoreEv
                0x00006fd0       0x14 C:\Users\Alex\AppData\Local\Temp\VMBuilds\MyUROV_SAMD21G18A_1\arduino_zero_native\Debug/core.a(RingBuffer.cpp.o)
                0x00006fd0                RingBuffer::availableForStore()
 .text._ZN10RingBuffer4peekEv
                0x00006fe4       0x12 C:\Users\Alex\AppData\Local\Temp\VMBuilds\MyUROV_SAMD21G18A_1\arduino_zero_native\Debug/core.a(RingBuffer.cpp.o)
                0x00006fe4                RingBuffer::peek()
 .text._ZN10RingBuffer6isFullEv
                0x00006ff6       0x14 C:\Users\Alex\AppData\Local\Temp\VMBuilds\MyUROV_SAMD21G18A_1\arduino_zero_native\Debug/core.a(RingBuffer.cpp.o)
                0x00006ff6                RingBuffer::isFull()
 .text._ZN6SERCOMC2EP6Sercom
                0x0000700a        0x4 C:\Users\Alex\AppData\Local\Temp\VMBuilds\MyUROV_SAMD21G18A_1\arduino_zero_native\Debug/core.a(SERCOM.cpp.o)
                0x0000700a                SERCOM::SERCOM(Sercom*)
                0x0000700a                SERCOM::SERCOM(Sercom*)
 .text._ZN6SERCOM9initFrameE18SercomUartCharSize15SercomDataOrder16SercomParityMode19SercomNumberStopBit
                0x0000700e       0x38 C:\Users\Alex\AppData\Local\Temp\VMBuilds\MyUROV_SAMD21G18A_1\arduino_zero_native\Debug/core.a(SERCOM.cpp.o)
                0x0000700e                SERCOM::initFrame(SercomUartCharSize, SercomDataOrder, SercomParityMode, SercomNumberStopBit)
 .text._ZN6SERCOM8initPadsE15SercomUartTXPad11SercomRXPad
                0x00007046       0x26 C:\Users\Alex\AppData\Local\Temp\VMBuilds\MyUROV_SAMD21G18A_1\arduino_zero_native\Debug/core.a(SERCOM.cpp.o)
                0x00007046                SERCOM::initPads(SercomUartTXPad, SercomRXPad)
 .text._ZN6SERCOM9resetUARTEv
                0x0000706c       0x1c C:\Users\Alex\AppData\Local\Temp\VMBuilds\MyUROV_SAMD21G18A_1\arduino_zero_native\Debug/core.a(SERCOM.cpp.o)
                0x0000706c                SERCOM::resetUART()
 .text._ZN6SERCOM10enableUARTEv
                0x00007088       0x14 C:\Users\Alex\AppData\Local\Temp\VMBuilds\MyUROV_SAMD21G18A_1\arduino_zero_native\Debug/core.a(SERCOM.cpp.o)
                0x00007088                SERCOM::enableUART()
 .text._ZN6SERCOM9flushUARTEv
                0x0000709c       0x10 C:\Users\Alex\AppData\Local\Temp\VMBuilds\MyUROV_SAMD21G18A_1\arduino_zero_native\Debug/core.a(SERCOM.cpp.o)
                0x0000709c                SERCOM::flushUART()
 .text._ZN6SERCOM15clearStatusUARTEv
                0x000070ac        0x8 C:\Users\Alex\AppData\Local\Temp\VMBuilds\MyUROV_SAMD21G18A_1\arduino_zero_native\Debug/core.a(SERCOM.cpp.o)
                0x000070ac                SERCOM::clearStatusUART()
 .text._ZN6SERCOM17availableDataUARTEv
                0x000070b4        0xa C:\Users\Alex\AppData\Local\Temp\VMBuilds\MyUROV_SAMD21G18A_1\arduino_zero_native\Debug/core.a(SERCOM.cpp.o)
                0x000070b4                SERCOM::availableDataUART()
 .text._ZN6SERCOM11isUARTErrorEv
                0x000070be        0x8 C:\Users\Alex\AppData\Local\Temp\VMBuilds\MyUROV_SAMD21G18A_1\arduino_zero_native\Debug/core.a(SERCOM.cpp.o)
                0x000070be                SERCOM::isUARTError()
 .text._ZN6SERCOM20acknowledgeUARTErrorEv
                0x000070c6        0xe C:\Users\Alex\AppData\Local\Temp\VMBuilds\MyUROV_SAMD21G18A_1\arduino_zero_native\Debug/core.a(SERCOM.cpp.o)
                0x000070c6                SERCOM::acknowledgeUARTError()
 .text._ZN6SERCOM23isDataRegisterEmptyUARTEv
                0x000070d4        0xa C:\Users\Alex\AppData\Local\Temp\VMBuilds\MyUROV_SAMD21G18A_1\arduino_zero_native\Debug/core.a(SERCOM.cpp.o)
                0x000070d4                SERCOM::isDataRegisterEmptyUART()
 .text._ZN6SERCOM12readDataUARTEv
                0x000070de        0x8 C:\Users\Alex\AppData\Local\Temp\VMBuilds\MyUROV_SAMD21G18A_1\arduino_zero_native\Debug/core.a(SERCOM.cpp.o)
                0x000070de                SERCOM::readDataUART()
 .text._ZN6SERCOM13writeDataUARTEh
                0x000070e6        0xe C:\Users\Alex\AppData\Local\Temp\VMBuilds\MyUROV_SAMD21G18A_1\arduino_zero_native\Debug/core.a(SERCOM.cpp.o)
                0x000070e6                SERCOM::writeDataUART(unsigned char)
 .text._ZN6SERCOM36enableDataRegisterEmptyInterruptUARTEv
                0x000070f4        0xc C:\Users\Alex\AppData\Local\Temp\VMBuilds\MyUROV_SAMD21G18A_1\arduino_zero_native\Debug/core.a(SERCOM.cpp.o)
                0x000070f4                SERCOM::enableDataRegisterEmptyInterruptUART()
 .text._ZN6SERCOM37disableDataRegisterEmptyInterruptUARTEv
                0x00007100        0x8 C:\Users\Alex\AppData\Local\Temp\VMBuilds\MyUROV_SAMD21G18A_1\arduino_zero_native\Debug/core.a(SERCOM.cpp.o)
                0x00007100                SERCOM::disableDataRegisterEmptyInterruptUART()
 .text._ZN6SERCOM12initSPIClockE18SercomSpiClockModem
                0x00007108       0x30 C:\Users\Alex\AppData\Local\Temp\VMBuilds\MyUROV_SAMD21G18A_1\arduino_zero_native\Debug/core.a(SERCOM.cpp.o)
                0x00007108                SERCOM::initSPIClock(SercomSpiClockMode, unsigned long)
 .text._ZN6SERCOM8resetSPIEv
                0x00007138       0x1c C:\Users\Alex\AppData\Local\Temp\VMBuilds\MyUROV_SAMD21G18A_1\arduino_zero_native\Debug/core.a(SERCOM.cpp.o)
                0x00007138                SERCOM::resetSPI()
 .text._ZN6SERCOM9enableSPIEv
                0x00007154       0x14 C:\Users\Alex\AppData\Local\Temp\VMBuilds\MyUROV_SAMD21G18A_1\arduino_zero_native\Debug/core.a(SERCOM.cpp.o)
                0x00007154                SERCOM::enableSPI()
 .text._ZN6SERCOM10disableSPIEv
                0x00007168       0x12 C:\Users\Alex\AppData\Local\Temp\VMBuilds\MyUROV_SAMD21G18A_1\arduino_zero_native\Debug/core.a(SERCOM.cpp.o)
                0x00007168                SERCOM::disableSPI()
 *fill*         0x0000717a        0x2 
 .text._ZN6SERCOM15setDataOrderSPIE15SercomDataOrder
                0x0000717c       0x28 C:\Users\Alex\AppData\Local\Temp\VMBuilds\MyUROV_SAMD21G18A_1\arduino_zero_native\Debug/core.a(SERCOM.cpp.o)
                0x0000717c                SERCOM::setDataOrderSPI(SercomDataOrder)
 .text._ZN6SERCOM14setBaudrateSPIEh
                0x000071a4       0x30 C:\Users\Alex\AppData\Local\Temp\VMBuilds\MyUROV_SAMD21G18A_1\arduino_zero_native\Debug/core.a(SERCOM.cpp.o)
                0x000071a4                SERCOM::setBaudrateSPI(unsigned char)
 .text._ZN6SERCOM15setClockModeSPIE18SercomSpiClockMode
                0x000071d4       0x3c C:\Users\Alex\AppData\Local\Temp\VMBuilds\MyUROV_SAMD21G18A_1\arduino_zero_native\Debug/core.a(SERCOM.cpp.o)
                0x000071d4                SERCOM::setClockModeSPI(SercomSpiClockMode)
 .text._ZN6SERCOM15transferDataSPIEh
                0x00007210       0x1a C:\Users\Alex\AppData\Local\Temp\VMBuilds\MyUROV_SAMD21G18A_1\arduino_zero_native\Debug/core.a(SERCOM.cpp.o)
                0x00007210                SERCOM::transferDataSPI(unsigned char)
 .text._ZN6SERCOM9resetWIREEv
                0x0000722a       0x1c C:\Users\Alex\AppData\Local\Temp\VMBuilds\MyUROV_SAMD21G18A_1\arduino_zero_native\Debug/core.a(SERCOM.cpp.o)
                0x0000722a                SERCOM::resetWIRE()
 .text._ZN6SERCOM10enableWIREEv
                0x00007246       0x28 C:\Users\Alex\AppData\Local\Temp\VMBuilds\MyUROV_SAMD21G18A_1\arduino_zero_native\Debug/core.a(SERCOM.cpp.o)
                0x00007246                SERCOM::enableWIRE()
 .text._ZN6SERCOM18prepareNackBitWIREEv
                0x0000726e       0x10 C:\Users\Alex\AppData\Local\Temp\VMBuilds\MyUROV_SAMD21G18A_1\arduino_zero_native\Debug/core.a(SERCOM.cpp.o)
                0x0000726e                SERCOM::prepareNackBitWIRE()
 *fill*         0x0000727e        0x2 
 .text._ZN6SERCOM17prepareAckBitWIREEv
                0x00007280       0x14 C:\Users\Alex\AppData\Local\Temp\VMBuilds\MyUROV_SAMD21G18A_1\arduino_zero_native\Debug/core.a(SERCOM.cpp.o)
                0x00007280                SERCOM::prepareAckBitWIRE()
 .text._ZN6SERCOM22prepareCommandBitsWireEh
                0x00007294       0x2c C:\Users\Alex\AppData\Local\Temp\VMBuilds\MyUROV_SAMD21G18A_1\arduino_zero_native\Debug/core.a(SERCOM.cpp.o)
                0x00007294                SERCOM::prepareCommandBitsWire(unsigned char)
 .text._ZN6SERCOM21startTransmissionWIREEh23SercomWireReadWriteFlag
                0x000072c0       0x5e C:\Users\Alex\AppData\Local\Temp\VMBuilds\MyUROV_SAMD21G18A_1\arduino_zero_native\Debug/core.a(SERCOM.cpp.o)
                0x000072c0                SERCOM::startTransmissionWIRE(unsigned char, SercomWireReadWriteFlag)
 .text._ZN6SERCOM18sendDataMasterWIREEh
                0x0000731e       0x22 C:\Users\Alex\AppData\Local\Temp\VMBuilds\MyUROV_SAMD21G18A_1\arduino_zero_native\Debug/core.a(SERCOM.cpp.o)
                0x0000731e                SERCOM::sendDataMasterWIRE(unsigned char)
 .text._ZN6SERCOM17sendDataSlaveWIREEh
                0x00007340       0x1a C:\Users\Alex\AppData\Local\Temp\VMBuilds\MyUROV_SAMD21G18A_1\arduino_zero_native\Debug/core.a(SERCOM.cpp.o)
                0x00007340                SERCOM::sendDataSlaveWIRE(unsigned char)
 .text._ZN6SERCOM11isSlaveWIREEv
                0x0000735a       0x12 C:\Users\Alex\AppData\Local\Temp\VMBuilds\MyUROV_SAMD21G18A_1\arduino_zero_native\Debug/core.a(SERCOM.cpp.o)
                0x0000735a                SERCOM::isSlaveWIRE()
 .text._ZN6SERCOM15isDataReadyWIREEv
                0x0000736c        0xa C:\Users\Alex\AppData\Local\Temp\VMBuilds\MyUROV_SAMD21G18A_1\arduino_zero_native\Debug/core.a(SERCOM.cpp.o)
                0x0000736c                SERCOM::isDataReadyWIRE()
 .text._ZN6SERCOM18isStopDetectedWIREEv
                0x00007376        0xa C:\Users\Alex\AppData\Local\Temp\VMBuilds\MyUROV_SAMD21G18A_1\arduino_zero_native\Debug/core.a(SERCOM.cpp.o)
                0x00007376                SERCOM::isStopDetectedWIRE()
 .text._ZN6SERCOM21isRestartDetectedWIREEv
                0x00007380        0xa C:\Users\Alex\AppData\Local\Temp\VMBuilds\MyUROV_SAMD21G18A_1\arduino_zero_native\Debug/core.a(SERCOM.cpp.o)
                0x00007380                SERCOM::isRestartDetectedWIRE()
 .text._ZN6SERCOM14isAddressMatchEv
                0x0000738a        0xa C:\Users\Alex\AppData\Local\Temp\VMBuilds\MyUROV_SAMD21G18A_1\arduino_zero_native\Debug/core.a(SERCOM.cpp.o)
                0x0000738a                SERCOM::isAddressMatch()
 .text._ZN6SERCOM25isMasterReadOperationWIREEv
                0x00007394        0xa C:\Users\Alex\AppData\Local\Temp\VMBuilds\MyUROV_SAMD21G18A_1\arduino_zero_native\Debug/core.a(SERCOM.cpp.o)
                0x00007394                SERCOM::isMasterReadOperationWIRE()
 .text._ZN6SERCOM12readDataWIREEv
                0x0000739e       0x1a C:\Users\Alex\AppData\Local\Temp\VMBuilds\MyUROV_SAMD21G18A_1\arduino_zero_native\Debug/core.a(SERCOM.cpp.o)
                0x0000739e                SERCOM::readDataWIRE()
 .text._ZN6SERCOM13initClockNVICEv
                0x000073b8       0xac C:\Users\Alex\AppData\Local\Temp\VMBuilds\MyUROV_SAMD21G18A_1\arduino_zero_native\Debug/core.a(SERCOM.cpp.o)
                0x000073b8                SERCOM::initClockNVIC()
 .text._ZN6SERCOM8initUARTE14SercomUartMode20SercomUartSampleRatem
                0x00007464       0x6c C:\Users\Alex\AppData\Local\Temp\VMBuilds\MyUROV_SAMD21G18A_1\arduino_zero_native\Debug/core.a(SERCOM.cpp.o)
                0x00007464                SERCOM::initUART(SercomUartMode, SercomUartSampleRate, unsigned long)
 .text._ZN6SERCOM7initSPIE14SercomSpiTXPad11SercomRXPad17SercomSpiCharSize15SercomDataOrder
                0x000074d0       0x48 C:\Users\Alex\AppData\Local\Temp\VMBuilds\MyUROV_SAMD21G18A_1\arduino_zero_native\Debug/core.a(SERCOM.cpp.o)
                0x000074d0                SERCOM::initSPI(SercomSpiTXPad, SercomRXPad, SercomSpiCharSize, SercomDataOrder)
 .text._ZN6SERCOM14initMasterWIREEm
                0x00007518       0x38 C:\Users\Alex\AppData\Local\Temp\VMBuilds\MyUROV_SAMD21G18A_1\arduino_zero_native\Debug/core.a(SERCOM.cpp.o)
                0x00007518                SERCOM::initMasterWIRE(unsigned long)
 .text._ZN4UartcvbEv
                0x00007550        0x4 C:\Users\Alex\AppData\Local\Temp\VMBuilds\MyUROV_SAMD21G18A_1\arduino_zero_native\Debug/core.a(Uart.cpp.o)
                0x00007550                Uart::operator bool()
 .text._ZN4Uart5beginEm
                0x00007554       0x10 C:\Users\Alex\AppData\Local\Temp\VMBuilds\MyUROV_SAMD21G18A_1\arduino_zero_native\Debug/core.a(Uart.cpp.o)
                0x00007554                Uart::begin(unsigned long)
 .text._ZN4Uart3endEv
                0x00007564       0x1c C:\Users\Alex\AppData\Local\Temp\VMBuilds\MyUROV_SAMD21G18A_1\arduino_zero_native\Debug/core.a(Uart.cpp.o)
                0x00007564                Uart::end()
 .text._ZN4Uart9availableEv
                0x00007580        0xa C:\Users\Alex\AppData\Local\Temp\VMBuilds\MyUROV_SAMD21G18A_1\arduino_zero_native\Debug/core.a(Uart.cpp.o)
                0x00007580                Uart::available()
 .text._ZN4Uart5flushEv
                0x0000758a       0x18 C:\Users\Alex\AppData\Local\Temp\VMBuilds\MyUROV_SAMD21G18A_1\arduino_zero_native\Debug/core.a(Uart.cpp.o)
                0x0000758a                Uart::flush()
 .text._ZN4Uart17availableForWriteEv
                0x000075a2        0xa C:\Users\Alex\AppData\Local\Temp\VMBuilds\MyUROV_SAMD21G18A_1\arduino_zero_native\Debug/core.a(Uart.cpp.o)
                0x000075a2                Uart::availableForWrite()
 .text._ZN4Uart4readEv
                0x000075ac       0x34 C:\Users\Alex\AppData\Local\Temp\VMBuilds\MyUROV_SAMD21G18A_1\arduino_zero_native\Debug/core.a(Uart.cpp.o)
                0x000075ac                Uart::read()
 .text._ZN4Uart4peekEv
                0x000075e0        0xa C:\Users\Alex\AppData\Local\Temp\VMBuilds\MyUROV_SAMD21G18A_1\arduino_zero_native\Debug/core.a(Uart.cpp.o)
                0x000075e0                Uart::peek()
 .text._ZN4Uart5writeEh
                0x000075ea       0x44 C:\Users\Alex\AppData\Local\Temp\VMBuilds\MyUROV_SAMD21G18A_1\arduino_zero_native\Debug/core.a(Uart.cpp.o)
                0x000075ea                Uart::write(unsigned char)
 *fill*         0x0000762e        0x2 
 .text._ZN4UartC2EP6SERCOMhh11SercomRXPad15SercomUartTXPadhh
                0x00007630       0x68 C:\Users\Alex\AppData\Local\Temp\VMBuilds\MyUROV_SAMD21G18A_1\arduino_zero_native\Debug/core.a(Uart.cpp.o)
                0x00007630                Uart::Uart(SERCOM*, unsigned char, unsigned char, SercomRXPad, SercomUartTXPad, unsigned char, unsigned char)
                0x00007630                Uart::Uart(SERCOM*, unsigned char, unsigned char, SercomRXPad, SercomUartTXPad, unsigned char, unsigned char)
 .text._ZN4UartC2EP6SERCOMhh11SercomRXPad15SercomUartTXPad
                0x00007698       0x24 C:\Users\Alex\AppData\Local\Temp\VMBuilds\MyUROV_SAMD21G18A_1\arduino_zero_native\Debug/core.a(Uart.cpp.o)
                0x00007698                Uart::Uart(SERCOM*, unsigned char, unsigned char, SercomRXPad, SercomUartTXPad)
                0x00007698                Uart::Uart(SERCOM*, unsigned char, unsigned char, SercomRXPad, SercomUartTXPad)
 .text._ZN4Uart10IrqHandlerEv
                0x000076bc       0x88 C:\Users\Alex\AppData\Local\Temp\VMBuilds\MyUROV_SAMD21G18A_1\arduino_zero_native\Debug/core.a(Uart.cpp.o)
                0x000076bc                Uart::IrqHandler()
 .text._ZN4Uart16extractNbStopBitEt
                0x00007744        0xe C:\Users\Alex\AppData\Local\Temp\VMBuilds\MyUROV_SAMD21G18A_1\arduino_zero_native\Debug/core.a(Uart.cpp.o)
                0x00007744                Uart::extractNbStopBit(unsigned short)
 .text._ZN4Uart15extractCharSizeEt
                0x00007752       0x2c C:\Users\Alex\AppData\Local\Temp\VMBuilds\MyUROV_SAMD21G18A_1\arduino_zero_native\Debug/core.a(Uart.cpp.o)
                0x00007752                Uart::extractCharSize(unsigned short)
 .text._ZN4Uart13extractParityEt
                0x0000777e       0x18 C:\Users\Alex\AppData\Local\Temp\VMBuilds\MyUROV_SAMD21G18A_1\arduino_zero_native\Debug/core.a(Uart.cpp.o)
                0x0000777e                Uart::extractParity(unsigned short)
 *fill*         0x00007796        0x2 
 .text._ZN4Uart5beginEmt
                0x00007798       0xf4 C:\Users\Alex\AppData\Local\Temp\VMBuilds\MyUROV_SAMD21G18A_1\arduino_zero_native\Debug/core.a(Uart.cpp.o)
                0x00007798                Uart::begin(unsigned long, unsigned short)
 .text._ZN6StringD2Ev
                0x0000788c        0xe C:\Users\Alex\AppData\Local\Temp\VMBuilds\MyUROV_SAMD21G18A_1\arduino_zero_native\Debug/core.a(WString.cpp.o)
                0x0000788c                String::~String()
                0x0000788c                String::~String()
 .text._ZN6String10invalidateEv
                0x0000789a       0x18 C:\Users\Alex\AppData\Local\Temp\VMBuilds\MyUROV_SAMD21G18A_1\arduino_zero_native\Debug/core.a(WString.cpp.o)
                0x0000789a                String::invalidate()
 .text._ZN6String12changeBufferEj
                0x000078b2       0x18 C:\Users\Alex\AppData\Local\Temp\VMBuilds\MyUROV_SAMD21G18A_1\arduino_zero_native\Debug/core.a(WString.cpp.o)
                0x000078b2                String::changeBuffer(unsigned int)
 .text._ZN6String7reserveEj
                0x000078ca       0x28 C:\Users\Alex\AppData\Local\Temp\VMBuilds\MyUROV_SAMD21G18A_1\arduino_zero_native\Debug/core.a(WString.cpp.o)
                0x000078ca                String::reserve(unsigned int)
 .text._ZN6String4copyEPKcj
                0x000078f2       0x28 C:\Users\Alex\AppData\Local\Temp\VMBuilds\MyUROV_SAMD21G18A_1\arduino_zero_native\Debug/core.a(WString.cpp.o)
                0x000078f2                String::copy(char const*, unsigned int)
 .text._ZN6StringC2EPKc
                0x0000791a       0x26 C:\Users\Alex\AppData\Local\Temp\VMBuilds\MyUROV_SAMD21G18A_1\arduino_zero_native\Debug/core.a(WString.cpp.o)
                0x0000791a                String::String(char const*)
                0x0000791a                String::String(char const*)
 .text._ZN6StringaSERKS_
                0x00007940       0x20 C:\Users\Alex\AppData\Local\Temp\VMBuilds\MyUROV_SAMD21G18A_1\arduino_zero_native\Debug/core.a(WString.cpp.o)
                0x00007940                String::operator=(String const&)
 .text._ZN6StringC2ERKS_
                0x00007960       0x14 C:\Users\Alex\AppData\Local\Temp\VMBuilds\MyUROV_SAMD21G18A_1\arduino_zero_native\Debug/core.a(WString.cpp.o)
                0x00007960                String::String(String const&)
                0x00007960                String::String(String const&)
 .text._ZNK6String8getBytesEPhjj
                0x00007974       0x34 C:\Users\Alex\AppData\Local\Temp\VMBuilds\MyUROV_SAMD21G18A_1\arduino_zero_native\Debug/core.a(WString.cpp.o)
                0x00007974                String::getBytes(unsigned char*, unsigned int, unsigned int) const
 .text._ZL5utox8mPc
                0x000079a8       0x1c C:\Users\Alex\AppData\Local\Temp\VMBuilds\MyUROV_SAMD21G18A_1\arduino_zero_native\Debug/core.a(USBCore.cpp.o)
 .text._ZN14USBDeviceClass6initEPEmm.part.4
                0x000079c4       0x80 C:\Users\Alex\AppData\Local\Temp\VMBuilds\MyUROV_SAMD21G18A_1\arduino_zero_native\Debug/core.a(USBCore.cpp.o)
 .text._ZN20USBDevice_SAMD21G18x5resetEv
                0x00007a44       0x28 C:\Users\Alex\AppData\Local\Temp\VMBuilds\MyUROV_SAMD21G18A_1\arduino_zero_native\Debug/core.a(USBCore.cpp.o)
                0x00007a44                USBDevice_SAMD21G18x::reset()
 .text._ZN20USBDevice_SAMD21G18x9calibrateEv
                0x00007a6c       0x5c C:\Users\Alex\AppData\Local\Temp\VMBuilds\MyUROV_SAMD21G18A_1\arduino_zero_native\Debug/core.a(USBCore.cpp.o)
                0x00007a6c                USBDevice_SAMD21G18x::calibrate()
 .text._ZN7__GuardC2Ev
                0x00007ac8        0xe C:\Users\Alex\AppData\Local\Temp\VMBuilds\MyUROV_SAMD21G18A_1\arduino_zero_native\Debug/core.a(USBCore.cpp.o)
                0x00007ac8                __Guard::__Guard()
                0x00007ac8                __Guard::__Guard()
 .text._ZN7__GuardD2Ev
                0x00007ad6        0xe C:\Users\Alex\AppData\Local\Temp\VMBuilds\MyUROV_SAMD21G18A_1\arduino_zero_native\Debug/core.a(USBCore.cpp.o)
                0x00007ad6                __Guard::~__Guard()
                0x00007ad6                __Guard::~__Guard()
 .text._ZNK26DoubleBufferedEPOutHandler9availableEv
                0x00007ae4       0x5e C:\Users\Alex\AppData\Local\Temp\VMBuilds\MyUROV_SAMD21G18A_1\arduino_zero_native\Debug/core.a(USBCore.cpp.o)
                0x00007ae4                DoubleBufferedEPOutHandler::available() const
 *fill*         0x00007b42        0x2 
 .text._ZN26DoubleBufferedEPOutHandler7releaseEv
                0x00007b44       0x58 C:\Users\Alex\AppData\Local\Temp\VMBuilds\MyUROV_SAMD21G18A_1\arduino_zero_native\Debug/core.a(USBCore.cpp.o)
                0x00007b44                DoubleBufferedEPOutHandler::release()
 .text._ZN26DoubleBufferedEPOutHandler4recvEPvm
                0x00007b9c      0x11c C:\Users\Alex\AppData\Local\Temp\VMBuilds\MyUROV_SAMD21G18A_1\arduino_zero_native\Debug/core.a(USBCore.cpp.o)
                0x00007b9c                DoubleBufferedEPOutHandler::recv(void*, unsigned long)
 .text._ZN26DoubleBufferedEPOutHandler14handleEndpointEv
                0x00007cb8       0xc8 C:\Users\Alex\AppData\Local\Temp\VMBuilds\MyUROV_SAMD21G18A_1\arduino_zero_native\Debug/core.a(USBCore.cpp.o)
                0x00007cb8                DoubleBufferedEPOutHandler::handleEndpoint()
 .text._ZN14USBDeviceClass14SendInterfacesEPm
                0x00007d80       0x2c C:\Users\Alex\AppData\Local\Temp\VMBuilds\MyUROV_SAMD21G18A_1\arduino_zero_native\Debug/core.a(USBCore.cpp.o)
                0x00007d80                USBDeviceClass::SendInterfaces(unsigned long*)
 .text._ZN14USBDeviceClass14handleEndpointEh
                0x00007dac       0x40 C:\Users\Alex\AppData\Local\Temp\VMBuilds\MyUROV_SAMD21G18A_1\arduino_zero_native\Debug/core.a(USBCore.cpp.o)
                0x00007dac                USBDeviceClass::handleEndpoint(unsigned char)
 .text._ZN14USBDeviceClass4initEv
                0x00007dec       0xf0 C:\Users\Alex\AppData\Local\Temp\VMBuilds\MyUROV_SAMD21G18A_1\arduino_zero_native\Debug/core.a(USBCore.cpp.o)
                0x00007dec                USBDeviceClass::init()
 .text._ZN14USBDeviceClass6attachEv
                0x00007edc       0x34 C:\Users\Alex\AppData\Local\Temp\VMBuilds\MyUROV_SAMD21G18A_1\arduino_zero_native\Debug/core.a(USBCore.cpp.o)
                0x00007edc                USBDeviceClass::attach()
 .text._ZN14USBDeviceClass10setAddressEm
                0x00007f10       0x48 C:\Users\Alex\AppData\Local\Temp\VMBuilds\MyUROV_SAMD21G18A_1\arduino_zero_native\Debug/core.a(USBCore.cpp.o)
                0x00007f10                USBDeviceClass::setAddress(unsigned long)
 .text._ZN14USBDeviceClass25handleClassInterfaceSetupER8USBSetup
                0x00007f58       0x40 C:\Users\Alex\AppData\Local\Temp\VMBuilds\MyUROV_SAMD21G18A_1\arduino_zero_native\Debug/core.a(USBCore.cpp.o)
                0x00007f58                USBDeviceClass::handleClassInterfaceSetup(USBSetup&)
 .text._ZN14USBDeviceClass6initEPEmm
                0x00007f98      0x128 C:\Users\Alex\AppData\Local\Temp\VMBuilds\MyUROV_SAMD21G18A_1\arduino_zero_native\Debug/core.a(USBCore.cpp.o)
                0x00007f98                USBDeviceClass::initEP(unsigned long, unsigned long)
 .text._ZN14USBDeviceClass13initEndpointsEv
                0x000080c0       0x24 C:\Users\Alex\AppData\Local\Temp\VMBuilds\MyUROV_SAMD21G18A_1\arduino_zero_native\Debug/core.a(USBCore.cpp.o)
                0x000080c0                USBDeviceClass::initEndpoints()
 .text._ZN14USBDeviceClass9availableEm
                0x000080e4       0x2c C:\Users\Alex\AppData\Local\Temp\VMBuilds\MyUROV_SAMD21G18A_1\arduino_zero_native\Debug/core.a(USBCore.cpp.o)
                0x000080e4                USBDeviceClass::available(unsigned long)
 .text._ZN14USBDeviceClass5flushEm
                0x00008110       0x2c C:\Users\Alex\AppData\Local\Temp\VMBuilds\MyUROV_SAMD21G18A_1\arduino_zero_native\Debug/core.a(USBCore.cpp.o)
                0x00008110                USBDeviceClass::flush(unsigned long)
 .text._ZN14USBDeviceClass14armRecvCtrlOUTEm
                0x0000813c       0x60 C:\Users\Alex\AppData\Local\Temp\VMBuilds\MyUROV_SAMD21G18A_1\arduino_zero_native\Debug/core.a(USBCore.cpp.o)
                0x0000813c                USBDeviceClass::armRecvCtrlOUT(unsigned long)
 .text._ZN14USBDeviceClass11recvControlEPvm
                0x0000819c       0x3c C:\Users\Alex\AppData\Local\Temp\VMBuilds\MyUROV_SAMD21G18A_1\arduino_zero_native\Debug/core.a(USBCore.cpp.o)
                0x0000819c                USBDeviceClass::recvControl(void*, unsigned long)
 .text._ZN14USBDeviceClass7armRecvEm
                0x000081d8       0x3c C:\Users\Alex\AppData\Local\Temp\VMBuilds\MyUROV_SAMD21G18A_1\arduino_zero_native\Debug/core.a(USBCore.cpp.o)
                0x000081d8                USBDeviceClass::armRecv(unsigned long)
 .text._ZN14USBDeviceClass4recvEmPvm
                0x00008214       0xd8 C:\Users\Alex\AppData\Local\Temp\VMBuilds\MyUROV_SAMD21G18A_1\arduino_zero_native\Debug/core.a(USBCore.cpp.o)
                0x00008214                USBDeviceClass::recv(unsigned long, void*, unsigned long)
 .text._ZN14USBDeviceClass4recvEm
                0x000082ec       0x1c C:\Users\Alex\AppData\Local\Temp\VMBuilds\MyUROV_SAMD21G18A_1\arduino_zero_native\Debug/core.a(USBCore.cpp.o)
                0x000082ec                USBDeviceClass::recv(unsigned long)
 .text._ZN14USBDeviceClass4sendEmPKvm
                0x00008308      0x124 C:\Users\Alex\AppData\Local\Temp\VMBuilds\MyUROV_SAMD21G18A_1\arduino_zero_native\Debug/core.a(USBCore.cpp.o)
                0x00008308                USBDeviceClass::send(unsigned long, void const*, unsigned long)
 .text._ZN14USBDeviceClass7armSendEmPKvm
                0x0000842c       0x48 C:\Users\Alex\AppData\Local\Temp\VMBuilds\MyUROV_SAMD21G18A_1\arduino_zero_native\Debug/core.a(USBCore.cpp.o)
                0x0000842c                USBDeviceClass::armSend(unsigned long, void const*, unsigned long)
 .text._ZN14USBDeviceClass11sendControlEPKvm
                0x00008474       0x58 C:\Users\Alex\AppData\Local\Temp\VMBuilds\MyUROV_SAMD21G18A_1\arduino_zero_native\Debug/core.a(USBCore.cpp.o)
                0x00008474                USBDeviceClass::sendControl(void const*, unsigned long)
 .text._ZN14USBDeviceClass20sendStringDescriptorEPKhh
                0x000084cc       0x68 C:\Users\Alex\AppData\Local\Temp\VMBuilds\MyUROV_SAMD21G18A_1\arduino_zero_native\Debug/core.a(USBCore.cpp.o)
                0x000084cc                USBDeviceClass::sendStringDescriptor(unsigned char const*, unsigned char)
 .text._ZN14USBDeviceClass12packMessagesEb.part.6
                0x00008534       0x20 C:\Users\Alex\AppData\Local\Temp\VMBuilds\MyUROV_SAMD21G18A_1\arduino_zero_native\Debug/core.a(USBCore.cpp.o)
 .text._ZN14USBDeviceClass17sendConfigurationEm
                0x00008554       0x90 C:\Users\Alex\AppData\Local\Temp\VMBuilds\MyUROV_SAMD21G18A_1\arduino_zero_native\Debug/core.a(USBCore.cpp.o)
                0x00008554                USBDeviceClass::sendConfiguration(unsigned long)
 .text._ZN14USBDeviceClass14sendDescriptorER8USBSetup
                0x000085e4       0xec C:\Users\Alex\AppData\Local\Temp\VMBuilds\MyUROV_SAMD21G18A_1\arduino_zero_native\Debug/core.a(USBCore.cpp.o)
                0x000085e4                USBDeviceClass::sendDescriptor(USBSetup&)
 .text._ZN14USBDeviceClass19handleStandardSetupER8USBSetup
                0x000086d0      0x118 C:\Users\Alex\AppData\Local\Temp\VMBuilds\MyUROV_SAMD21G18A_1\arduino_zero_native\Debug/core.a(USBCore.cpp.o)
                0x000086d0                USBDeviceClass::handleStandardSetup(USBSetup&)
 .text._ZN14USBDeviceClass10ISRHandlerEv
                0x000087e8      0x150 C:\Users\Alex\AppData\Local\Temp\VMBuilds\MyUROV_SAMD21G18A_1\arduino_zero_native\Debug/core.a(USBCore.cpp.o)
                0x000087e8                USBDeviceClass::ISRHandler()
 .text.UDD_Handler
                0x00008938       0x10 C:\Users\Alex\AppData\Local\Temp\VMBuilds\MyUROV_SAMD21G18A_1\arduino_zero_native\Debug/core.a(USBCore.cpp.o)
                0x00008938                UDD_Handler
 .text.startup._GLOBAL__sub_I__ZN20USBDevice_SAMD21G18x5resetEv
                0x00008948       0x10 C:\Users\Alex\AppData\Local\Temp\VMBuilds\MyUROV_SAMD21G18A_1\arduino_zero_native\Debug/core.a(USBCore.cpp.o)
 .text._ZN7Serial_17availableForWriteEv
                0x00008958        0x4 C:\Users\Alex\AppData\Local\Temp\VMBuilds\MyUROV_SAMD21G18A_1\arduino_zero_native\Debug/core.a(CDC.cpp.o)
                0x00008958                Serial_::availableForWrite()
 .text._ZN7Serial_5writeEh
                0x0000895c       0x14 C:\Users\Alex\AppData\Local\Temp\VMBuilds\MyUROV_SAMD21G18A_1\arduino_zero_native\Debug/core.a(CDC.cpp.o)
                0x0000895c                Serial_::write(unsigned char)
 .text._ZN7Serial_9availableEv
                0x00008970        0xc C:\Users\Alex\AppData\Local\Temp\VMBuilds\MyUROV_SAMD21G18A_1\arduino_zero_native\Debug/core.a(CDC.cpp.o)
                0x00008970                Serial_::available()
 .text._ZN7Serial_5flushEv
                0x0000897c        0xc C:\Users\Alex\AppData\Local\Temp\VMBuilds\MyUROV_SAMD21G18A_1\arduino_zero_native\Debug/core.a(CDC.cpp.o)
                0x0000897c                Serial_::flush()
 .text._ZN7Serial_5writeEPKhj
                0x00008988       0x1c C:\Users\Alex\AppData\Local\Temp\VMBuilds\MyUROV_SAMD21G18A_1\arduino_zero_native\Debug/core.a(CDC.cpp.o)
                0x00008988                Serial_::write(unsigned char const*, unsigned int)
 .text._ZN7Serial_4peekEv
                0x000089a4       0x1c C:\Users\Alex\AppData\Local\Temp\VMBuilds\MyUROV_SAMD21G18A_1\arduino_zero_native\Debug/core.a(CDC.cpp.o)
                0x000089a4                Serial_::peek()
 .text._ZN7Serial_4readEv
                0x000089c0       0x24 C:\Users\Alex\AppData\Local\Temp\VMBuilds\MyUROV_SAMD21G18A_1\arduino_zero_native\Debug/core.a(CDC.cpp.o)
                0x000089c0                Serial_::read()
 .text._Z16CDC_GetInterfacePh
                0x000089e4       0x1c C:\Users\Alex\AppData\Local\Temp\VMBuilds\MyUROV_SAMD21G18A_1\arduino_zero_native\Debug/core.a(CDC.cpp.o)
                0x000089e4                CDC_GetInterface(unsigned char*)
 .text._Z9CDC_SetupR8USBSetup
                0x00008a00       0x80 C:\Users\Alex\AppData\Local\Temp\VMBuilds\MyUROV_SAMD21G18A_1\arduino_zero_native\Debug/core.a(CDC.cpp.o)
                0x00008a00                CDC_Setup(USBSetup&)
 .text.startup._GLOBAL__sub_I__Z17_CDC_GetInterfacev
                0x00008a80       0x28 C:\Users\Alex\AppData\Local\Temp\VMBuilds\MyUROV_SAMD21G18A_1\arduino_zero_native\Debug/core.a(CDC.cpp.o)
 .text._ZN13PluggableUSB_12getInterfaceEPh
                0x00008aa8       0x2a C:\Users\Alex\AppData\Local\Temp\VMBuilds\MyUROV_SAMD21G18A_1\arduino_zero_native\Debug/core.a(PluggableUSB.cpp.o)
                0x00008aa8                PluggableUSB_::getInterface(unsigned char*)
 .text._ZN13PluggableUSB_13getDescriptorER8USBSetup
                0x00008ad2       0x20 C:\Users\Alex\AppData\Local\Temp\VMBuilds\MyUROV_SAMD21G18A_1\arduino_zero_native\Debug/core.a(PluggableUSB.cpp.o)
                0x00008ad2                PluggableUSB_::getDescriptor(USBSetup&)
 .text._ZN13PluggableUSB_12getShortNameEPc
                0x00008af2       0x1e C:\Users\Alex\AppData\Local\Temp\VMBuilds\MyUROV_SAMD21G18A_1\arduino_zero_native\Debug/core.a(PluggableUSB.cpp.o)
                0x00008af2                PluggableUSB_::getShortName(char*)
 .text._ZN13PluggableUSB_5setupER8USBSetup
                0x00008b10       0x24 C:\Users\Alex\AppData\Local\Temp\VMBuilds\MyUROV_SAMD21G18A_1\arduino_zero_native\Debug/core.a(PluggableUSB.cpp.o)
                0x00008b10                PluggableUSB_::setup(USBSetup&)
 .text._Z12PluggableUSBv
                0x00008b34       0x24 C:\Users\Alex\AppData\Local\Temp\VMBuilds\MyUROV_SAMD21G18A_1\arduino_zero_native\Debug/core.a(PluggableUSB.cpp.o)
                0x00008b34                PluggableUSB()
 .text          0x00008b58       0x14 c:/users/alex/appdata/local/arduino15/packages/arduino/tools/arm-none-eabi-gcc/4.8.3-2014q1/bin/../lib/gcc/arm-none-eabi/4.8.3/armv6-m\libgcc.a(_thumb1_case_uqi.o)
                0x00008b58                __gnu_thumb1_case_uqi
 .text          0x00008b6c       0x9c c:/users/alex/appdata/local/arduino15/packages/arduino/tools/arm-none-eabi-gcc/4.8.3-2014q1/bin/../lib/gcc/arm-none-eabi/4.8.3/armv6-m\libgcc.a(_udivsi3.o)
                0x00008b6c                __aeabi_uidiv
                0x00008b6c                __udivsi3
                0x00008bf4                __aeabi_uidivmod
 .text          0x00008c08       0xc0 c:/users/alex/appdata/local/arduino15/packages/arduino/tools/arm-none-eabi-gcc/4.8.3-2014q1/bin/../lib/gcc/arm-none-eabi/4.8.3/armv6-m\libgcc.a(_divsi3.o)
                0x00008c08                __divsi3
                0x00008c08                __aeabi_idiv
                0x00008cb4                __aeabi_idivmod
 .text          0x00008cc8        0x4 c:/users/alex/appdata/local/arduino15/packages/arduino/tools/arm-none-eabi-gcc/4.8.3-2014q1/bin/../lib/gcc/arm-none-eabi/4.8.3/armv6-m\libgcc.a(_dvmd_tls.o)
                0x00008cc8                __aeabi_idiv0
                0x00008cc8                __aeabi_ldiv0
 .text          0x00008ccc       0x7c c:/users/alex/appdata/local/arduino15/packages/arduino/tools/arm-none-eabi-gcc/4.8.3-2014q1/bin/../lib/gcc/arm-none-eabi/4.8.3/armv6-m\libgcc.a(_arm_cmpdf2.o)
                0x00008ccc                __aeabi_cdrcmple
                0x00008cdc                __aeabi_cdcmple
                0x00008cdc                __aeabi_cdcmpeq
                0x00008cec                __aeabi_dcmpeq
                0x00008cf8                __aeabi_dcmplt
                0x00008d0c                __aeabi_dcmple
                0x00008d20                __aeabi_dcmpgt
                0x00008d34                __aeabi_dcmpge
 .text          0x00008d48      0x2c8 c:/users/alex/appdata/local/arduino15/packages/arduino/tools/arm-none-eabi-gcc/4.8.3-2014q1/bin/../lib/gcc/arm-none-eabi/4.8.3/armv6-m\libgcc.a(addsf3.o)
                0x00008d48                __aeabi_fadd
 .text          0x00009010      0x254 c:/users/alex/appdata/local/arduino15/packages/arduino/tools/arm-none-eabi-gcc/4.8.3-2014q1/bin/../lib/gcc/arm-none-eabi/4.8.3/armv6-m\libgcc.a(mulsf3.o)
                0x00009010                __aeabi_fmul
 .text          0x00009264      0x2e0 c:/users/alex/appdata/local/arduino15/packages/arduino/tools/arm-none-eabi-gcc/4.8.3-2014q1/bin/../lib/gcc/arm-none-eabi/4.8.3/armv6-m\libgcc.a(subsf3.o)
                0x00009264                __aeabi_fsub
 .text          0x00009544       0x40 c:/users/alex/appdata/local/arduino15/packages/arduino/tools/arm-none-eabi-gcc/4.8.3-2014q1/bin/../lib/gcc/arm-none-eabi/4.8.3/armv6-m\libgcc.a(fixsfsi.o)
                0x00009544                __aeabi_f2iz
 .text          0x00009584       0xb8 c:/users/alex/appdata/local/arduino15/packages/arduino/tools/arm-none-eabi-gcc/4.8.3-2014q1/bin/../lib/gcc/arm-none-eabi/4.8.3/armv6-m\libgcc.a(floatsisf.o)
                0x00009584                __aeabi_i2f
 .text          0x0000963c      0x638 c:/users/alex/appdata/local/arduino15/packages/arduino/tools/arm-none-eabi-gcc/4.8.3-2014q1/bin/../lib/gcc/arm-none-eabi/4.8.3/armv6-m\libgcc.a(adddf3.o)
                0x0000963c                __aeabi_dadd
 .text          0x00009c74       0x94 c:/users/alex/appdata/local/arduino15/packages/arduino/tools/arm-none-eabi-gcc/4.8.3-2014q1/bin/../lib/gcc/arm-none-eabi/4.8.3/armv6-m\libgcc.a(eqdf2.o)
                0x00009c74                __nedf2
                0x00009c74                __eqdf2
 .text          0x00009d08       0xfc c:/users/alex/appdata/local/arduino15/packages/arduino/tools/arm-none-eabi-gcc/4.8.3-2014q1/bin/../lib/gcc/arm-none-eabi/4.8.3/armv6-m\libgcc.a(gedf2.o)
                0x00009d08                __gedf2
                0x00009d08                __gtdf2
 .text          0x00009e04       0xfc c:/users/alex/appdata/local/arduino15/packages/arduino/tools/arm-none-eabi-gcc/4.8.3-2014q1/bin/../lib/gcc/arm-none-eabi/4.8.3/armv6-m\libgcc.a(ledf2.o)
                0x00009e04                __ledf2
                0x00009e04                __ltdf2
 .text          0x00009f00      0x520 c:/users/alex/appdata/local/arduino15/packages/arduino/tools/arm-none-eabi-gcc/4.8.3-2014q1/bin/../lib/gcc/arm-none-eabi/4.8.3/armv6-m\libgcc.a(muldf3.o)
                0x00009f00                __aeabi_dmul
 .text          0x0000a420      0x654 c:/users/alex/appdata/local/arduino15/packages/arduino/tools/arm-none-eabi-gcc/4.8.3-2014q1/bin/../lib/gcc/arm-none-eabi/4.8.3/armv6-m\libgcc.a(subdf3.o)
                0x0000a420                __aeabi_dsub
 .text          0x0000aa74       0x68 c:/users/alex/appdata/local/arduino15/packages/arduino/tools/arm-none-eabi-gcc/4.8.3-2014q1/bin/../lib/gcc/arm-none-eabi/4.8.3/armv6-m\libgcc.a(fixdfsi.o)
                0x0000aa74                __aeabi_d2iz
 .text          0x0000aadc       0x7c c:/users/alex/appdata/local/arduino15/packages/arduino/tools/arm-none-eabi-gcc/4.8.3-2014q1/bin/../lib/gcc/arm-none-eabi/4.8.3/armv6-m\libgcc.a(floatsidf.o)
                0x0000aadc                __aeabi_i2d
 .text          0x0000ab58      0x118 c:/users/alex/appdata/local/arduino15/packages/arduino/tools/arm-none-eabi-gcc/4.8.3-2014q1/bin/../lib/gcc/arm-none-eabi/4.8.3/armv6-m\libgcc.a(truncdfsf2.o)
                0x0000ab58                __aeabi_d2f
 .text          0x0000ac70       0x3c c:/users/alex/appdata/local/arduino15/packages/arduino/tools/arm-none-eabi-gcc/4.8.3-2014q1/bin/../lib/gcc/arm-none-eabi/4.8.3/armv6-m\libgcc.a(_clzsi2.o)
                0x0000ac70                __clzsi2
 .text.__aeabi_atexit
                0x0000acac        0xe c:/users/alex/appdata/local/arduino15/packages/arduino/tools/arm-none-eabi-gcc/4.8.3-2014q1/bin/../lib/gcc/arm-none-eabi/4.8.3/../../../../arm-none-eabi/lib/armv6-m\libc_s.a(lib_a-aeabi_atexit.o)
                0x0000acac                __aeabi_atexit
 *fill*         0x0000acba        0x2 
 .text.__cxa_atexit
                0x0000acbc       0x20 c:/users/alex/appdata/local/arduino15/packages/arduino/tools/arm-none-eabi-gcc/4.8.3-2014q1/bin/../lib/gcc/arm-none-eabi/4.8.3/../../../../arm-none-eabi/lib/armv6-m\libc_s.a(lib_a-cxa_atexit.o)
                0x0000acbc                __cxa_atexit
 .text.__libc_init_array
                0x0000acdc       0x4c c:/users/alex/appdata/local/arduino15/packages/arduino/tools/arm-none-eabi-gcc/4.8.3-2014q1/bin/../lib/gcc/arm-none-eabi/4.8.3/../../../../arm-none-eabi/lib/armv6-m\libc_s.a(lib_a-init.o)
                0x0000acdc                __libc_init_array
 .text.malloc   0x0000ad28       0x14 c:/users/alex/appdata/local/arduino15/packages/arduino/tools/arm-none-eabi-gcc/4.8.3-2014q1/bin/../lib/gcc/arm-none-eabi/4.8.3/../../../../arm-none-eabi/lib/armv6-m\libc_s.a(lib_a-malloc.o)
                0x0000ad28                malloc
 .text.free     0x0000ad3c       0x14 c:/users/alex/appdata/local/arduino15/packages/arduino/tools/arm-none-eabi-gcc/4.8.3-2014q1/bin/../lib/gcc/arm-none-eabi/4.8.3/../../../../arm-none-eabi/lib/armv6-m\libc_s.a(lib_a-malloc.o)
                0x0000ad3c                free
 .text.memcpy   0x0000ad50       0x12 c:/users/alex/appdata/local/arduino15/packages/arduino/tools/arm-none-eabi-gcc/4.8.3-2014q1/bin/../lib/gcc/arm-none-eabi/4.8.3/../../../../arm-none-eabi/lib/armv6-m\libc_s.a(lib_a-memcpy-stub.o)
                0x0000ad50                memcpy
 .text.memset   0x0000ad62       0x10 c:/users/alex/appdata/local/arduino15/packages/arduino/tools/arm-none-eabi-gcc/4.8.3-2014q1/bin/../lib/gcc/arm-none-eabi/4.8.3/../../../../arm-none-eabi/lib/armv6-m\libc_s.a(lib_a-memset.o)
                0x0000ad62                memset
 *fill*         0x0000ad72        0x2 
 .text._free_r  0x0000ad74       0x90 c:/users/alex/appdata/local/arduino15/packages/arduino/tools/arm-none-eabi-gcc/4.8.3-2014q1/bin/../lib/gcc/arm-none-eabi/4.8.3/../../../../arm-none-eabi/lib/armv6-m\libc_s.a(lib_a-nano-freer.o)
                0x0000ad74                _free_r
 .text._malloc_r
                0x0000ae04       0xa8 c:/users/alex/appdata/local/arduino15/packages/arduino/tools/arm-none-eabi-gcc/4.8.3-2014q1/bin/../lib/gcc/arm-none-eabi/4.8.3/../../../../arm-none-eabi/lib/armv6-m\libc_s.a(lib_a-nano-mallocr.o)
                0x0000ae04                _malloc_r
 .text.realloc  0x0000aeac       0x18 c:/users/alex/appdata/local/arduino15/packages/arduino/tools/arm-none-eabi-gcc/4.8.3-2014q1/bin/../lib/gcc/arm-none-eabi/4.8.3/../../../../arm-none-eabi/lib/armv6-m\libc_s.a(lib_a-realloc.o)
                0x0000aeac                realloc
 .text._sbrk_r  0x0000aec4       0x24 c:/users/alex/appdata/local/arduino15/packages/arduino/tools/arm-none-eabi-gcc/4.8.3-2014q1/bin/../lib/gcc/arm-none-eabi/4.8.3/../../../../arm-none-eabi/lib/armv6-m\libc_s.a(lib_a-sbrkr.o)
                0x0000aec4                _sbrk_r
 .text          0x0000aee8       0x14 c:/users/alex/appdata/local/arduino15/packages/arduino/tools/arm-none-eabi-gcc/4.8.3-2014q1/bin/../lib/gcc/arm-none-eabi/4.8.3/../../../../arm-none-eabi/lib/armv6-m\libc_s.a(lib_a-strcmp.o)
                0x0000aee8                strcmp
 .text.strcpy   0x0000aefc       0x10 c:/users/alex/appdata/local/arduino15/packages/arduino/tools/arm-none-eabi-gcc/4.8.3-2014q1/bin/../lib/gcc/arm-none-eabi/4.8.3/../../../../arm-none-eabi/lib/armv6-m\libc_s.a(lib_a-strcpy.o)
                0x0000aefc                strcpy
 .text.strlen   0x0000af0c        0xe c:/users/alex/appdata/local/arduino15/packages/arduino/tools/arm-none-eabi-gcc/4.8.3-2014q1/bin/../lib/gcc/arm-none-eabi/4.8.3/../../../../arm-none-eabi/lib/armv6-m\libc_s.a(lib_a-strlen.o)
                0x0000af0c                strlen
 .text.strncpy  0x0000af1a       0x28 c:/users/alex/appdata/local/arduino15/packages/arduino/tools/arm-none-eabi-gcc/4.8.3-2014q1/bin/../lib/gcc/arm-none-eabi/4.8.3/../../../../arm-none-eabi/lib/armv6-m\libc_s.a(lib_a-strncpy.o)
                0x0000af1a                strncpy
 .text._realloc_r
                0x0000af42       0x4c c:/users/alex/appdata/local/arduino15/packages/arduino/tools/arm-none-eabi-gcc/4.8.3-2014q1/bin/../lib/gcc/arm-none-eabi/4.8.3/../../../../arm-none-eabi/lib/armv6-m\libc_s.a(lib_a-nano-reallocr.o)
                0x0000af42                _realloc_r
 .text._malloc_usable_size_r
                0x0000af8e       0x12 c:/users/alex/appdata/local/arduino15/packages/arduino/tools/arm-none-eabi-gcc/4.8.3-2014q1/bin/../lib/gcc/arm-none-eabi/4.8.3/../../../../arm-none-eabi/lib/armv6-m\libc_s.a(lib_a-nano-msizer.o)
                0x0000af8e                _malloc_usable_size_r
 .text._sbrk    0x0000afa0       0x34 c:/users/alex/appdata/local/arduino15/packages/arduino/tools/arm-none-eabi-gcc/4.8.3-2014q1/bin/../lib/gcc/arm-none-eabi/4.8.3/../../../../arm-none-eabi/lib/armv6-m\libnosys.a(sbrk.o)
                0x0000afa0                _sbrk
 *(.init)
 .init          0x0000afd4        0x4 c:/users/alex/appdata/local/arduino15/packages/arduino/tools/arm-none-eabi-gcc/4.8.3-2014q1/bin/../lib/gcc/arm-none-eabi/4.8.3/armv6-m/crti.o
                0x0000afd4                _init
 .init          0x0000afd8        0x8 c:/users/alex/appdata/local/arduino15/packages/arduino/tools/arm-none-eabi-gcc/4.8.3-2014q1/bin/../lib/gcc/arm-none-eabi/4.8.3/armv6-m/crtn.o
 *(.fini)
 .fini          0x0000afe0        0x4 c:/users/alex/appdata/local/arduino15/packages/arduino/tools/arm-none-eabi-gcc/4.8.3-2014q1/bin/../lib/gcc/arm-none-eabi/4.8.3/armv6-m/crti.o
                0x0000afe0                _fini