Archive member included because of file (symbol)

C:\Users\moseichuk\AppData\Local\Temp\VMBuilds\TestDisplay2_4ISP_SAMD21G18A\MattairTech_Arduino_arduino_zero_native\Debug/core.a(cortex_handlers.c.o)
                              (Reset_Handler)
C:\Users\moseichuk\AppData\Local\Temp\VMBuilds\TestDisplay2_4ISP_SAMD21G18A\MattairTech_Arduino_arduino_zero_native\Debug/core.a(delay.c.o)
                              C:\Users\moseichuk\AppData\Local\Temp\VMBuilds\TestDisplay2_4ISP_SAMD21G18A\MattairTech_Arduino_arduino_zero_native\Debug\TestDisplay2_4ISP_SAMD21G18A.cpp.o (micros)
C:\Users\moseichuk\AppData\Local\Temp\VMBuilds\TestDisplay2_4ISP_SAMD21G18A\MattairTech_Arduino_arduino_zero_native\Debug/core.a(hooks.c.o)
                              C:\Users\moseichuk\AppData\Local\Temp\VMBuilds\TestDisplay2_4ISP_SAMD21G18A\MattairTech_Arduino_arduino_zero_native\Debug\TestDisplay2_4ISP_SAMD21G18A.cpp.o (yield)
C:\Users\moseichuk\AppData\Local\Temp\VMBuilds\TestDisplay2_4ISP_SAMD21G18A\MattairTech_Arduino_arduino_zero_native\Debug/core.a(startup.c.o)
                              C:\Users\moseichuk\AppData\Local\Temp\VMBuilds\TestDisplay2_4ISP_SAMD21G18A\MattairTech_Arduino_arduino_zero_native\Debug/core.a(cortex_handlers.c.o) (SystemInit)
C:\Users\moseichuk\AppData\Local\Temp\VMBuilds\TestDisplay2_4ISP_SAMD21G18A\MattairTech_Arduino_arduino_zero_native\Debug/core.a(wiring.c.o)
                              C:\Users\moseichuk\AppData\Local\Temp\VMBuilds\TestDisplay2_4ISP_SAMD21G18A\MattairTech_Arduino_arduino_zero_native\Debug/core.a(startup.c.o) (SystemCoreClock)
C:\Users\moseichuk\AppData\Local\Temp\VMBuilds\TestDisplay2_4ISP_SAMD21G18A\MattairTech_Arduino_arduino_zero_native\Debug/core.a(wiring_analog.c.o)
                              C:\Users\moseichuk\AppData\Local\Temp\VMBuilds\TestDisplay2_4ISP_SAMD21G18A\MattairTech_Arduino_arduino_zero_native\Debug/core.a(wiring.c.o) (analogReference)
C:\Users\moseichuk\AppData\Local\Temp\VMBuilds\TestDisplay2_4ISP_SAMD21G18A\MattairTech_Arduino_arduino_zero_native\Debug/core.a(wiring_digital.c.o)
                              C:\Users\moseichuk\AppData\Local\Temp\VMBuilds\TestDisplay2_4ISP_SAMD21G18A\MattairTech_Arduino_arduino_zero_native\Debug\Adafruit_ILI9341\Adafruit_ILI9341.cpp.o (pinMode)
C:\Users\moseichuk\AppData\Local\Temp\VMBuilds\TestDisplay2_4ISP_SAMD21G18A\MattairTech_Arduino_arduino_zero_native\Debug/core.a(wiring_private.c.o)
                              C:\Users\moseichuk\AppData\Local\Temp\VMBuilds\TestDisplay2_4ISP_SAMD21G18A\MattairTech_Arduino_arduino_zero_native\Debug\SPI\SPI.cpp.o (pinPeripheral)
C:\Users\moseichuk\AppData\Local\Temp\VMBuilds\TestDisplay2_4ISP_SAMD21G18A\MattairTech_Arduino_arduino_zero_native\Debug/core.a(abi.cpp.o)
                              C:\Users\moseichuk\AppData\Local\Temp\VMBuilds\TestDisplay2_4ISP_SAMD21G18A\MattairTech_Arduino_arduino_zero_native\Debug\Adafruit_GFX\Adafruit_GFX.cpp.o (__cxa_pure_virtual)
C:\Users\moseichuk\AppData\Local\Temp\VMBuilds\TestDisplay2_4ISP_SAMD21G18A\MattairTech_Arduino_arduino_zero_native\Debug/core.a(main.cpp.o)
                              c:/users/moseichuk/appdata/local/arduino15/packages/arduino/tools/arm-none-eabi-gcc/4.8.3-2014q1/bin/../lib/gcc/arm-none-eabi/4.8.3/../../../../arm-none-eabi/lib/armv6-m/crt0.o (main)
C:\Users\moseichuk\AppData\Local\Temp\VMBuilds\TestDisplay2_4ISP_SAMD21G18A\MattairTech_Arduino_arduino_zero_native\Debug/core.a(Print.cpp.o)
                              C:\Users\moseichuk\AppData\Local\Temp\VMBuilds\TestDisplay2_4ISP_SAMD21G18A\MattairTech_Arduino_arduino_zero_native\Debug\Adafruit_GFX\Adafruit_GFX.cpp.o (Print::write(unsigned char const*, unsigned int))
C:\Users\moseichuk\AppData\Local\Temp\VMBuilds\TestDisplay2_4ISP_SAMD21G18A\MattairTech_Arduino_arduino_zero_native\Debug/core.a(Reset.cpp.o)
                              C:\Users\moseichuk\AppData\Local\Temp\VMBuilds\TestDisplay2_4ISP_SAMD21G18A\MattairTech_Arduino_arduino_zero_native\Debug/core.a(delay.c.o) (tickReset)
C:\Users\moseichuk\AppData\Local\Temp\VMBuilds\TestDisplay2_4ISP_SAMD21G18A\MattairTech_Arduino_arduino_zero_native\Debug/core.a(SERCOM.cpp.o)
                              C:\Users\moseichuk\AppData\Local\Temp\VMBuilds\TestDisplay2_4ISP_SAMD21G18A\MattairTech_Arduino_arduino_zero_native\Debug\variant\variant.cpp.o (SERCOM::SERCOM(Sercom*))
C:\Users\moseichuk\AppData\Local\Temp\VMBuilds\TestDisplay2_4ISP_SAMD21G18A\MattairTech_Arduino_arduino_zero_native\Debug/core.a(Uart.cpp.o)
                              C:\Users\moseichuk\AppData\Local\Temp\VMBuilds\TestDisplay2_4ISP_SAMD21G18A\MattairTech_Arduino_arduino_zero_native\Debug\variant\variant.cpp.o (Uart::Uart(SERCOM*, unsigned char, unsigned char, SercomRXPad, SercomUartTXPad))
C:\Users\moseichuk\AppData\Local\Temp\VMBuilds\TestDisplay2_4ISP_SAMD21G18A\MattairTech_Arduino_arduino_zero_native\Debug/core.a(CDC.cpp.o)
[...]
Memory Configuration

Name             Origin             Length             Attributes
FLASH            0x00002000         0x0003e000         xr
RAM              0x20000000         0x00008000         xrw
*default*        0x00000000         0xffffffff

Linker script and memory map

LOAD c:/users/moseichuk/appdata/local/arduino15/packages/arduino/tools/arm-none-eabi-gcc/4.8.3-2014q1/bin/../lib/gcc/arm-none-eabi/4.8.3/armv6-m/crti.o
LOAD c:/users/moseichuk/appdata/local/arduino15/packages/arduino/tools/arm-none-eabi-gcc/4.8.3-2014q1/bin/../lib/gcc/arm-none-eabi/4.8.3/armv6-m/crtbegin.o
LOAD c:/users/moseichuk/appdata/local/arduino15/packages/arduino/tools/arm-none-eabi-gcc/4.8.3-2014q1/bin/../lib/gcc/arm-none-eabi/4.8.3/../../../../arm-none-eabi/lib/armv6-m/crt0.o
LOAD C:\Users\moseichuk\AppData\Local\Temp\VMBuilds\TestDisplay2_4ISP_SAMD21G18A\MattairTech_Arduino_arduino_zero_native\Debug\TestDisplay2_4ISP_SAMD21G18A.cpp.o
LOAD C:\Users\moseichuk\AppData\Local\Temp\VMBuilds\TestDisplay2_4ISP_SAMD21G18A\MattairTech_Arduino_arduino_zero_native\Debug\Adafruit_GFX\glcdfont.c.o
LOAD C:\Users\moseichuk\AppData\Local\Temp\VMBuilds\TestDisplay2_4ISP_SAMD21G18A\MattairTech_Arduino_arduino_zero_native\Debug\Adafruit_GFX\Adafruit_GFX.cpp.o
LOAD C:\Users\moseichuk\AppData\Local\Temp\VMBuilds\TestDisplay2_4ISP_SAMD21G18A\MattairTech_Arduino_arduino_zero_native\Debug\Adafruit_ILI9341\Adafruit_ILI9341.cpp.o
LOAD C:\Users\moseichuk\AppData\Local\Temp\VMBuilds\TestDisplay2_4ISP_SAMD21G18A\MattairTech_Arduino_arduino_zero_native\Debug\SPI\SPI.cpp.o
LOAD C:\Users\moseichuk\AppData\Local\Temp\VMBuilds\TestDisplay2_4ISP_SAMD21G18A\MattairTech_Arduino_arduino_zero_native\Debug\UTouch\UTouch.cpp.o
LOAD C:\Users\moseichuk\AppData\Local\Temp\VMBuilds\TestDisplay2_4ISP_SAMD21G18A\MattairTech_Arduino_arduino_zero_native\Debug\variant\variant.cpp.o
START GROUP
LOAD c:/users/moseichuk/appdata/local/arduino15/packages/arduino/tools/arm-none-eabi-gcc/4.8.3-2014q1/bin/../lib/gcc/arm-none-eabi/4.8.3/../../../../arm-none-eabi/lib/armv6-m\libm.a
LOAD C:\Users\moseichuk\AppData\Local\Temp\VMBuilds\TestDisplay2_4ISP_SAMD21G18A\MattairTech_Arduino_arduino_zero_native\Debug/core.a
END GROUP
START GROUP
LOAD c:/users/moseichuk/appdata/local/arduino15/packages/arduino/tools/arm-none-eabi-gcc/4.8.3-2014q1/bin/../lib/gcc/arm-none-eabi/4.8.3/armv6-m\libgcc.a
LOAD c:/users/moseichuk/appdata/local/arduino15/packages/arduino/tools/arm-none-eabi-gcc/4.8.3-2014q1/bin/../lib/gcc/arm-none-eabi/4.8.3/../../../../arm-none-eabi/lib/armv6-m\libc_s.a
END GROUP
START GROUP
LOAD c:/users/moseichuk/appdata/local/arduino15/packages/arduino/tools/arm-none-eabi-gcc/4.8.3-2014q1/bin/../lib/gcc/arm-none-eabi/4.8.3/armv6-m\libgcc.a
LOAD c:/users/moseichuk/appdata/local/arduino15/packages/arduino/tools/arm-none-eabi-gcc/4.8.3-2014q1/bin/../lib/gcc/arm-none-eabi/4.8.3/../../../../arm-none-eabi/lib/armv6-m\libc_s.a
LOAD c:/users/moseichuk/appdata/local/arduino15/packages/arduino/tools/arm-none-eabi-gcc/4.8.3-2014q1/bin/../lib/gcc/arm-none-eabi/4.8.3/../../../../arm-none-eabi/lib/armv6-m\libnosys.a
END GROUP
START GROUP
LOAD c:/users/moseichuk/appdata/local/arduino15/packages/arduino/tools/arm-none-eabi-gcc/4.8.3-2014q1/bin/../lib/gcc/arm-none-eabi/4.8.3/armv6-m\libgcc.a
LOAD c:/users/moseichuk/appdata/local/arduino15/packages/arduino/tools/arm-none-eabi-gcc/4.8.3-2014q1/bin/../lib/gcc/arm-none-eabi/4.8.3/../../../../arm-none-eabi/lib/armv6-m\libc_s.a
LOAD c:/users/moseichuk/appdata/local/arduino15/packages/arduino/tools/arm-none-eabi-gcc/4.8.3-2014q1/bin/../lib/gcc/arm-none-eabi/4.8.3/../../../../arm-none-eabi/lib/armv6-m\libnosys.a
END GROUP
LOAD c:/users/moseichuk/appdata/local/arduino15/packages/arduino/tools/arm-none-eabi-gcc/4.8.3-2014q1/bin/../lib/gcc/arm-none-eabi/4.8.3/armv6-m/crtend.o
LOAD c:/users/moseichuk/appdata/local/arduino15/packages/arduino/tools/arm-none-eabi-gcc/4.8.3-2014q1/bin/../lib/gcc/arm-none-eabi/4.8.3/armv6-m/crtn.o

.text           0x00002000     0x4084
 *(.isr_vector)
 .isr_vector    0x00002000       0xb0 C:\Users\moseichuk\AppData\Local\Temp\VMBuilds\TestDisplay2_4ISP_SAMD21G18A\MattairTech_Arduino_arduino_zero_native\Debug/core.a(cortex_handlers.c.o)
                0x00002000                exception_table
 *(.text*)
 .text          0x000020b0       0x60 c:/users/moseichuk/appdata/local/arduino15/packages/arduino/tools/arm-none-eabi-gcc/4.8.3-2014q1/bin/../lib/gcc/arm-none-eabi/4.8.3/armv6-m/crtbegin.o
 .text.loop     0x00002110        0xa C:\Users\moseichuk\AppData\Local\Temp\VMBuilds\TestDisplay2_4ISP_SAMD21G18A\MattairTech_Arduino_arduino_zero_native\Debug\TestDisplay2_4ISP_SAMD21G18A.cpp.o
                0x00002110                loop
 *fill*         0x0000211a        0x2 
 .text.startup._GLOBAL__sub_I_tft
                0x0000211c       0x3c C:\Users\moseichuk\AppData\Local\Temp\VMBuilds\TestDisplay2_4ISP_SAMD21G18A\MattairTech_Arduino_arduino_zero_native\Debug\TestDisplay2_4ISP_SAMD21G18A.cpp.o
 .text._Z11drawButtonsv
                0x00002158      0x100 C:\Users\moseichuk\AppData\Local\Temp\VMBuilds\TestDisplay2_4ISP_SAMD21G18A\MattairTech_Arduino_arduino_zero_native\Debug\TestDisplay2_4ISP_SAMD21G18A.cpp.o
                0x00002158                drawButtons()
 .text.setup    0x00002258       0x60 C:\Users\moseichuk\AppData\Local\Temp\VMBuilds\TestDisplay2_4ISP_SAMD21G18A\MattairTech_Arduino_arduino_zero_native\Debug\TestDisplay2_4ISP_SAMD21G18A.cpp.o
                0x00002258                setup
 .text._ZN12Adafruit_GFX9writeLineEsssst
                0x000022b8       0xd4 C:\Users\moseichuk\AppData\Local\Temp\VMBuilds\TestDisplay2_4ISP_SAMD21G18A\MattairTech_Arduino_arduino_zero_native\Debug\Adafruit_GFX\Adafruit_GFX.cpp.o
                0x000022b8                Adafruit_GFX::writeLine(short, short, short, short, unsigned short)
 .text._ZN12Adafruit_GFX10startWriteEv
                0x0000238c        0x2 C:\Users\moseichuk\AppData\Local\Temp\VMBuilds\TestDisplay2_4ISP_SAMD21G18A\MattairTech_Arduino_arduino_zero_native\Debug\Adafruit_GFX\Adafruit_GFX.cpp.o
                0x0000238c                Adafruit_GFX::startWrite()
 .text._ZN12Adafruit_GFX10writePixelEsst
                0x0000238e        0xa C:\Users\moseichuk\AppData\Local\Temp\VMBuilds\TestDisplay2_4ISP_SAMD21G18A\MattairTech_Arduino_arduino_zero_native\Debug\Adafruit_GFX\Adafruit_GFX.cpp.o
                0x0000238e                Adafruit_GFX::writePixel(short, short, unsigned short)
 .text._ZN12Adafruit_GFX14writeFastVLineEssst
                0x00002398       0x10 C:\Users\moseichuk\AppData\Local\Temp\VMBuilds\TestDisplay2_4ISP_SAMD21G18A\MattairTech_Arduino_arduino_zero_native\Debug\Adafruit_GFX\Adafruit_GFX.cpp.o
                0x00002398                Adafruit_GFX::writeFastVLine(short, short, short, unsigned short)
 .text._ZN12Adafruit_GFX14writeFastHLineEssst
                0x000023a8       0x10 C:\Users\moseichuk\AppData\Local\Temp\VMBuilds\TestDisplay2_4ISP_SAMD21G18A\MattairTech_Arduino_arduino_zero_native\Debug\Adafruit_GFX\Adafruit_GFX.cpp.o
                0x000023a8                Adafruit_GFX::writeFastHLine(short, short, short, unsigned short)
 .text._ZN12Adafruit_GFX13writeFillRectEsssst
                0x000023b8       0x18 C:\Users\moseichuk\AppData\Local\Temp\VMBuilds\TestDisplay2_4ISP_SAMD21G18A\MattairTech_Arduino_arduino_zero_native\Debug\Adafruit_GFX\Adafruit_GFX.cpp.o
                0x000023b8                Adafruit_GFX::writeFillRect(short, short, short, short, unsigned short)
 .text._ZN12Adafruit_GFX8endWriteEv
                0x000023d0        0x2 C:\Users\moseichuk\AppData\Local\Temp\VMBuilds\TestDisplay2_4ISP_SAMD21G18A\MattairTech_Arduino_arduino_zero_native\Debug\Adafruit_GFX\Adafruit_GFX.cpp.o
                0x000023d0                Adafruit_GFX::endWrite()
 .text._ZN12Adafruit_GFX13drawFastVLineEssst
                0x000023d2       0x3e C:\Users\moseichuk\AppData\Local\Temp\VMBuilds\TestDisplay2_4ISP_SAMD21G18A\MattairTech_Arduino_arduino_zero_native\Debug\Adafruit_GFX\Adafruit_GFX.cpp.o
                0x000023d2                Adafruit_GFX::drawFastVLine(short, short, short, unsigned short)
 .text._ZN12Adafruit_GFX13drawFastHLineEssst
                0x00002410       0x3c C:\Users\moseichuk\AppData\Local\Temp\VMBuilds\TestDisplay2_4ISP_SAMD21G18A\MattairTech_Arduino_arduino_zero_native\Debug\Adafruit_GFX\Adafruit_GFX.cpp.o
                0x00002410                Adafruit_GFX::drawFastHLine(short, short, short, unsigned short)
 .text._ZN12Adafruit_GFX8fillRectEsssst
                0x0000244c       0x4e C:\Users\moseichuk\AppData\Local\Temp\VMBuilds\TestDisplay2_4ISP_SAMD21G18A\MattairTech_Arduino_arduino_zero_native\Debug\Adafruit_GFX\Adafruit_GFX.cpp.o
                0x0000244c                Adafruit_GFX::fillRect(short, short, short, short, unsigned short)
 .text._ZN12Adafruit_GFX10fillScreenEt
                0x0000249a       0x1a C:\Users\moseichuk\AppData\Local\Temp\VMBuilds\TestDisplay2_4ISP_SAMD21G18A\MattairTech_Arduino_arduino_zero_native\Debug\Adafruit_GFX\Adafruit_GFX.cpp.o
                0x0000249a                Adafruit_GFX::fillScreen(unsigned short)
 .text._ZN12Adafruit_GFX8drawLineEsssst
                0x000024b4       0x84 C:\Users\moseichuk\AppData\Local\Temp\VMBuilds\TestDisplay2_4ISP_SAMD21G18A\MattairTech_Arduino_arduino_zero_native\Debug\Adafruit_GFX\Adafruit_GFX.cpp.o
                0x000024b4                Adafruit_GFX::drawLine(short, short, short, short, unsigned short)
 .text._ZN12Adafruit_GFX8drawRectEsssst
                0x00002538       0x84 C:\Users\moseichuk\AppData\Local\Temp\VMBuilds\TestDisplay2_4ISP_SAMD21G18A\MattairTech_Arduino_arduino_zero_native\Debug\Adafruit_GFX\Adafruit_GFX.cpp.o
                0x00002538                Adafruit_GFX::drawRect(short, short, short, short, unsigned short)
 .text._ZN12Adafruit_GFX13invertDisplayEb
                0x000025bc        0x2 C:\Users\moseichuk\AppData\Local\Temp\VMBuilds\TestDisplay2_4ISP_SAMD21G18A\MattairTech_Arduino_arduino_zero_native\Debug\Adafruit_GFX\Adafruit_GFX.cpp.o
                0x000025bc                Adafruit_GFX::invertDisplay(bool)
 .text._ZN12Adafruit_GFX11setRotationEh
                0x000025be       0x1e C:\Users\moseichuk\AppData\Local\Temp\VMBuilds\TestDisplay2_4ISP_SAMD21G18A\MattairTech_Arduino_arduino_zero_native\Debug\Adafruit_GFX\Adafruit_GFX.cpp.o
                0x000025be                Adafruit_GFX::setRotation(unsigned char)
 .text._ZN12Adafruit_GFXC2Ess
                0x000025dc       0x30 C:\Users\moseichuk\AppData\Local\Temp\VMBuilds\TestDisplay2_4ISP_SAMD21G18A\MattairTech_Arduino_arduino_zero_native\Debug\Adafruit_GFX\Adafruit_GFX.cpp.o
                0x000025dc                Adafruit_GFX::Adafruit_GFX(short, short)
                0x000025dc                Adafruit_GFX::Adafruit_GFX(short, short)
 .text._ZN12Adafruit_GFX16drawCircleHelperEsssht
                0x0000260c      0x17c C:\Users\moseichuk\AppData\Local\Temp\VMBuilds\TestDisplay2_4ISP_SAMD21G18A\MattairTech_Arduino_arduino_zero_native\Debug\Adafruit_GFX\Adafruit_GFX.cpp.o
                0x0000260c                Adafruit_GFX::drawCircleHelper(short, short, short, unsigned char, unsigned short)
 .text._ZN12Adafruit_GFX16fillCircleHelperEssshst
                0x00002788      0x14c C:\Users\moseichuk\AppData\Local\Temp\VMBuilds\TestDisplay2_4ISP_SAMD21G18A\MattairTech_Arduino_arduino_zero_native\Debug\Adafruit_GFX\Adafruit_GFX.cpp.o
                0x00002788                Adafruit_GFX::fillCircleHelper(short, short, short, unsigned char, short, unsigned short)
 .text._ZN12Adafruit_GFX13drawRoundRectEssssst
                0x000028d4      0x126 C:\Users\moseichuk\AppData\Local\Temp\VMBuilds\TestDisplay2_4ISP_SAMD21G18A\MattairTech_Arduino_arduino_zero_native\Debug\Adafruit_GFX\Adafruit_GFX.cpp.o
                0x000028d4                Adafruit_GFX::drawRoundRect(short, short, short, short, short, unsigned short)
 .text._ZN12Adafruit_GFX13fillRoundRectEssssst
                0x000029fa       0xae C:\Users\moseichuk\AppData\Local\Temp\VMBuilds\TestDisplay2_4ISP_SAMD21G18A\MattairTech_Arduino_arduino_zero_native\Debug\Adafruit_GFX\Adafruit_GFX.cpp.o
                0x000029fa                Adafruit_GFX::fillRoundRect(short, short, short, short, short, unsigned short)
 .text._ZN12Adafruit_GFX8drawCharEsshtth
                0x00002aa8      0x2a4 C:\Users\moseichuk\AppData\Local\Temp\VMBuilds\TestDisplay2_4ISP_SAMD21G18A\MattairTech_Arduino_arduino_zero_native\Debug\Adafruit_GFX\Adafruit_GFX.cpp.o
                0x00002aa8                Adafruit_GFX::drawChar(short, short, unsigned char, unsigned short, unsigned short, unsigned char)
 .text._ZN12Adafruit_GFX5writeEh
                0x00002d4c       0xf6 C:\Users\moseichuk\AppData\Local\Temp\VMBuilds\TestDisplay2_4ISP_SAMD21G18A\MattairTech_Arduino_arduino_zero_native\Debug\Adafruit_GFX\Adafruit_GFX.cpp.o
                0x00002d4c                Adafruit_GFX::write(unsigned char)
 .text._ZN12Adafruit_GFX9setCursorEss
                0x00002e42        0x6 C:\Users\moseichuk\AppData\Local\Temp\VMBuilds\TestDisplay2_4ISP_SAMD21G18A\MattairTech_Arduino_arduino_zero_native\Debug\Adafruit_GFX\Adafruit_GFX.cpp.o
                0x00002e42                Adafruit_GFX::setCursor(short, short)
 .text._ZN12Adafruit_GFX11setTextSizeEh
                0x00002e48        0xa C:\Users\moseichuk\AppData\Local\Temp\VMBuilds\TestDisplay2_4ISP_SAMD21G18A\MattairTech_Arduino_arduino_zero_native\Debug\Adafruit_GFX\Adafruit_GFX.cpp.o
                0x00002e48                Adafruit_GFX::setTextSize(unsigned char)
 .text._ZN16Adafruit_ILI934114writeFastVLineEssst
                0x00002e52       0x14 C:\Users\moseichuk\AppData\Local\Temp\VMBuilds\TestDisplay2_4ISP_SAMD21G18A\MattairTech_Arduino_arduino_zero_native\Debug\Adafruit_ILI9341\Adafruit_ILI9341.cpp.o
                0x00002e52                Adafruit_ILI9341::writeFastVLine(short, short, short, unsigned short)
 .text._ZN16Adafruit_ILI934114writeFastHLineEssst
                0x00002e66       0x14 C:\Users\moseichuk\AppData\Local\Temp\VMBuilds\TestDisplay2_4ISP_SAMD21G18A\MattairTech_Arduino_arduino_zero_native\Debug\Adafruit_ILI9341\Adafruit_ILI9341.cpp.o
                0x00002e66                Adafruit_ILI9341::writeFastHLine(short, short, short, unsigned short)
 .text._ZN16Adafruit_ILI93419drawPixelEsst
                0x00002e7a       0x2a C:\Users\moseichuk\AppData\Local\Temp\VMBuilds\TestDisplay2_4ISP_SAMD21G18A\MattairTech_Arduino_arduino_zero_native\Debug\Adafruit_ILI9341\Adafruit_ILI9341.cpp.o
                0x00002e7a                Adafruit_ILI9341::drawPixel(short, short, unsigned short)
 .text._ZN16Adafruit_ILI934113drawFastVLineEssst
                0x00002ea4       0x32 C:\Users\moseichuk\AppData\Local\Temp\VMBuilds\TestDisplay2_4ISP_SAMD21G18A\MattairTech_Arduino_arduino_zero_native\Debug\Adafruit_ILI9341\Adafruit_ILI9341.cpp.o
                0x00002ea4                Adafruit_ILI9341::drawFastVLine(short, short, short, unsigned short)
 .text._ZN16Adafruit_ILI934113drawFastHLineEssst
                0x00002ed6       0x32 C:\Users\moseichuk\AppData\Local\Temp\VMBuilds\TestDisplay2_4ISP_SAMD21G18A\MattairTech_Arduino_arduino_zero_native\Debug\Adafruit_ILI9341\Adafruit_ILI9341.cpp.o
                0x00002ed6                Adafruit_ILI9341::drawFastHLine(short, short, short, unsigned short)
 .text._ZN16Adafruit_ILI93418fillRectEsssst
                0x00002f08       0x3a C:\Users\moseichuk\AppData\Local\Temp\VMBuilds\TestDisplay2_4ISP_SAMD21G18A\MattairTech_Arduino_arduino_zero_native\Debug\Adafruit_ILI9341\Adafruit_ILI9341.cpp.o
                0x00002f08                Adafruit_ILI9341::fillRect(short, short, short, short, unsigned short)
 *fill*         0x00002f42        0x2 
 .text._ZN16Adafruit_ILI93418endWriteEv
                0x00002f44       0x20 C:\Users\moseichuk\AppData\Local\Temp\VMBuilds\TestDisplay2_4ISP_SAMD21G18A\MattairTech_Arduino_arduino_zero_native\Debug\Adafruit_ILI9341\Adafruit_ILI9341.cpp.o
                0x00002f44                Adafruit_ILI9341::endWrite()
 .text._ZN16Adafruit_ILI934110startWriteEv
                0x00002f64       0x3c C:\Users\moseichuk\AppData\Local\Temp\VMBuilds\TestDisplay2_4ISP_SAMD21G18A\MattairTech_Arduino_arduino_zero_native\Debug\Adafruit_ILI9341\Adafruit_ILI9341.cpp.o
                0x00002f64                Adafruit_ILI9341::startWrite()
 .text._ZN16Adafruit_ILI93418color565Ehhh
                0x00002fa0       0x14 C:\Users\moseichuk\AppData\Local\Temp\VMBuilds\TestDisplay2_4ISP_SAMD21G18A\MattairTech_Arduino_arduino_zero_native\Debug\Adafruit_ILI9341\Adafruit_ILI9341.cpp.o
                0x00002fa0                Adafruit_ILI9341::color565(unsigned char, unsigned char, unsigned char)
 .text._ZN16Adafruit_ILI9341C2Eaaaaaa
                0x00002fb4       0xf0 C:\Users\moseichuk\AppData\Local\Temp\VMBuilds\TestDisplay2_4ISP_SAMD21G18A\MattairTech_Arduino_arduino_zero_native\Debug\Adafruit_ILI9341\Adafruit_ILI9341.cpp.o
                0x00002fb4                Adafruit_ILI9341::Adafruit_ILI9341(signed char, signed char, signed char, signed char, signed char, signed char)
                0x00002fb4                Adafruit_ILI9341::Adafruit_ILI9341(signed char, signed char, signed char, signed char, signed char, signed char)
 .text._ZN16Adafruit_ILI93418spiWriteEh
                0x000030a4       0x48 C:\Users\moseichuk\AppData\Local\Temp\VMBuilds\TestDisplay2_4ISP_SAMD21G18A\MattairTech_Arduino_arduino_zero_native\Debug\Adafruit_ILI9341\Adafruit_ILI9341.cpp.o
                0x000030a4                Adafruit_ILI9341::spiWrite(unsigned char)
 .text._ZN16Adafruit_ILI934112writeCommandEh
                0x000030ec       0x20 C:\Users\moseichuk\AppData\Local\Temp\VMBuilds\TestDisplay2_4ISP_SAMD21G18A\MattairTech_Arduino_arduino_zero_native\Debug\Adafruit_ILI9341\Adafruit_ILI9341.cpp.o
                0x000030ec                Adafruit_ILI9341::writeCommand(unsigned char)
 .text._ZN16Adafruit_ILI93415beginEm
                0x0000310c      0x3b4 C:\Users\moseichuk\AppData\Local\Temp\VMBuilds\TestDisplay2_4ISP_SAMD21G18A\MattairTech_Arduino_arduino_zero_native\Debug\Adafruit_ILI9341\Adafruit_ILI9341.cpp.o
                0x0000310c                Adafruit_ILI9341::begin(unsigned long)
 .text._ZN16Adafruit_ILI934111setRotationEh
                0x000034c0       0x5c C:\Users\moseichuk\AppData\Local\Temp\VMBuilds\TestDisplay2_4ISP_SAMD21G18A\MattairTech_Arduino_arduino_zero_native\Debug\Adafruit_ILI9341\Adafruit_ILI9341.cpp.o
                0x000034c0                Adafruit_ILI9341::setRotation(unsigned char)
 .text._ZN16Adafruit_ILI934113invertDisplayEb
                0x0000351c       0x24 C:\Users\moseichuk\AppData\Local\Temp\VMBuilds\TestDisplay2_4ISP_SAMD21G18A\MattairTech_Arduino_arduino_zero_native\Debug\Adafruit_ILI9341\Adafruit_ILI9341.cpp.o
                0x0000351c                Adafruit_ILI9341::invertDisplay(bool)
 .text._ZN16Adafruit_ILI934113setAddrWindowEtttt
                0x00003540       0xec C:\Users\moseichuk\AppData\Local\Temp\VMBuilds\TestDisplay2_4ISP_SAMD21G18A\MattairTech_Arduino_arduino_zero_native\Debug\Adafruit_ILI9341\Adafruit_ILI9341.cpp.o
                0x00003540                Adafruit_ILI9341::setAddrWindow(unsigned short, unsigned short, unsigned short, unsigned short)
 .text._ZN16Adafruit_ILI934110writePixelEt
                0x0000362c       0x38 C:\Users\moseichuk\AppData\Local\Temp\VMBuilds\TestDisplay2_4ISP_SAMD21G18A\MattairTech_Arduino_arduino_zero_native\Debug\Adafruit_ILI9341\Adafruit_ILI9341.cpp.o
                0x0000362c                Adafruit_ILI9341::writePixel(unsigned short)
 .text._ZN16Adafruit_ILI934110writePixelEsst
                0x00003664       0x36 C:\Users\moseichuk\AppData\Local\Temp\VMBuilds\TestDisplay2_4ISP_SAMD21G18A\MattairTech_Arduino_arduino_zero_native\Debug\Adafruit_ILI9341\Adafruit_ILI9341.cpp.o
                0x00003664                Adafruit_ILI9341::writePixel(short, short, unsigned short)
 *fill*         0x0000369a        0x2 
 .text._ZN16Adafruit_ILI934110writeColorEtm
                0x0000369c       0x48 C:\Users\moseichuk\AppData\Local\Temp\VMBuilds\TestDisplay2_4ISP_SAMD21G18A\MattairTech_Arduino_arduino_zero_native\Debug\Adafruit_ILI9341\Adafruit_ILI9341.cpp.o
                0x0000369c                Adafruit_ILI9341::writeColor(unsigned short, unsigned long)
 .text._ZN16Adafruit_ILI934113writeFillRectEsssst
                0x000036e4       0x94 C:\Users\moseichuk\AppData\Local\Temp\VMBuilds\TestDisplay2_4ISP_SAMD21G18A\MattairTech_Arduino_arduino_zero_native\Debug\Adafruit_ILI9341\Adafruit_ILI9341.cpp.o
                0x000036e4                Adafruit_ILI9341::writeFillRect(short, short, short, short, unsigned short)
 .text._ZN8SPIClass4initEv
                0x00003778       0x12 C:\Users\moseichuk\AppData\Local\Temp\VMBuilds\TestDisplay2_4ISP_SAMD21G18A\MattairTech_Arduino_arduino_zero_native\Debug\SPI\SPI.cpp.o
                0x00003778                SPIClass::init()
 .text._ZN8SPIClass6configE11SPISettings
                0x0000378a       0x36 C:\Users\moseichuk\AppData\Local\Temp\VMBuilds\TestDisplay2_4ISP_SAMD21G18A\MattairTech_Arduino_arduino_zero_native\Debug\SPI\SPI.cpp.o
                0x0000378a                SPIClass::config(SPISettings)
 .text._ZN8SPIClass5beginEv
                0x000037c0       0x30 C:\Users\moseichuk\AppData\Local\Temp\VMBuilds\TestDisplay2_4ISP_SAMD21G18A\MattairTech_Arduino_arduino_zero_native\Debug\SPI\SPI.cpp.o
                0x000037c0                SPIClass::begin()
 .text._ZN8SPIClass16beginTransactionE11SPISettings
                0x000037f0       0x3c C:\Users\moseichuk\AppData\Local\Temp\VMBuilds\TestDisplay2_4ISP_SAMD21G18A\MattairTech_Arduino_arduino_zero_native\Debug\SPI\SPI.cpp.o
                0x000037f0                SPIClass::beginTransaction(SPISettings)
 .text._ZN8SPIClass14endTransactionEv
                0x0000382c       0x28 C:\Users\moseichuk\AppData\Local\Temp\VMBuilds\TestDisplay2_4ISP_SAMD21G18A\MattairTech_Arduino_arduino_zero_native\Debug\SPI\SPI.cpp.o
                0x0000382c                SPIClass::endTransaction()
 .text._ZN8SPIClass8transferEh
                0x00003854       0x14 C:\Users\moseichuk\AppData\Local\Temp\VMBuilds\TestDisplay2_4ISP_SAMD21G18A\MattairTech_Arduino_arduino_zero_native\Debug\SPI\SPI.cpp.o
                0x00003854                SPIClass::transfer(unsigned char)
 .text.startup._GLOBAL__sub_I__ZN8SPIClassC2EP6SERCOMhhh14SercomSpiTXPad11SercomRXPad
                0x00003868       0x58 C:\Users\moseichuk\AppData\Local\Temp\VMBuilds\TestDisplay2_4ISP_SAMD21G18A\MattairTech_Arduino_arduino_zero_native\Debug\SPI\SPI.cpp.o
 .text._ZN6UTouchC2Ehhhhh
                0x000038c0       0x16 C:\Users\moseichuk\AppData\Local\Temp\VMBuilds\TestDisplay2_4ISP_SAMD21G18A\MattairTech_Arduino_arduino_zero_native\Debug\UTouch\UTouch.cpp.o
                0x000038c0                UTouch::UTouch(unsigned char, unsigned char, unsigned char, unsigned char, unsigned char)
                0x000038c0                UTouch::UTouch(unsigned char, unsigned char, unsigned char, unsigned char, unsigned char)
 *fill*         0x000038d6        0x2 
 .text._ZN6UTouch9InitTouchEh
                0x000038d8       0x7c C:\Users\moseichuk\AppData\Local\Temp\VMBuilds\TestDisplay2_4ISP_SAMD21G18A\MattairTech_Arduino_arduino_zero_native\Debug\UTouch\UTouch.cpp.o
                0x000038d8                UTouch::InitTouch(unsigned char)
 .text._ZN6UTouch12setPrecisionEh
                0x00003954       0x24 C:\Users\moseichuk\AppData\Local\Temp\VMBuilds\TestDisplay2_4ISP_SAMD21G18A\MattairTech_Arduino_arduino_zero_native\Debug\UTouch\UTouch.cpp.o
                0x00003954                UTouch::setPrecision(unsigned char)
 .text.SERCOM0_Handler
                0x00003978       0x10 C:\Users\moseichuk\AppData\Local\Temp\VMBuilds\TestDisplay2_4ISP_SAMD21G18A\MattairTech_Arduino_arduino_zero_native\Debug\variant\variant.cpp.o
                0x00003978                SERCOM0_Handler
 .text.SERCOM5_Handler
                0x00003988       0x10 C:\Users\moseichuk\AppData\Local\Temp\VMBuilds\TestDisplay2_4ISP_SAMD21G18A\MattairTech_Arduino_arduino_zero_native\Debug\variant\variant.cpp.o
                0x00003988                SERCOM5_Handler
 .text.startup._GLOBAL__sub_I_g_APinDescription
                0x00003998       0x94 C:\Users\moseichuk\AppData\Local\Temp\VMBuilds\TestDisplay2_4ISP_SAMD21G18A\MattairTech_Arduino_arduino_zero_native\Debug\variant\variant.cpp.o
 .text.Dummy_Handler
                0x00003a2c        0x2 C:\Users\moseichuk\AppData\Local\Temp\VMBuilds\TestDisplay2_4ISP_SAMD21G18A\MattairTech_Arduino_arduino_zero_native\Debug/core.a(cortex_handlers.c.o)
                0x00003a2c                DMAC_Handler
                0x00003a2c                HardFault_Handler
                0x00003a2c                TC2_Handler
                0x00003a2c                AC_Handler
                0x00003a2c                PendSV_Handler
                0x00003a2c                NMI_Handler
                0x00003a2c                TC7_Handler
                0x00003a2c                SERCOM1_Handler
                0x00003a2c                ADC_Handler
                0x00003a2c                TCC1_Handler
                0x00003a2c                SERCOM2_Handler
                0x00003a2c                TCC0_Handler
                0x00003a2c                RTC_Handler
                0x00003a2c                EIC_Handler
                0x00003a2c                TC6_Handler
                0x00003a2c                WDT_Handler
                0x00003a2c                TC4_Handler
                0x00003a2c                TC1_Handler
                0x00003a2c                TC3_Handler
                0x00003a2c                Dummy_Handler
                0x00003a2c                PM_Handler
                0x00003a2c                SVC_Handler
                0x00003a2c                TCC2_Handler
                0x00003a2c                EVSYS_Handler
                0x00003a2c                SERCOM3_Handler
                0x00003a2c                SERCOM4_Handler
                0x00003a2c                I2S_Handler
                0x00003a2c                NVMCTRL_Handler
                0x00003a2c                DAC_Handler
                0x00003a2c                PTC_Handler
                0x00003a2c                SYSCTRL_Handler
 *fill*         0x00003a2e        0x2 
 .text.USB_Handler
                0x00003a30       0x14 C:\Users\moseichuk\AppData\Local\Temp\VMBuilds\TestDisplay2_4ISP_SAMD21G18A\MattairTech_Arduino_arduino_zero_native\Debug/core.a(cortex_handlers.c.o)
                0x00003a30                USB_Handler
 .text.Reset_Handler
                0x00003a44       0x58 C:\Users\moseichuk\AppData\Local\Temp\VMBuilds\TestDisplay2_4ISP_SAMD21G18A\MattairTech_Arduino_arduino_zero_native\Debug/core.a(cortex_handlers.c.o)
                0x00003a44                Reset_Handler
 .text.SysTick_Handler
                0x00003a9c       0x10 C:\Users\moseichuk\AppData\Local\Temp\VMBuilds\TestDisplay2_4ISP_SAMD21G18A\MattairTech_Arduino_arduino_zero_native\Debug/core.a(cortex_handlers.c.o)
                0x00003a9c                SysTick_Handler
 .text.USB_SetHandler
                0x00003aac        0xc C:\Users\moseichuk\AppData\Local\Temp\VMBuilds\TestDisplay2_4ISP_SAMD21G18A\MattairTech_Arduino_arduino_zero_native\Debug/core.a(cortex_handlers.c.o)
                0x00003aac                USB_SetHandler
 .text.delay    0x00003ab8       0x20 C:\Users\moseichuk\AppData\Local\Temp\VMBuilds\TestDisplay2_4ISP_SAMD21G18A\MattairTech_Arduino_arduino_zero_native\Debug/core.a(delay.c.o)
                0x00003ab8                delay
 .text.SysTick_DefaultHandler
                0x00003ad8       0x14 C:\Users\moseichuk\AppData\Local\Temp\VMBuilds\TestDisplay2_4ISP_SAMD21G18A\MattairTech_Arduino_arduino_zero_native\Debug/core.a(delay.c.o)
                0x00003ad8                SysTick_DefaultHandler
 .text.__empty  0x00003aec        0x2 C:\Users\moseichuk\AppData\Local\Temp\VMBuilds\TestDisplay2_4ISP_SAMD21G18A\MattairTech_Arduino_arduino_zero_native\Debug/core.a(hooks.c.o)
                0x00003aec                yield
 .text.__false  0x00003aee        0x4 C:\Users\moseichuk\AppData\Local\Temp\VMBuilds\TestDisplay2_4ISP_SAMD21G18A\MattairTech_Arduino_arduino_zero_native\Debug/core.a(hooks.c.o)
                0x00003aee                sysTickHook
 *fill*         0x00003af2        0x2 
 .text.waitForSync
                0x00003af4       0x10 C:\Users\moseichuk\AppData\Local\Temp\VMBuilds\TestDisplay2_4ISP_SAMD21G18A\MattairTech_Arduino_arduino_zero_native\Debug/core.a(startup.c.o)
                0x00003af4                waitForSync
 .text.waitForDFLL
                0x00003b04       0x10 C:\Users\moseichuk\AppData\Local\Temp\VMBuilds\TestDisplay2_4ISP_SAMD21G18A\MattairTech_Arduino_arduino_zero_native\Debug/core.a(startup.c.o)
                0x00003b04                waitForDFLL
 .text.SystemInit
                0x00003b14      0x134 C:\Users\moseichuk\AppData\Local\Temp\VMBuilds\TestDisplay2_4ISP_SAMD21G18A\MattairTech_Arduino_arduino_zero_native\Debug/core.a(startup.c.o)
                0x00003b14                SystemInit
 .text.init     0x00003c48       0xd4 C:\Users\moseichuk\AppData\Local\Temp\VMBuilds\TestDisplay2_4ISP_SAMD21G18A\MattairTech_Arduino_arduino_zero_native\Debug/core.a(wiring.c.o)
                0x00003c48                init
 .text.analogReference
                0x00003d1c       0x64 C:\Users\moseichuk\AppData\Local\Temp\VMBuilds\TestDisplay2_4ISP_SAMD21G18A\MattairTech_Arduino_arduino_zero_native\Debug/core.a(wiring_analog.c.o)
                0x00003d1c                analogReference
 .text.pinMode  0x00003d80        0x8 C:\Users\moseichuk\AppData\Local\Temp\VMBuilds\TestDisplay2_4ISP_SAMD21G18A\MattairTech_Arduino_arduino_zero_native\Debug/core.a(wiring_digital.c.o)
                0x00003d80                pinMode
 .text.digitalWrite
                0x00003d88       0x68 C:\Users\moseichuk\AppData\Local\Temp\VMBuilds\TestDisplay2_4ISP_SAMD21G18A\MattairTech_Arduino_arduino_zero_native\Debug/core.a(wiring_digital.c.o)
                0x00003d88                digitalWrite
 .text.pinPeripheral
                0x00003df0      0x124 C:\Users\moseichuk\AppData\Local\Temp\VMBuilds\TestDisplay2_4ISP_SAMD21G18A\MattairTech_Arduino_arduino_zero_native\Debug/core.a(wiring_private.c.o)
                0x00003df0                pinPeripheral
 .text.__cxa_pure_virtual
                0x00003f14        0x2 C:\Users\moseichuk\AppData\Local\Temp\VMBuilds\TestDisplay2_4ISP_SAMD21G18A\MattairTech_Arduino_arduino_zero_native\Debug/core.a(abi.cpp.o)
                0x00003f14                __cxa_pure_virtual
 .text._Z11initVariantv
                0x00003f16        0x2 C:\Users\moseichuk\AppData\Local\Temp\VMBuilds\TestDisplay2_4ISP_SAMD21G18A\MattairTech_Arduino_arduino_zero_native\Debug/core.a(main.cpp.o)
                0x00003f16                initVariant()
 .text.startup.main
                0x00003f18       0x3c C:\Users\moseichuk\AppData\Local\Temp\VMBuilds\TestDisplay2_4ISP_SAMD21G18A\MattairTech_Arduino_arduino_zero_native\Debug/core.a(main.cpp.o)
                0x00003f18                main
 .text._ZN5Print5writeEPKhj
                0x00003f54       0x28 C:\Users\moseichuk\AppData\Local\Temp\VMBuilds\TestDisplay2_4ISP_SAMD21G18A\MattairTech_Arduino_arduino_zero_native\Debug/core.a(Print.cpp.o)
                0x00003f54                Print::write(unsigned char const*, unsigned int)
 .text._ZN5Print5writeEPKc
                0x00003f7c       0x1c C:\Users\moseichuk\AppData\Local\Temp\VMBuilds\TestDisplay2_4ISP_SAMD21G18A\MattairTech_Arduino_arduino_zero_native\Debug/core.a(Print.cpp.o)
                0x00003f7c                Print::write(char const*)
 .text._ZN5Print5printEc
                0x00003f98        0xa C:\Users\moseichuk\AppData\Local\Temp\VMBuilds\TestDisplay2_4ISP_SAMD21G18A\MattairTech_Arduino_arduino_zero_native\Debug/core.a(Print.cpp.o)
                0x00003f98                Print::print(char)
 *fill*         0x00003fa2        0x2 
 .text._ZN5Print7printlnEv
                0x00003fa4       0x10 C:\Users\moseichuk\AppData\Local\Temp\VMBuilds\TestDisplay2_4ISP_SAMD21G18A\MattairTech_Arduino_arduino_zero_native\Debug/core.a(Print.cpp.o)
                0x00003fa4                Print::println()
 .text._ZN5Print7printlnEPKc
                0x00003fb4       0x14 C:\Users\moseichuk\AppData\Local\Temp\VMBuilds\TestDisplay2_4ISP_SAMD21G18A\MattairTech_Arduino_arduino_zero_native\Debug/core.a(Print.cpp.o)
                0x00003fb4                Print::println(char const*)
 .text._ZN5Print11printNumberEmh
                0x00003fc8       0x4e C:\Users\moseichuk\AppData\Local\Temp\VMBuilds\TestDisplay2_4ISP_SAMD21G18A\MattairTech_Arduino_arduino_zero_native\Debug/core.a(Print.cpp.o)
                0x00003fc8                Print::printNumber(unsigned long, unsigned char)
 .text._ZN5Print5printEli
                0x00004016       0x3c C:\Users\moseichuk\AppData\Local\Temp\VMBuilds\TestDisplay2_4ISP_SAMD21G18A\MattairTech_Arduino_arduino_zero_native\Debug/core.a(Print.cpp.o)
                0x00004016                Print::print(long, int)
 .text._ZN5Print5printEii
                0x00004052        0x8 C:\Users\moseichuk\AppData\Local\Temp\VMBuilds\TestDisplay2_4ISP_SAMD21G18A\MattairTech_Arduino_arduino_zero_native\Debug/core.a(Print.cpp.o)
                0x00004052                Print::print(int, int)
 *fill*         0x0000405a        0x2 
 .text.initiateReset
                0x0000405c        0xc C:\Users\moseichuk\AppData\Local\Temp\VMBuilds\TestDisplay2_4ISP_SAMD21G18A\MattairTech_Arduino_arduino_zero_native\Debug/core.a(Reset.cpp.o)
                0x0000405c                initiateReset
 .text.cancelReset
                0x00004068       0x10 C:\Users\moseichuk\AppData\Local\Temp\VMBuilds\TestDisplay2_4ISP_SAMD21G18A\MattairTech_Arduino_arduino_zero_native\Debug/core.a(Reset.cpp.o)
                0x00004068                cancelReset
 .text.tickReset
                0x00004078       0x20 C:\Users\moseichuk\AppData\Local\Temp\VMBuilds\TestDisplay2_4ISP_SAMD21G18A\MattairTech_Arduino_arduino_zero_native\Debug/core.a(Reset.cpp.o)
                0x00004078                tickReset
 .text._ZN6SERCOMC2EP6Sercom
                0x00004098        0x4 C:\Users\moseichuk\AppData\Local\Temp\VMBuilds\TestDisplay2_4ISP_SAMD21G18A\MattairTech_Arduino_arduino_zero_native\Debug/core.a(SERCOM.cpp.o)
                0x00004098                SERCOM::SERCOM(Sercom*)
                0x00004098                SERCOM::SERCOM(Sercom*)
 .text._ZN6SERCOM9initFrameE18SercomUartCharSize15SercomDataOrder16SercomParityMode19SercomNumberStopBit
                0x0000409c       0x38 C:\Users\moseichuk\AppData\Local\Temp\VMBuilds\TestDisplay2_4ISP_SAMD21G18A\MattairTech_Arduino_arduino_zero_native\Debug/core.a(SERCOM.cpp.o)
                0x0000409c                SERCOM::initFrame(SercomUartCharSize, SercomDataOrder, SercomParityMode, SercomNumberStopBit)
 .text._ZN6SERCOM8initPadsE15SercomUartTXPad11SercomRXPad
                0x000040d4       0x26 C:\Users\moseichuk\AppData\Local\Temp\VMBuilds\TestDisplay2_4ISP_SAMD21G18A\MattairTech_Arduino_arduino_zero_native\Debug/core.a(SERCOM.cpp.o)
                0x000040d4                SERCOM::initPads(SercomUartTXPad, SercomRXPad)
 .text._ZN6SERCOM9resetUARTEv
                0x000040fa       0x1c C:\Users\moseichuk\AppData\Local\Temp\VMBuilds\TestDisplay2_4ISP_SAMD21G18A\MattairTech_Arduino_arduino_zero_native\Debug/core.a(SERCOM.cpp.o)
                0x000040fa                SERCOM::resetUART()
 .text._ZN6SERCOM10enableUARTEv
                0x00004116       0x14 C:\Users\moseichuk\AppData\Local\Temp\VMBuilds\TestDisplay2_4ISP_SAMD21G18A\MattairTech_Arduino_arduino_zero_native\Debug/core.a(SERCOM.cpp.o)
                0x00004116                SERCOM::enableUART()
 .text._ZN6SERCOM9flushUARTEv
                0x0000412a        0xa C:\Users\moseichuk\AppData\Local\Temp\VMBuilds\TestDisplay2_4ISP_SAMD21G18A\MattairTech_Arduino_arduino_zero_native\Debug/core.a(SERCOM.cpp.o)
                0x0000412a                SERCOM::flushUART()
 .text._ZN6SERCOM15clearStatusUARTEv
                0x00004134        0x8 C:\Users\moseichuk\AppData\Local\Temp\VMBuilds\TestDisplay2_4ISP_SAMD21G18A\MattairTech_Arduino_arduino_zero_native\Debug/core.a(SERCOM.cpp.o)
                0x00004134                SERCOM::clearStatusUART()
 .text._ZN6SERCOM17availableDataUARTEv
                0x0000413c        0xa C:\Users\moseichuk\AppData\Local\Temp\VMBuilds\TestDisplay2_4ISP_SAMD21G18A\MattairTech_Arduino_arduino_zero_native\Debug/core.a(SERCOM.cpp.o)
                0x0000413c                SERCOM::availableDataUART()
 .text._ZN6SERCOM11isUARTErrorEv
                0x00004146        0x8 C:\Users\moseichuk\AppData\Local\Temp\VMBuilds\TestDisplay2_4ISP_SAMD21G18A\MattairTech_Arduino_arduino_zero_native\Debug/core.a(SERCOM.cpp.o)
                0x00004146                SERCOM::isUARTError()
 .text._ZN6SERCOM20acknowledgeUARTErrorEv
                0x0000414e        0xe C:\Users\moseichuk\AppData\Local\Temp\VMBuilds\TestDisplay2_4ISP_SAMD21G18A\MattairTech_Arduino_arduino_zero_native\Debug/core.a(SERCOM.cpp.o)
                0x0000414e                SERCOM::acknowledgeUARTError()
 .text._ZN6SERCOM12readDataUARTEv
                0x0000415c        0x8 C:\Users\moseichuk\AppData\Local\Temp\VMBuilds\TestDisplay2_4ISP_SAMD21G18A\MattairTech_Arduino_arduino_zero_native\Debug/core.a(SERCOM.cpp.o)
                0x0000415c                SERCOM::readDataUART()
 .text._ZN6SERCOM13writeDataUARTEh
                0x00004164       0x12 C:\Users\moseichuk\AppData\Local\Temp\VMBuilds\TestDisplay2_4ISP_SAMD21G18A\MattairTech_Arduino_arduino_zero_native\Debug/core.a(SERCOM.cpp.o)
                0x00004164                SERCOM::writeDataUART(unsigned char)
 *fill*         0x00004176        0x2 
 .text._ZN6SERCOM12initSPIClockE18SercomSpiClockModem
                0x00004178       0x30 C:\Users\moseichuk\AppData\Local\Temp\VMBuilds\TestDisplay2_4ISP_SAMD21G18A\MattairTech_Arduino_arduino_zero_native\Debug/core.a(SERCOM.cpp.o)
                0x00004178                SERCOM::initSPIClock(SercomSpiClockMode, unsigned long)
 .text._ZN6SERCOM8resetSPIEv
                0x000041a8       0x1c C:\Users\moseichuk\AppData\Local\Temp\VMBuilds\TestDisplay2_4ISP_SAMD21G18A\MattairTech_Arduino_arduino_zero_native\Debug/core.a(SERCOM.cpp.o)
                0x000041a8                SERCOM::resetSPI()
 .text._ZN6SERCOM9enableSPIEv
                0x000041c4       0x14 C:\Users\moseichuk\AppData\Local\Temp\VMBuilds\TestDisplay2_4ISP_SAMD21G18A\MattairTech_Arduino_arduino_zero_native\Debug/core.a(SERCOM.cpp.o)
                0x000041c4                SERCOM::enableSPI()
 .text._ZN6SERCOM10disableSPIEv
                0x000041d8       0x14 C:\Users\moseichuk\AppData\Local\Temp\VMBuilds\TestDisplay2_4ISP_SAMD21G18A\MattairTech_Arduino_arduino_zero_native\Debug/core.a(SERCOM.cpp.o)
                0x000041d8                SERCOM::disableSPI()
 .text._ZN6SERCOM12writeDataSPIEh
                0x000041ec       0x26 C:\Users\moseichuk\AppData\Local\Temp\VMBuilds\TestDisplay2_4ISP_SAMD21G18A\MattairTech_Arduino_arduino_zero_native\Debug/core.a(SERCOM.cpp.o)
                0x000041ec                SERCOM::writeDataSPI(unsigned char)
 .text._ZN6SERCOM11readDataSPIEv
                0x00004212       0x1a C:\Users\moseichuk\AppData\Local\Temp\VMBuilds\TestDisplay2_4ISP_SAMD21G18A\MattairTech_Arduino_arduino_zero_native\Debug/core.a(SERCOM.cpp.o)
                0x00004212                SERCOM::readDataSPI()
 .text._ZN6SERCOM13initClockNVICEv
                0x0000422c       0xac C:\Users\moseichuk\AppData\Local\Temp\VMBuilds\TestDisplay2_4ISP_SAMD21G18A\MattairTech_Arduino_arduino_zero_native\Debug/core.a(SERCOM.cpp.o)
                0x0000422c                SERCOM::initClockNVIC()
 .text._ZN6SERCOM8initUARTE14SercomUartMode20SercomUartSampleRatem
                0x000042d8       0xe0 C:\Users\moseichuk\AppData\Local\Temp\VMBuilds\TestDisplay2_4ISP_SAMD21G18A\MattairTech_Arduino_arduino_zero_native\Debug/core.a(SERCOM.cpp.o)
                0x000042d8                SERCOM::initUART(SercomUartMode, SercomUartSampleRate, unsigned long)
 .text._ZN6SERCOM7initSPIE14SercomSpiTXPad11SercomRXPad17SercomSpiCharSize15SercomDataOrder
                0x000043b8       0x48 C:\Users\moseichuk\AppData\Local\Temp\VMBuilds\TestDisplay2_4ISP_SAMD21G18A\MattairTech_Arduino_arduino_zero_native\Debug/core.a(SERCOM.cpp.o)
                0x000043b8                SERCOM::initSPI(SercomSpiTXPad, SercomRXPad, SercomSpiCharSize, SercomDataOrder)
 .text._ZN4UartcvbEv
                0x00004400        0x4 C:\Users\moseichuk\AppData\Local\Temp\VMBuilds\TestDisplay2_4ISP_SAMD21G18A\MattairTech_Arduino_arduino_zero_native\Debug/core.a(Uart.cpp.o)
                0x00004400                Uart::operator bool()
 .text._ZN4Uart5beginEm
                0x00004404        0xc C:\Users\moseichuk\AppData\Local\Temp\VMBuilds\TestDisplay2_4ISP_SAMD21G18A\MattairTech_Arduino_arduino_zero_native\Debug/core.a(Uart.cpp.o)
                0x00004404                Uart::begin(unsigned long)
 .text._ZN4Uart3endEv
                0x00004410       0x14 C:\Users\moseichuk\AppData\Local\Temp\VMBuilds\TestDisplay2_4ISP_SAMD21G18A\MattairTech_Arduino_arduino_zero_native\Debug/core.a(Uart.cpp.o)
                0x00004410                Uart::end()
 .text._ZN4Uart5flushEv
                0x00004424        0xa C:\Users\moseichuk\AppData\Local\Temp\VMBuilds\TestDisplay2_4ISP_SAMD21G18A\MattairTech_Arduino_arduino_zero_native\Debug/core.a(Uart.cpp.o)
                0x00004424                Uart::flush()
 .text._ZN4Uart9availableEv
                0x0000442e        0xa C:\Users\moseichuk\AppData\Local\Temp\VMBuilds\TestDisplay2_4ISP_SAMD21G18A\MattairTech_Arduino_arduino_zero_native\Debug/core.a(Uart.cpp.o)
                0x0000442e                Uart::available()
 .text._ZN4Uart4peekEv
                0x00004438        0xa C:\Users\moseichuk\AppData\Local\Temp\VMBuilds\TestDisplay2_4ISP_SAMD21G18A\MattairTech_Arduino_arduino_zero_native\Debug/core.a(Uart.cpp.o)
                0x00004438                Uart::peek()
 .text._ZN4Uart4readEv
                0x00004442        0xa C:\Users\moseichuk\AppData\Local\Temp\VMBuilds\TestDisplay2_4ISP_SAMD21G18A\MattairTech_Arduino_arduino_zero_native\Debug/core.a(Uart.cpp.o)
                0x00004442                Uart::read()
 .text._ZN4Uart5writeEh
                0x0000444c        0xc C:\Users\moseichuk\AppData\Local\Temp\VMBuilds\TestDisplay2_4ISP_SAMD21G18A\MattairTech_Arduino_arduino_zero_native\Debug/core.a(Uart.cpp.o)
                0x0000444c                Uart::write(unsigned char)
 .text._ZN4UartC2EP6SERCOMhh11SercomRXPad15SercomUartTXPad
                0x00004458       0x48 C:\Users\moseichuk\AppData\Local\Temp\VMBuilds\TestDisplay2_4ISP_SAMD21G18A\MattairTech_Arduino_arduino_zero_native\Debug/core.a(Uart.cpp.o)
                0x00004458                Uart::Uart(SERCOM*, unsigned char, unsigned char, SercomRXPad, SercomUartTXPad)
                0x00004458                Uart::Uart(SERCOM*, unsigned char, unsigned char, SercomRXPad, SercomUartTXPad)
 .text._ZN4Uart10IrqHandlerEv
                0x000044a0       0x36 C:\Users\moseichuk\AppData\Local\Temp\VMBuilds\TestDisplay2_4ISP_SAMD21G18A\MattairTech_Arduino_arduino_zero_native\Debug/core.a(Uart.cpp.o)
                0x000044a0                Uart::IrqHandler()
 .text._ZN4Uart16extractNbStopBitEh
                0x000044d6        0xe C:\Users\moseichuk\AppData\Local\Temp\VMBuilds\TestDisplay2_4ISP_SAMD21G18A\MattairTech_Arduino_arduino_zero_native\Debug/core.a(Uart.cpp.o)
                0x000044d6                Uart::extractNbStopBit(unsigned char)
 .text._ZN4Uart15extractCharSizeEh
                0x000044e4        0x4 C:\Users\moseichuk\AppData\Local\Temp\VMBuilds\TestDisplay2_4ISP_SAMD21G18A\MattairTech_Arduino_arduino_zero_native\Debug/core.a(Uart.cpp.o)
                0x000044e4                Uart::extractCharSize(unsigned char)
 .text._ZN4Uart13extractParityEh
                0x000044e8       0x18 C:\Users\moseichuk\AppData\Local\Temp\VMBuilds\TestDisplay2_4ISP_SAMD21G18A\MattairTech_Arduino_arduino_zero_native\Debug/core.a(Uart.cpp.o)
                0x000044e8                Uart::extractParity(unsigned char)
 .text._ZN4Uart5beginEmh
                0x00004500       0x76 C:\Users\moseichuk\AppData\Local\Temp\VMBuilds\TestDisplay2_4ISP_SAMD21G18A\MattairTech_Arduino_arduino_zero_native\Debug/core.a(Uart.cpp.o)
                0x00004500                Uart::begin(unsigned long, unsigned char)
 *fill*         0x00004576        0x2 
 .text._ZN7Serial_4peekEv
                0x00004578       0x2c C:\Users\moseichuk\AppData\Local\Temp\VMBuilds\TestDisplay2_4ISP_SAMD21G18A\MattairTech_Arduino_arduino_zero_native\Debug/core.a(CDC.cpp.o)
                0x00004578                Serial_::peek()
 .text._ZN7Serial_5writeEh
                0x000045a4       0x14 C:\Users\moseichuk\AppData\Local\Temp\VMBuilds\TestDisplay2_4ISP_SAMD21G18A\MattairTech_Arduino_arduino_zero_native\Debug/core.a(CDC.cpp.o)
                0x000045a4                Serial_::write(unsigned char)
 .text._ZN7Serial_6acceptEv
                0x000045b8       0x58 C:\Users\moseichuk\AppData\Local\Temp\VMBuilds\TestDisplay2_4ISP_SAMD21G18A\MattairTech_Arduino_arduino_zero_native\Debug/core.a(CDC.cpp.o)
                0x000045b8                Serial_::accept()
 .text._ZN7Serial_4readEv
                0x00004610       0x68 C:\Users\moseichuk\AppData\Local\Temp\VMBuilds\TestDisplay2_4ISP_SAMD21G18A\MattairTech_Arduino_arduino_zero_native\Debug/core.a(CDC.cpp.o)
                0x00004610                Serial_::read()
 .text._ZN7Serial_5flushEv
                0x00004678        0xc C:\Users\moseichuk\AppData\Local\Temp\VMBuilds\TestDisplay2_4ISP_SAMD21G18A\MattairTech_Arduino_arduino_zero_native\Debug/core.a(CDC.cpp.o)
                0x00004678                Serial_::flush()
 .text._ZN7Serial_9availableEv
                0x00004684       0x3c C:\Users\moseichuk\AppData\Local\Temp\VMBuilds\TestDisplay2_4ISP_SAMD21G18A\MattairTech_Arduino_arduino_zero_native\Debug/core.a(CDC.cpp.o)
                0x00004684                Serial_::available()
 .text._ZN7Serial_5writeEPKhj
                0x000046c0       0x2c C:\Users\moseichuk\AppData\Local\Temp\VMBuilds\TestDisplay2_4ISP_SAMD21G18A\MattairTech_Arduino_arduino_zero_native\Debug/core.a(CDC.cpp.o)
                0x000046c0                Serial_::write(unsigned char const*, unsigned int)
 .text._Z16CDC_GetInterfacePh
                0x000046ec       0x1c C:\Users\moseichuk\AppData\Local\Temp\VMBuilds\TestDisplay2_4ISP_SAMD21G18A\MattairTech_Arduino_arduino_zero_native\Debug/core.a(CDC.cpp.o)
                0x000046ec                CDC_GetInterface(unsigned char*)
 .text._Z9CDC_SetupR8USBSetup
                0x00004708       0x6c C:\Users\moseichuk\AppData\Local\Temp\VMBuilds\TestDisplay2_4ISP_SAMD21G18A\MattairTech_Arduino_arduino_zero_native\Debug/core.a(CDC.cpp.o)
                0x00004708                CDC_Setup(USBSetup&)
 .text._ZN7Serial_5beginEm
                0x00004774        0x2 C:\Users\moseichuk\AppData\Local\Temp\VMBuilds\TestDisplay2_4ISP_SAMD21G18A\MattairTech_Arduino_arduino_zero_native\Debug/core.a(CDC.cpp.o)
                0x00004774                Serial_::begin(unsigned long)
 *fill*         0x00004776        0x2 
 .text.startup._GLOBAL__sub_I_cdc_rx_buffer
                0x00004778       0x24 C:\Users\moseichuk\AppData\Local\Temp\VMBuilds\TestDisplay2_4ISP_SAMD21G18A\MattairTech_Arduino_arduino_zero_native\Debug/core.a(CDC.cpp.o)
 .text._ZN14USBDeviceClass6initEPEmm.part.1
                0x0000479c       0x80 C:\Users\moseichuk\AppData\Local\Temp\VMBuilds\TestDisplay2_4ISP_SAMD21G18A\MattairTech_Arduino_arduino_zero_native\Debug/core.a(USBCore.cpp.o)
 .text._ZN20USBDevice_SAMD21G18x5resetEv
                0x0000481c       0x28 C:\Users\moseichuk\AppData\Local\Temp\VMBuilds\TestDisplay2_4ISP_SAMD21G18A\MattairTech_Arduino_arduino_zero_native\Debug/core.a(USBCore.cpp.o)
                0x0000481c                USBDevice_SAMD21G18x::reset()
 .text._ZN20USBDevice_SAMD21G18x9calibrateEv
                0x00004844       0x5c C:\Users\moseichuk\AppData\Local\Temp\VMBuilds\TestDisplay2_4ISP_SAMD21G18A\MattairTech_Arduino_arduino_zero_native\Debug/core.a(USBCore.cpp.o)
                0x00004844                USBDevice_SAMD21G18x::calibrate()
 .text._ZN14USBDeviceClass14SendInterfacesEPm
                0x000048a0       0x2c C:\Users\moseichuk\AppData\Local\Temp\VMBuilds\TestDisplay2_4ISP_SAMD21G18A\MattairTech_Arduino_arduino_zero_native\Debug/core.a(USBCore.cpp.o)
                0x000048a0                USBDeviceClass::SendInterfaces(unsigned long*)
 .text._ZN14USBDeviceClass4initEv
                0x000048cc       0xc0 C:\Users\moseichuk\AppData\Local\Temp\VMBuilds\TestDisplay2_4ISP_SAMD21G18A\MattairTech_Arduino_arduino_zero_native\Debug/core.a(USBCore.cpp.o)
                0x000048cc                USBDeviceClass::init()
 .text._ZN14USBDeviceClass6attachEv
                0x0000498c       0x34 C:\Users\moseichuk\AppData\Local\Temp\VMBuilds\TestDisplay2_4ISP_SAMD21G18A\MattairTech_Arduino_arduino_zero_native\Debug/core.a(USBCore.cpp.o)
                0x0000498c                USBDeviceClass::attach()
 .text._ZN14USBDeviceClass10setAddressEm
                0x000049c0       0x48 C:\Users\moseichuk\AppData\Local\Temp\VMBuilds\TestDisplay2_4ISP_SAMD21G18A\MattairTech_Arduino_arduino_zero_native\Debug/core.a(USBCore.cpp.o)
                0x000049c0                USBDeviceClass::setAddress(unsigned long)
 .text._ZN14USBDeviceClass25handleClassInterfaceSetupER8USBSetup
                0x00004a08       0x40 C:\Users\moseichuk\AppData\Local\Temp\VMBuilds\TestDisplay2_4ISP_SAMD21G18A\MattairTech_Arduino_arduino_zero_native\Debug/core.a(USBCore.cpp.o)
                0x00004a08                USBDeviceClass::handleClassInterfaceSetup(USBSetup&)
 .text._ZN14USBDeviceClass6initEPEmm
                0x00004a48       0xe4 C:\Users\moseichuk\AppData\Local\Temp\VMBuilds\TestDisplay2_4ISP_SAMD21G18A\MattairTech_Arduino_arduino_zero_native\Debug/core.a(USBCore.cpp.o)
                0x00004a48                USBDeviceClass::initEP(unsigned long, unsigned long)
 .text._ZN14USBDeviceClass13initEndpointsEv
                0x00004b2c       0x24 C:\Users\moseichuk\AppData\Local\Temp\VMBuilds\TestDisplay2_4ISP_SAMD21G18A\MattairTech_Arduino_arduino_zero_native\Debug/core.a(USBCore.cpp.o)
                0x00004b2c                USBDeviceClass::initEndpoints()
 .text._ZN14USBDeviceClass5flushEm
                0x00004b50       0x2c C:\Users\moseichuk\AppData\Local\Temp\VMBuilds\TestDisplay2_4ISP_SAMD21G18A\MattairTech_Arduino_arduino_zero_native\Debug/core.a(USBCore.cpp.o)
                0x00004b50                USBDeviceClass::flush(unsigned long)
 .text._ZN14USBDeviceClass9availableEm
                0x00004b7c       0x14 C:\Users\moseichuk\AppData\Local\Temp\VMBuilds\TestDisplay2_4ISP_SAMD21G18A\MattairTech_Arduino_arduino_zero_native\Debug/core.a(USBCore.cpp.o)
                0x00004b7c                USBDeviceClass::available(unsigned long)
 .text._ZN14USBDeviceClass14armRecvCtrlOUTEm
                0x00004b90       0x60 C:\Users\moseichuk\AppData\Local\Temp\VMBuilds\TestDisplay2_4ISP_SAMD21G18A\MattairTech_Arduino_arduino_zero_native\Debug/core.a(USBCore.cpp.o)
                0x00004b90                USBDeviceClass::armRecvCtrlOUT(unsigned long)
 .text._ZN14USBDeviceClass11recvControlEPvm
                0x00004bf0       0x3c C:\Users\moseichuk\AppData\Local\Temp\VMBuilds\TestDisplay2_4ISP_SAMD21G18A\MattairTech_Arduino_arduino_zero_native\Debug/core.a(USBCore.cpp.o)
                0x00004bf0                USBDeviceClass::recvControl(void*, unsigned long)
 .text._ZN14USBDeviceClass7armRecvEm
                0x00004c2c       0x3c C:\Users\moseichuk\AppData\Local\Temp\VMBuilds\TestDisplay2_4ISP_SAMD21G18A\MattairTech_Arduino_arduino_zero_native\Debug/core.a(USBCore.cpp.o)
                0x00004c2c                USBDeviceClass::armRecv(unsigned long)
 .text._ZN14USBDeviceClass4recvEmPvm
                0x00004c68       0x90 C:\Users\moseichuk\AppData\Local\Temp\VMBuilds\TestDisplay2_4ISP_SAMD21G18A\MattairTech_Arduino_arduino_zero_native\Debug/core.a(USBCore.cpp.o)
                0x00004c68                USBDeviceClass::recv(unsigned long, void*, unsigned long)
 .text._ZN14USBDeviceClass4sendEmPKvm
                0x00004cf8       0xb0 C:\Users\moseichuk\AppData\Local\Temp\VMBuilds\TestDisplay2_4ISP_SAMD21G18A\MattairTech_Arduino_arduino_zero_native\Debug/core.a(USBCore.cpp.o)
                0x00004cf8                USBDeviceClass::send(unsigned long, void const*, unsigned long)
 .text._ZN14USBDeviceClass7armSendEmPKvm
                0x00004da8       0x48 C:\Users\moseichuk\AppData\Local\Temp\VMBuilds\TestDisplay2_4ISP_SAMD21G18A\MattairTech_Arduino_arduino_zero_native\Debug/core.a(USBCore.cpp.o)
                0x00004da8                USBDeviceClass::armSend(unsigned long, void const*, unsigned long)
 .text._ZN14USBDeviceClass11sendControlEPKvm
                0x00004df0       0x58 C:\Users\moseichuk\AppData\Local\Temp\VMBuilds\TestDisplay2_4ISP_SAMD21G18A\MattairTech_Arduino_arduino_zero_native\Debug/core.a(USBCore.cpp.o)
                0x00004df0                USBDeviceClass::sendControl(void const*, unsigned long)
 .text._ZN14USBDeviceClass20sendStringDescriptorEPKhh
                0x00004e48       0x58 C:\Users\moseichuk\AppData\Local\Temp\VMBuilds\TestDisplay2_4ISP_SAMD21G18A\MattairTech_Arduino_arduino_zero_native\Debug/core.a(USBCore.cpp.o)
                0x00004e48                USBDeviceClass::sendStringDescriptor(unsigned char const*, unsigned char)
 .text._ZN14USBDeviceClass12packMessagesEb.part.3
                0x00004ea0       0x20 C:\Users\moseichuk\AppData\Local\Temp\VMBuilds\TestDisplay2_4ISP_SAMD21G18A\MattairTech_Arduino_arduino_zero_native\Debug/core.a(USBCore.cpp.o)
 .text._ZN14USBDeviceClass17sendConfigurationEm
                0x00004ec0       0x90 C:\Users\moseichuk\AppData\Local\Temp\VMBuilds\TestDisplay2_4ISP_SAMD21G18A\MattairTech_Arduino_arduino_zero_native\Debug/core.a(USBCore.cpp.o)
                0x00004ec0                USBDeviceClass::sendConfiguration(unsigned long)
 .text._ZN14USBDeviceClass14sendDescriptorER8USBSetup
                0x00004f50       0xb4 C:\Users\moseichuk\AppData\Local\Temp\VMBuilds\TestDisplay2_4ISP_SAMD21G18A\MattairTech_Arduino_arduino_zero_native\Debug/core.a(USBCore.cpp.o)
                0x00004f50                USBDeviceClass::sendDescriptor(USBSetup&)
 .text._ZN14USBDeviceClass19handleStandardSetupER8USBSetup
                0x00005004      0x11c C:\Users\moseichuk\AppData\Local\Temp\VMBuilds\TestDisplay2_4ISP_SAMD21G18A\MattairTech_Arduino_arduino_zero_native\Debug/core.a(USBCore.cpp.o)
                0x00005004                USBDeviceClass::handleStandardSetup(USBSetup&)
 .text.startup._GLOBAL__sub_I__ZN20USBDevice_SAMD21G18x5resetEv
                0x00005120       0x10 C:\Users\moseichuk\AppData\Local\Temp\VMBuilds\TestDisplay2_4ISP_SAMD21G18A\MattairTech_Arduino_arduino_zero_native\Debug/core.a(USBCore.cpp.o)
 .text._ZN14USBDeviceClass14handleEndpointEh
                0x00005130       0x5c C:\Users\moseichuk\AppData\Local\Temp\VMBuilds\TestDisplay2_4ISP_SAMD21G18A\MattairTech_Arduino_arduino_zero_native\Debug/core.a(USBCore.cpp.o)
                0x00005130                USBDeviceClass::handleEndpoint(unsigned char)
 .text._ZN14USBDeviceClass10ISRHandlerEv
                0x0000518c       0xf8 C:\Users\moseichuk\AppData\Local\Temp\VMBuilds\TestDisplay2_4ISP_SAMD21G18A\MattairTech_Arduino_arduino_zero_native\Debug/core.a(USBCore.cpp.o)
                0x0000518c                USBDeviceClass::ISRHandler()
 .text.UDD_Handler
                0x00005284       0x10 C:\Users\moseichuk\AppData\Local\Temp\VMBuilds\TestDisplay2_4ISP_SAMD21G18A\MattairTech_Arduino_arduino_zero_native\Debug/core.a(USBCore.cpp.o)
                0x00005284                UDD_Handler
 .text._ZN10RingBufferC2Ev
                0x00005294       0x16 C:\Users\moseichuk\AppData\Local\Temp\VMBuilds\TestDisplay2_4ISP_SAMD21G18A\MattairTech_Arduino_arduino_zero_native\Debug/core.a(RingBuffer.cpp.o)
                0x00005294                RingBuffer::RingBuffer()
                0x00005294                RingBuffer::RingBuffer()
 .text._ZN10RingBuffer10store_charEh
                0x000052aa       0x16 C:\Users\moseichuk\AppData\Local\Temp\VMBuilds\TestDisplay2_4ISP_SAMD21G18A\MattairTech_Arduino_arduino_zero_native\Debug/core.a(RingBuffer.cpp.o)
                0x000052aa                RingBuffer::store_char(unsigned char)
 .text._ZN10RingBuffer5clearEv
                0x000052c0        0x8 C:\Users\moseichuk\AppData\Local\Temp\VMBuilds\TestDisplay2_4ISP_SAMD21G18A\MattairTech_Arduino_arduino_zero_native\Debug/core.a(RingBuffer.cpp.o)
                0x000052c0                RingBuffer::clear()
 .text._ZN10RingBuffer9read_charEv
                0x000052c8       0x1c C:\Users\moseichuk\AppData\Local\Temp\VMBuilds\TestDisplay2_4ISP_SAMD21G18A\MattairTech_Arduino_arduino_zero_native\Debug/core.a(RingBuffer.cpp.o)
                0x000052c8                RingBuffer::read_char()
 .text._ZN10RingBuffer9availableEv
                0x000052e4        0xc C:\Users\moseichuk\AppData\Local\Temp\VMBuilds\TestDisplay2_4ISP_SAMD21G18A\MattairTech_Arduino_arduino_zero_native\Debug/core.a(RingBuffer.cpp.o)
                0x000052e4                RingBuffer::available()
 .text._ZN10RingBuffer4peekEv
                0x000052f0       0x12 C:\Users\moseichuk\AppData\Local\Temp\VMBuilds\TestDisplay2_4ISP_SAMD21G18A\MattairTech_Arduino_arduino_zero_native\Debug/core.a(RingBuffer.cpp.o)
                0x000052f0                RingBuffer::peek()
 .text._ZN13PluggableUSB_12getInterfaceEPh
                0x00005302       0x2a C:\Users\moseichuk\AppData\Local\Temp\VMBuilds\TestDisplay2_4ISP_SAMD21G18A\MattairTech_Arduino_arduino_zero_native\Debug/core.a(PluggableUSB.cpp.o)
                0x00005302                PluggableUSB_::getInterface(unsigned char*)
 .text._ZN13PluggableUSB_13getDescriptorER8USBSetup
                0x0000532c       0x20 C:\Users\moseichuk\AppData\Local\Temp\VMBuilds\TestDisplay2_4ISP_SAMD21G18A\MattairTech_Arduino_arduino_zero_native\Debug/core.a(PluggableUSB.cpp.o)
                0x0000532c                PluggableUSB_::getDescriptor(USBSetup&)
 .text._ZN13PluggableUSB_12getShortNameEPc
                0x0000534c       0x1e C:\Users\moseichuk\AppData\Local\Temp\VMBuilds\TestDisplay2_4ISP_SAMD21G18A\MattairTech_Arduino_arduino_zero_native\Debug/core.a(PluggableUSB.cpp.o)
                0x0000534c                PluggableUSB_::getShortName(char*)
 .text._ZN13PluggableUSB_5setupER8USBSetup
                0x0000536a       0x24 C:\Users\moseichuk\AppData\Local\Temp\VMBuilds\TestDisplay2_4ISP_SAMD21G18A\MattairTech_Arduino_arduino_zero_native\Debug/core.a(PluggableUSB.cpp.o)
                0x0000536a                PluggableUSB_::setup(USBSetup&)
 *fill*         0x0000538e        0x2 
 .text._Z12PluggableUSBv
                0x00005390       0x24 C:\Users\moseichuk\AppData\Local\Temp\VMBuilds\TestDisplay2_4ISP_SAMD21G18A\MattairTech_Arduino_arduino_zero_native\Debug/core.a(PluggableUSB.cpp.o)
                0x00005390                PluggableUSB()
 .text          0x000053b4       0x14 c:/users/moseichuk/appdata/local/arduino15/packages/arduino/tools/arm-none-eabi-gcc/4.8.3-2014q1/bin/../lib/gcc/arm-none-eabi/4.8.3/armv6-m\libgcc.a(_thumb1_case_uqi.o)
                0x000053b4                __gnu_thumb1_case_uqi
 .text          0x000053c8       0x9c c:/users/moseichuk/appdata/local/arduino15/packages/arduino/tools/arm-none-eabi-gcc/4.8.3-2014q1/bin/../lib/gcc/arm-none-eabi/4.8.3/armv6-m\libgcc.a(_udivsi3.o)
                0x000053c8                __aeabi_uidiv
                0x000053c8                __udivsi3
                0x00005450                __aeabi_uidivmod
 .text          0x00005464        0x4 c:/users/moseichuk/appdata/local/arduino15/packages/arduino/tools/arm-none-eabi-gcc/4.8.3-2014q1/bin/../lib/gcc/arm-none-eabi/4.8.3/armv6-m\libgcc.a(_dvmd_tls.o)
                0x00005464                __aeabi_idiv0
                0x00005464                __aeabi_ldiv0
 .text          0x00005468       0x18 c:/users/moseichuk/appdata/local/arduino15/packages/arduino/tools/arm-none-eabi-gcc/4.8.3-2014q1/bin/../lib/gcc/arm-none-eabi/4.8.3/armv6-m\libgcc.a(_lshrdi3.o)
                0x00005468                __lshrdi3
                0x00005468                __aeabi_llsr
 .text          0x00005480       0x18 c:/users/moseichuk/appdata/local/arduino15/packages/arduino/tools/arm-none-eabi-gcc/4.8.3-2014q1/bin/../lib/gcc/arm-none-eabi/4.8.3/armv6-m\libgcc.a(_ashldi3.o)
                0x00005480                __aeabi_llsl
                0x00005480                __ashldi3
 .text          0x00005498       0x44 c:/users/moseichuk/appdata/local/arduino15/packages/arduino/tools/arm-none-eabi-gcc/4.8.3-2014q1/bin/../lib/gcc/arm-none-eabi/4.8.3/armv6-m\libgcc.a(_muldi3.o)
                0x00005498                __muldi3
                0x00005498                __aeabi_lmul
 .text.__libc_init_array
                0x000054dc       0x4c c:/users/moseichuk/appdata/local/arduino15/packages/arduino/tools/arm-none-eabi-gcc/4.8.3-2014q1/bin/../lib/gcc/arm-none-eabi/4.8.3/../../../../arm-none-eabi/lib/armv6-m\libc_s.a(lib_a-init.o)
                0x000054dc                __libc_init_array
 .text.memcpy   0x00005528       0x12 c:/users/moseichuk/appdata/local/arduino15/packages/arduino/tools/arm-none-eabi-gcc/4.8.3-2014q1/bin/../lib/gcc/arm-none-eabi/4.8.3/../../../../arm-none-eabi/lib/armv6-m\libc_s.a(lib_a-memcpy-stub.o)
                0x00005528                memcpy
 .text.memset   0x0000553a       0x10 c:/users/moseichuk/appdata/local/arduino15/packages/arduino/tools/arm-none-eabi-gcc/4.8.3-2014q1/bin/../lib/gcc/arm-none-eabi/4.8.3/../../../../arm-none-eabi/lib/armv6-m\libc_s.a(lib_a-memset.o)
                0x0000553a                memset
 .text.strlen   0x0000554a        0xe c:/users/moseichuk/appdata/local/arduino15/packages/arduino/tools/arm-none-eabi-gcc/4.8.3-2014q1/bin/../lib/gcc/arm-none-eabi/4.8.3/../../../../arm-none-eabi/lib/armv6-m\libc_s.a(lib_a-strlen.o)
                0x0000554a                strlen
 *(.init)
 .init          0x00005558        0x4 c:/users/moseichuk/appdata/local/arduino15/packages/arduino/tools/arm-none-eabi-gcc/4.8.3-2014q1/bin/../lib/gcc/arm-none-eabi/4.8.3/armv6-m/crti.o
                0x00005558                _init
 .init          0x0000555c        0x8 c:/users/moseichuk/appdata/local/arduino15/packages/arduino/tools/arm-none-eabi-gcc/4.8.3-2014q1/bin/../lib/gcc/arm-none-eabi/4.8.3/armv6-m/crtn.o
 *(.fini)
 .fini          0x00005564        0x4 c:/users/moseichuk/appdata/local/arduino15/packages/arduino/tools/arm-none-eabi-gcc/4.8.3-2014q1/bin/../lib/gcc/arm-none-eabi/4.8.3/armv6-m/crti.o
                0x00005564                _fini
 .fini          0x00005568        0x8 c:/users/moseichuk/appdata/local/arduino15/packages/arduino/tools/arm-none-eabi-gcc/4.8.3-2014q1/bin/../lib/gcc/arm-none-eabi/4.8.3/armv6-m/crtn.o
 *crtbegin.o(.ctors)
 *crtbegin?.o(.ctors)
 *(EXCLUDE_FILE(*crtend.o *crtend?.o) .ctors)
 *(SORT(.ctors.*))
 *(.ctors)
 *crtbegin.o(.dtors)
 *crtbegin?.o(.dtors)
 *(EXCLUDE_FILE(*crtend.o *crtend?.o) .dtors)
 *(SORT(.dtors.*))
 *(.dtors)
 *(.rodata*)
 .rodata.str1.1
                0x00005570      0x2c3 C:\Users\moseichuk\AppData\Local\Temp\VMBuilds\TestDisplay2_4ISP_SAMD21G18A\MattairTech_Arduino_arduino_zero_native\Debug\TestDisplay2_4ISP_SAMD21G18A.cpp.o
 *fill*         0x00005833        0x5 
 .rodata._ZTV12Adafruit_GFX
                0x00005838       0x50 C:\Users\moseichuk\AppData\Local\Temp\VMBuilds\TestDisplay2_4ISP_SAMD21G18A\MattairTech_Arduino_arduino_zero_native\Debug\Adafruit_GFX\Adafruit_GFX.cpp.o
                0x00005838                vtable for Adafruit_GFX
 .rodata._ZL4font
                0x00005888      0x500 C:\Users\moseichuk\AppData\Local\Temp\VMBuilds\TestDisplay2_4ISP_SAMD21G18A\MattairTech_Arduino_arduino_zero_native\Debug\Adafruit_GFX\Adafruit_GFX.cpp.o
 .rodata._ZTV16Adafruit_ILI9341
                0x00005d88       0x50 C:\Users\moseichuk\AppData\Local\Temp\VMBuilds\TestDisplay2_4ISP_SAMD21G18A\MattairTech_Arduino_arduino_zero_native\Debug\Adafruit_ILI9341\Adafruit_ILI9341.cpp.o
                0x00005d88                vtable for Adafruit_ILI9341
 .rodata.g_APinDescription
                0x00005dd8      0x210 C:\Users\moseichuk\AppData\Local\Temp\VMBuilds\TestDisplay2_4ISP_SAMD21G18A\MattairTech_Arduino_arduino_zero_native\Debug\variant\variant.cpp.o
                0x00005dd8                g_APinDescription
 .rodata.str1.1
                0x00005fe8        0xf C:\Users\moseichuk\AppData\Local\Temp\VMBuilds\TestDisplay2_4ISP_SAMD21G18A\MattairTech_Arduino_arduino_zero_native\Debug/core.a(Print.cpp.o)
                                 0x11 (size before relaxing)
 *fill*         0x00005ff7        0x1 
 .rodata._ZTV4Uart
                0x00005ff8       0x30 C:\Users\moseichuk\AppData\Local\Temp\VMBuilds\TestDisplay2_4ISP_SAMD21G18A\MattairTech_Arduino_arduino_zero_native\Debug/core.a(Uart.cpp.o)
                0x00005ff8                vtable for Uart
 .rodata._ZTV7Serial_
                0x00006028       0x28 C:\Users\moseichuk\AppData\Local\Temp\VMBuilds\TestDisplay2_4ISP_SAMD21G18A\MattairTech_Arduino_arduino_zero_native\Debug/core.a(CDC.cpp.o)
                0x00006028                vtable for Serial_
 .rodata._ZL15STRING_LANGUAGE
                0x00006050        0x4 C:\Users\moseichuk\AppData\Local\Temp\VMBuilds\TestDisplay2_4ISP_SAMD21G18A\MattairTech_Arduino_arduino_zero_native\Debug/core.a(USBCore.cpp.o)
 .rodata._ZL19STRING_MANUFACTURER
                0x00006054        0xc C:\Users\moseichuk\AppData\Local\Temp\VMBuilds\TestDisplay2_4ISP_SAMD21G18A\MattairTech_Arduino_arduino_zero_native\Debug/core.a(USBCore.cpp.o)
 .rodata._ZL21USB_DeviceDescriptorB
                0x00006060       0x12 C:\Users\moseichuk\AppData\Local\Temp\VMBuilds\TestDisplay2_4ISP_SAMD21G18A\MattairTech_Arduino_arduino_zero_native\Debug/core.a(USBCore.cpp.o)
 .rodata._ZL14STRING_PRODUCT
                0x00006072        0xd C:\Users\moseichuk\AppData\Local\Temp\VMBuilds\TestDisplay2_4ISP_SAMD21G18A\MattairTech_Arduino_arduino_zero_native\Debug/core.a(USBCore.cpp.o)
 *(.eh_frame*)
 *fill*         0x0000607f        0x1 
 .eh_frame      0x00006080        0x0 c:/users/moseichuk/appdata/local/arduino15/packages/arduino/tools/arm-none-eabi-gcc/4.8.3-2014q1/bin/../lib/gcc/arm-none-eabi/4.8.3/armv6-m/crtbegin.o
 .eh_frame      0x00006080        0x4 c:/users/moseichuk/appdata/local/arduino15/packages/arduino/tools/arm-none-eabi-gcc/4.8.3-2014q1/bin/../lib/gcc/arm-none-eabi/4.8.3/armv6-m/crtend.o

.glue_7         0x00006084        0x0
 .glue_7        0x00000000        0x0 linker stubs

.glue_7t        0x00006084        0x0
 .glue_7t       0x00000000        0x0 linker stubs

.vfp11_veneer   0x00006084        0x0
 .vfp11_veneer  0x00000000        0x0 linker stubs

.v4_bx          0x00006084        0x0
 .v4_bx         0x00000000        0x0 linker stubs

.iplt           0x00006084        0x0
 .iplt          0x00000000        0x0 c:/users/moseichuk/appdata/local/arduino15/packages/arduino/tools/arm-none-eabi-gcc/4.8.3-2014q1/bin/../lib/gcc/arm-none-eabi/4.8.3/armv6-m/crtbegin.o

.rel.dyn        0x00006084        0x0
 .rel.iplt      0x00000000        0x0 c:/users/moseichuk/appdata/local/arduino15/packages/arduino/tools/arm-none-eabi-gcc/4.8.3-2014q1/bin/../lib/gcc/arm-none-eabi/4.8.3/armv6-m/crtbegin.o

.ARM.extab
 *(.ARM.extab* .gnu.linkonce.armextab.*)
                0x00006084                __exidx_start = .

.ARM.exidx
 *(.ARM.exidx* .gnu.linkonce.armexidx.*)
                0x00006084                __exidx_end = .
                0x00006084                __etext = .

.data           0x20000000       0xe4 load address 0x00006084
                0x20000000                __data_start__ = .
 *(vtable)
 *(.ramfunc*)
 .ramfunc       0x20000000       0x48 C:\Users\moseichuk\AppData\Local\Temp\VMBuilds\TestDisplay2_4ISP_SAMD21G18A\MattairTech_Arduino_arduino_zero_native\Debug/core.a(Reset.cpp.o)
                0x20000000                banzai
 *(.data*)
 .data.SystemCoreClock
                0x20000048        0x4 C:\Users\moseichuk\AppData\Local\Temp\VMBuilds\TestDisplay2_4ISP_SAMD21G18A\MattairTech_Arduino_arduino_zero_native\Debug/core.a(wiring.c.o)
                0x20000048                SystemCoreClock
 .data._ZL5ticks
                0x2000004c        0x4 C:\Users\moseichuk\AppData\Local\Temp\VMBuilds\TestDisplay2_4ISP_SAMD21G18A\MattairTech_Arduino_arduino_zero_native\Debug/core.a(Reset.cpp.o)
 .data._ZL13_cdcInterface
                0x20000050       0x42 C:\Users\moseichuk\AppData\Local\Temp\VMBuilds\TestDisplay2_4ISP_SAMD21G18A\MattairTech_Arduino_arduino_zero_native\Debug/core.a(CDC.cpp.o)
 *fill*         0x20000092        0x2 
 .data._ZL12_usbLineInfo
                0x20000094        0x8 C:\Users\moseichuk\AppData\Local\Temp\VMBuilds\TestDisplay2_4ISP_SAMD21G18A\MattairTech_Arduino_arduino_zero_native\Debug/core.a(CDC.cpp.o)
 .data.EndPoints
                0x2000009c       0x28 C:\Users\moseichuk\AppData\Local\Temp\VMBuilds\TestDisplay2_4ISP_SAMD21G18A\MattairTech_Arduino_arduino_zero_native\Debug/core.a(USBCore.cpp.o)
                0x2000009c                EndPoints
                0x200000c4                . = ALIGN (0x4)
                0x200000c4                PROVIDE (__preinit_array_start, .)
 *(.preinit_array)
                0x200000c4                PROVIDE (__preinit_array_end, .)
                0x200000c4                . = ALIGN (0x4)
                0x200000c4                PROVIDE (__init_array_start, .)
 *(SORT(.init_array.*))
 *(.init_array)
 .init_array    0x200000c4        0x4 c:/users/moseichuk/appdata/local/arduino15/packages/arduino/tools/arm-none-eabi-gcc/4.8.3-2014q1/bin/../lib/gcc/arm-none-eabi/4.8.3/armv6-m/crtbegin.o
 .init_array    0x200000c8        0x4 C:\Users\moseichuk\AppData\Local\Temp\VMBuilds\TestDisplay2_4ISP_SAMD21G18A\MattairTech_Arduino_arduino_zero_native\Debug\TestDisplay2_4ISP_SAMD21G18A.cpp.o
 .init_array    0x200000cc        0x4 C:\Users\moseichuk\AppData\Local\Temp\VMBuilds\TestDisplay2_4ISP_SAMD21G18A\MattairTech_Arduino_arduino_zero_native\Debug\SPI\SPI.cpp.o
 .init_array    0x200000d0        0x4 C:\Users\moseichuk\AppData\Local\Temp\VMBuilds\TestDisplay2_4ISP_SAMD21G18A\MattairTech_Arduino_arduino_zero_native\Debug\variant\variant.cpp.o
 .init_array    0x200000d4        0x4 C:\Users\moseichuk\AppData\Local\Temp\VMBuilds\TestDisplay2_4ISP_SAMD21G18A\MattairTech_Arduino_arduino_zero_native\Debug/core.a(CDC.cpp.o)
 .init_array    0x200000d8        0x4 C:\Users\moseichuk\AppData\Local\Temp\VMBuilds\TestDisplay2_4ISP_SAMD21G18A\MattairTech_Arduino_arduino_zero_native\Debug/core.a(USBCore.cpp.o)
                0x200000dc                PROVIDE (__init_array_end, .)
                0x200000dc                . = ALIGN (0x4)
                0x200000dc                PROVIDE (__fini_array_start, .)
 *(SORT(.fini_array.*))
 *(.fini_array)
 .fini_array    0x200000dc        0x4 c:/users/moseichuk/appdata/local/arduino15/packages/arduino/tools/arm-none-eabi-gcc/4.8.3-2014q1/bin/../lib/gcc/arm-none-eabi/4.8.3/armv6-m/crtbegin.o
                0x200000e0                PROVIDE (__fini_array_end, .)
 *(.jcr*)
 .jcr           0x200000e0        0x0 c:/users/moseichuk/appdata/local/arduino15/packages/arduino/tools/arm-none-eabi-gcc/4.8.3-2014q1/bin/../lib/gcc/arm-none-eabi/4.8.3/armv6-m/crtbegin.o
 .jcr           0x200000e0        0x4 c:/users/moseichuk/appdata/local/arduino15/packages/arduino/tools/arm-none-eabi-gcc/4.8.3-2014q1/bin/../lib/gcc/arm-none-eabi/4.8.3/armv6-m/crtend.o
                0x200000e4                . = ALIGN (0x4)
                0x200000e4                __data_end__ = .

.igot.plt       0x200000e4        0x0 load address 0x00006168
 .igot.plt      0x00000000        0x0 c:/users/moseichuk/appdata/local/arduino15/packages/arduino/tools/arm-none-eabi-gcc/4.8.3-2014q1/bin/../lib/gcc/arm-none-eabi/4.8.3/armv6-m/crtbegin.o

.bss            0x200000e4      0x888 load address 0x00006168
                0x200000e4                . = ALIGN (0x4)
                0x200000e4                __bss_start__ = .
 *(.bss*)
 .bss           0x200000e4       0x1c c:/users/moseichuk/appdata/local/arduino15/packages/arduino/tools/arm-none-eabi-gcc/4.8.3-2014q1/bin/../lib/gcc/arm-none-eabi/4.8.3/armv6-m/crtbegin.o
 .bss.n         0x20000100        0x4 C:\Users\moseichuk\AppData\Local\Temp\VMBuilds\TestDisplay2_4ISP_SAMD21G18A\MattairTech_Arduino_arduino_zero_native\Debug\TestDisplay2_4ISP_SAMD21G18A.cpp.o
                0x20000100                n
 .bss.tft       0x20000104       0x64 C:\Users\moseichuk\AppData\Local\Temp\VMBuilds\TestDisplay2_4ISP_SAMD21G18A\MattairTech_Arduino_arduino_zero_native\Debug\TestDisplay2_4ISP_SAMD21G18A.cpp.o
                0x20000104                tft
 .bss.x         0x20000168        0x4 C:\Users\moseichuk\AppData\Local\Temp\VMBuilds\TestDisplay2_4ISP_SAMD21G18A\MattairTech_Arduino_arduino_zero_native\Debug\TestDisplay2_4ISP_SAMD21G18A.cpp.o
                0x20000168                x
 .bss.y         0x2000016c        0x4 C:\Users\moseichuk\AppData\Local\Temp\VMBuilds\TestDisplay2_4ISP_SAMD21G18A\MattairTech_Arduino_arduino_zero_native\Debug\TestDisplay2_4ISP_SAMD21G18A.cpp.o
                0x2000016c                y
 .bss.myTouch   0x20000170       0x30 C:\Users\moseichuk\AppData\Local\Temp\VMBuilds\TestDisplay2_4ISP_SAMD21G18A\MattairTech_Arduino_arduino_zero_native\Debug\TestDisplay2_4ISP_SAMD21G18A.cpp.o
                0x20000170                myTouch
 .bss._ZL20DEFAULT_SPI_SETTINGS
                0x200001a0        0x8 C:\Users\moseichuk\AppData\Local\Temp\VMBuilds\TestDisplay2_4ISP_SAMD21G18A\MattairTech_Arduino_arduino_zero_native\Debug\SPI\SPI.cpp.o
 .bss.SPI       0x200001a8       0x10 C:\Users\moseichuk\AppData\Local\Temp\VMBuilds\TestDisplay2_4ISP_SAMD21G18A\MattairTech_Arduino_arduino_zero_native\Debug\SPI\SPI.cpp.o
                0x200001a8                SPI
 .bss.SPI1      0x200001b8       0x10 C:\Users\moseichuk\AppData\Local\Temp\VMBuilds\TestDisplay2_4ISP_SAMD21G18A\MattairTech_Arduino_arduino_zero_native\Debug\SPI\SPI.cpp.o
                0x200001b8                SPI1
 .bss.Serial    0x200001c8       0x60 C:\Users\moseichuk\AppData\Local\Temp\VMBuilds\TestDisplay2_4ISP_SAMD21G18A\MattairTech_Arduino_arduino_zero_native\Debug\variant\variant.cpp.o
                0x200001c8                Serial
 .bss.Serial1   0x20000228       0x60 C:\Users\moseichuk\AppData\Local\Temp\VMBuilds\TestDisplay2_4ISP_SAMD21G18A\MattairTech_Arduino_arduino_zero_native\Debug\variant\variant.cpp.o
                0x20000228                Serial1
 .bss.sercom3   0x20000288        0x4 C:\Users\moseichuk\AppData\Local\Temp\VMBuilds\TestDisplay2_4ISP_SAMD21G18A\MattairTech_Arduino_arduino_zero_native\Debug\variant\variant.cpp.o
                0x20000288                sercom3
 .bss.sercom0   0x2000028c        0x4 C:\Users\moseichuk\AppData\Local\Temp\VMBuilds\TestDisplay2_4ISP_SAMD21G18A\MattairTech_Arduino_arduino_zero_native\Debug\variant\variant.cpp.o
                0x2000028c                sercom0
 .bss.sercom1   0x20000290        0x4 C:\Users\moseichuk\AppData\Local\Temp\VMBuilds\TestDisplay2_4ISP_SAMD21G18A\MattairTech_Arduino_arduino_zero_native\Debug\variant\variant.cpp.o
                0x20000290                sercom1
 .bss.sercom2   0x20000294        0x4 C:\Users\moseichuk\AppData\Local\Temp\VMBuilds\TestDisplay2_4ISP_SAMD21G18A\MattairTech_Arduino_arduino_zero_native\Debug\variant\variant.cpp.o
                0x20000294                sercom2
 .bss.sercom4   0x20000298        0x4 C:\Users\moseichuk\AppData\Local\Temp\VMBuilds\TestDisplay2_4ISP_SAMD21G18A\MattairTech_Arduino_arduino_zero_native\Debug\variant\variant.cpp.o
                0x20000298                sercom4
 .bss.sercom5   0x2000029c        0x4 C:\Users\moseichuk\AppData\Local\Temp\VMBuilds\TestDisplay2_4ISP_SAMD21G18A\MattairTech_Arduino_arduino_zero_native\Debug\variant\variant.cpp.o
                0x2000029c                sercom5
 .bss.usb_isr   0x200002a0        0x4 C:\Users\moseichuk\AppData\Local\Temp\VMBuilds\TestDisplay2_4ISP_SAMD21G18A\MattairTech_Arduino_arduino_zero_native\Debug/core.a(cortex_handlers.c.o)
 .bss._ulTickCount
                0x200002a4        0x4 C:\Users\moseichuk\AppData\Local\Temp\VMBuilds\TestDisplay2_4ISP_SAMD21G18A\MattairTech_Arduino_arduino_zero_native\Debug/core.a(delay.c.o)
 .bss.cdc_rx_buffer
                0x200002a8      0x10c C:\Users\moseichuk\AppData\Local\Temp\VMBuilds\TestDisplay2_4ISP_SAMD21G18A\MattairTech_Arduino_arduino_zero_native\Debug/core.a(CDC.cpp.o)
                0x200002a8                cdc_rx_buffer
 .bss.SerialUSB
                0x200003b4       0x18 C:\Users\moseichuk\AppData\Local\Temp\VMBuilds\TestDisplay2_4ISP_SAMD21G18A\MattairTech_Arduino_arduino_zero_native\Debug/core.a(CDC.cpp.o)
                0x200003b4                SerialUSB
 .bss._ZL14isEndpointHalt
                0x200003cc        0x1 C:\Users\moseichuk\AppData\Local\Temp\VMBuilds\TestDisplay2_4ISP_SAMD21G18A\MattairTech_Arduino_arduino_zero_native\Debug/core.a(USBCore.cpp.o)
 .bss._pack_buffer
                0x200003cd      0x100 C:\Users\moseichuk\AppData\Local\Temp\VMBuilds\TestDisplay2_4ISP_SAMD21G18A\MattairTech_Arduino_arduino_zero_native\Debug/core.a(USBCore.cpp.o)
                0x200003cd                _pack_buffer
 *fill*         0x200004cd        0x1 
 .bss._pack_size
                0x200004ce        0x2 C:\Users\moseichuk\AppData\Local\Temp\VMBuilds\TestDisplay2_4ISP_SAMD21G18A\MattairTech_Arduino_arduino_zero_native\Debug/core.a(USBCore.cpp.o)
                0x200004ce                _pack_size
 .bss._ZL22udd_ep_in_cache_buffer
                0x200004d0      0x1c0 C:\Users\moseichuk\AppData\Local\Temp\VMBuilds\TestDisplay2_4ISP_SAMD21G18A\MattairTech_Arduino_arduino_zero_native\Debug/core.a(USBCore.cpp.o)
 .bss._ZL23udd_ep_out_cache_buffer
                0x20000690      0x1c0 C:\Users\moseichuk\AppData\Local\Temp\VMBuilds\TestDisplay2_4ISP_SAMD21G18A\MattairTech_Arduino_arduino_zero_native\Debug/core.a(USBCore.cpp.o)
 .bss._pack_message
                0x20000850        0x1 C:\Users\moseichuk\AppData\Local\Temp\VMBuilds\TestDisplay2_4ISP_SAMD21G18A\MattairTech_Arduino_arduino_zero_native\Debug/core.a(USBCore.cpp.o)
                0x20000850                _pack_message
 .bss._ZL21isRemoteWakeUpEnabled
                0x20000851        0x1 C:\Users\moseichuk\AppData\Local\Temp\VMBuilds\TestDisplay2_4ISP_SAMD21G18A\MattairTech_Arduino_arduino_zero_native\Debug/core.a(USBCore.cpp.o)
 .bss._dry_run  0x20000852        0x1 C:\Users\moseichuk\AppData\Local\Temp\VMBuilds\TestDisplay2_4ISP_SAMD21G18A\MattairTech_Arduino_arduino_zero_native\Debug/core.a(USBCore.cpp.o)
                0x20000852                _dry_run
 .bss.USBDevice
                0x20000853        0x1 C:\Users\moseichuk\AppData\Local\Temp\VMBuilds\TestDisplay2_4ISP_SAMD21G18A\MattairTech_Arduino_arduino_zero_native\Debug/core.a(USBCore.cpp.o)
                0x20000853                USBDevice
 .bss._usbSetInterface
                0x20000854        0x4 C:\Users\moseichuk\AppData\Local\Temp\VMBuilds\TestDisplay2_4ISP_SAMD21G18A\MattairTech_Arduino_arduino_zero_native\Debug/core.a(USBCore.cpp.o)
                0x20000854                _usbSetInterface
 .bss.usbd      0x20000858      0x104 C:\Users\moseichuk\AppData\Local\Temp\VMBuilds\TestDisplay2_4ISP_SAMD21G18A\MattairTech_Arduino_arduino_zero_native\Debug/core.a(USBCore.cpp.o)
                0x20000858                usbd
 .bss._usbConfiguration
                0x2000095c        0x4 C:\Users\moseichuk\AppData\Local\Temp\VMBuilds\TestDisplay2_4ISP_SAMD21G18A\MattairTech_Arduino_arduino_zero_native\Debug/core.a(USBCore.cpp.o)
                0x2000095c                _usbConfiguration
 .bss._ZZ12PluggableUSBvE3obj
                0x20000960        0x8 C:\Users\moseichuk\AppData\Local\Temp\VMBuilds\TestDisplay2_4ISP_SAMD21G18A\MattairTech_Arduino_arduino_zero_native\Debug/core.a(PluggableUSB.cpp.o)
 .bss._ZGVZ12PluggableUSBvE3obj
                0x20000968        0x4 C:\Users\moseichuk\AppData\Local\Temp\VMBuilds\TestDisplay2_4ISP_SAMD21G18A\MattairTech_Arduino_arduino_zero_native\Debug/core.a(PluggableUSB.cpp.o)
 *(COMMON)
                0x2000096c                . = ALIGN (0x4)
                0x2000096c                __bss_end__ = .

.heap           0x2000096c        0x0
                0x2000096c                __end__ = .
                0x2000096c                PROVIDE (end, .)
 *(.heap*)
                0x2000096c                __HeapLimit = .

.stack_dummy    0x2000096c        0x0
 *(.stack*)
                0x20008000                __StackTop = (ORIGIN (RAM) + 0x8000)
                0x20008000                __StackLimit = (__StackTop - SIZEOF (.stack_dummy))
                0x20008000                PROVIDE (__stack, __StackTop)
                0x20007fff                __ram_end__ = ((ORIGIN (RAM) + 0x8000) - 0x1)
                0x00000001                ASSERT ((__StackLimit >= __HeapLimit), region RAM overflowed with stack)
OUTPUT(C:\Users\moseichuk\AppData\Local\Temp\VMBuilds\TestDisplay2_4ISP_SAMD21G18A\MattairTech_Arduino_arduino_zero_native\Debug/TestDisplay2_4ISP_SAMD21G18A.ino.elf elf32-littlearm)

.ARM.attributes
                0x00000000       0x28
 .ARM.attributes
                0x00000000       0x1e c:/users/moseichuk/appdata/local/arduino15/packages/arduino/tools/arm-none-eabi-gcc/4.8.3-2014q1/bin/../lib/gcc/arm-none-eabi/4.8.3/armv6-m/crti.o
 .ARM.attributes
                0x0000001e       0x2c c:/users/moseichuk/appdata/local/arduino15/packages/arduino/tools/arm-none-eabi-gcc/4.8.3-2014q1/bin/../lib/gcc/arm-none-eabi/4.8.3/armv6-m/crtbegin.o
 .ARM.attributes
                0x0000004a       0x32 C:\Users\moseichuk\AppData\Local\Temp\VMBuilds\TestDisplay2_4ISP_SAMD21G18A\MattairTech_Arduino_arduino_zero_native\Debug\TestDisplay2_4ISP_SAMD21G18A.cpp.o
 .ARM.attributes
                0x0000007c       0x32 C:\Users\moseichuk\AppData\Local\Temp\VMBuilds\TestDisplay2_4ISP_SAMD21G18A\MattairTech_Arduino_arduino_zero_native\Debug\Adafruit_GFX\Adafruit_GFX.cpp.o
 .ARM.attributes
                0x000000ae       0x32 C:\Users\moseichuk\AppData\Local\Temp\VMBuilds\TestDisplay2_4ISP_SAMD21G18A\MattairTech_Arduino_arduino_zero_native\Debug\Adafruit_ILI9341\Adafruit_ILI9341.cpp.o
 .ARM.attributes
                0x000000e0       0x32 C:\Users\moseichuk\AppData\Local\Temp\VMBuilds\TestDisplay2_4ISP_SAMD21G18A\MattairTech_Arduino_arduino_zero_native\Debug\SPI\SPI.cpp.o
 .ARM.attributes
                0x00000112       0x32 C:\Users\moseichuk\AppData\Local\Temp\VMBuilds\TestDisplay2_4ISP_SAMD21G18A\MattairTech_Arduino_arduino_zero_native\Debug\UTouch\UTouch.cpp.o
 .ARM.attributes
                0x00000144       0x32 C:\Users\moseichuk\AppData\Local\Temp\VMBuilds\TestDisplay2_4ISP_SAMD21G18A\MattairTech_Arduino_arduino_zero_native\Debug\variant\variant.cpp.o
 .ARM.attributes
                0x00000176       0x32 C:\Users\moseichuk\AppData\Local\Temp\VMBuilds\TestDisplay2_4ISP_SAMD21G18A\MattairTech_Arduino_arduino_zero_native\Debug/core.a(cortex_handlers.c.o)
 .ARM.attributes
                0x000001a8       0x32 C:\Users\moseichuk\AppData\Local\Temp\VMBuilds\TestDisplay2_4ISP_SAMD21G18A\MattairTech_Arduino_arduino_zero_native\Debug/core.a(delay.c.o)
 .ARM.attributes
                0x000001da       0x32 C:\Users\moseichuk\AppData\Local\Temp\VMBuilds\TestDisplay2_4ISP_SAMD21G18A\MattairTech_Arduino_arduino_zero_native\Debug/core.a(hooks.c.o)
 .ARM.attributes
                0x0000020c       0x32 C:\Users\moseichuk\AppData\Local\Temp\VMBuilds\TestDisplay2_4ISP_SAMD21G18A\MattairTech_Arduino_arduino_zero_native\Debug/core.a(startup.c.o)
 .ARM.attributes
                0x0000023e       0x32 C:\Users\moseichuk\AppData\Local\Temp\VMBuilds\TestDisplay2_4ISP_SAMD21G18A\MattairTech_Arduino_arduino_zero_native\Debug/core.a(wiring.c.o)
 .ARM.attributes
                0x00000270       0x32 C:\Users\moseichuk\AppData\Local\Temp\VMBuilds\TestDisplay2_4ISP_SAMD21G18A\MattairTech_Arduino_arduino_zero_native\Debug/core.a(wiring_analog.c.o)
 .ARM.attributes
                0x000002a2       0x32 C:\Users\moseichuk\AppData\Local\Temp\VMBuilds\TestDisplay2_4ISP_SAMD21G18A\MattairTech_Arduino_arduino_zero_native\Debug/core.a(wiring_digital.c.o)
 .ARM.attributes
                0x000002d4       0x32 C:\Users\moseichuk\AppData\Local\Temp\VMBuilds\TestDisplay2_4ISP_SAMD21G18A\MattairTech_Arduino_arduino_zero_native\Debug/core.a(wiring_private.c.o)
 .ARM.attributes
                0x00000306       0x32 C:\Users\moseichuk\AppData\Local\Temp\VMBuilds\TestDisplay2_4ISP_SAMD21G18A\MattairTech_Arduino_arduino_zero_native\Debug/core.a(abi.cpp.o)
 .ARM.attributes
                0x00000338       0x32 C:\Users\moseichuk\AppData\Local\Temp\VMBuilds\TestDisplay2_4ISP_SAMD21G18A\MattairTech_Arduino_arduino_zero_native\Debug/core.a(main.cpp.o)
 .ARM.attributes
                0x0000036a       0x32 C:\Users\moseichuk\AppData\Local\Temp\VMBuilds\TestDisplay2_4ISP_SAMD21G18A\MattairTech_Arduino_arduino_zero_native\Debug/core.a(Print.cpp.o)
 .ARM.attributes
                0x0000039c       0x32 C:\Users\moseichuk\AppData\Local\Temp\VMBuilds\TestDisplay2_4ISP_SAMD21G18A\MattairTech_Arduino_arduino_zero_native\Debug/core.a(Reset.cpp.o)
 .ARM.attributes
                0x000003ce       0x32 C:\Users\moseichuk\AppData\Local\Temp\VMBuilds\TestDisplay2_4ISP_SAMD21G18A\MattairTech_Arduino_arduino_zero_native\Debug/core.a(SERCOM.cpp.o)
 .ARM.attributes
                0x00000400       0x32 C:\Users\moseichuk\AppData\Local\Temp\VMBuilds\TestDisplay2_4ISP_SAMD21G18A\MattairTech_Arduino_arduino_zero_native\Debug/core.a(Uart.cpp.o)
 .ARM.attributes
                0x00000432       0x32 C:\Users\moseichuk\AppData\Local\Temp\VMBuilds\TestDisplay2_4ISP_SAMD21G18A\MattairTech_Arduino_arduino_zero_native\Debug/core.a(CDC.cpp.o)
 .ARM.attributes
                0x00000464       0x32 C:\Users\moseichuk\AppData\Local\Temp\VMBuilds\TestDisplay2_4ISP_SAMD21G18A\MattairTech_Arduino_arduino_zero_native\Debug/core.a(USBCore.cpp.o)
 .ARM.attributes
                0x00000496       0x32 C:\Users\moseichuk\AppData\Local\Temp\VMBuilds\TestDisplay2_4ISP_SAMD21G18A\MattairTech_Arduino_arduino_zero_native\Debug/core.a(RingBuffer.cpp.o)
 .ARM.attributes
                0x000004c8       0x32 C:\Users\moseichuk\AppData\Local\Temp\VMBuilds\TestDisplay2_4ISP_SAMD21G18A\MattairTech_Arduino_arduino_zero_native\Debug/core.a(PluggableUSB.cpp.o)
 .ARM.attributes
                0x000004fa       0x1e c:/users/moseichuk/appdata/local/arduino15/packages/arduino/tools/arm-none-eabi-gcc/4.8.3-2014q1/bin/../lib/gcc/arm-none-eabi/4.8.3/armv6-m\libgcc.a(_thumb1_case_uqi.o)
 .ARM.attributes
                0x00000518       0x1e c:/users/moseichuk/appdata/local/arduino15/packages/arduino/tools/arm-none-eabi-gcc/4.8.3-2014q1/bin/../lib/gcc/arm-none-eabi/4.8.3/armv6-m\libgcc.a(_udivsi3.o)
 .ARM.attributes
                0x00000536       0x1e c:/users/moseichuk/appdata/local/arduino15/packages/arduino/tools/arm-none-eabi-gcc/4.8.3-2014q1/bin/../lib/gcc/arm-none-eabi/4.8.3/armv6-m\libgcc.a(_dvmd_tls.o)
 .ARM.attributes
                0x00000554       0x1e c:/users/moseichuk/appdata/local/arduino15/packages/arduino/tools/arm-none-eabi-gcc/4.8.3-2014q1/bin/../lib/gcc/arm-none-eabi/4.8.3/armv6-m\libgcc.a(_lshrdi3.o)
 .ARM.attributes
                0x00000572       0x1e c:/users/moseichuk/appdata/local/arduino15/packages/arduino/tools/arm-none-eabi-gcc/4.8.3-2014q1/bin/../lib/gcc/arm-none-eabi/4.8.3/armv6-m\libgcc.a(_ashldi3.o)
 .ARM.attributes
                0x00000590       0x2c c:/users/moseichuk/appdata/local/arduino15/packages/arduino/tools/arm-none-eabi-gcc/4.8.3-2014q1/bin/../lib/gcc/arm-none-eabi/4.8.3/armv6-m\libgcc.a(_muldi3.o)
 .ARM.attributes
                0x000005bc       0x2c c:/users/moseichuk/appdata/local/arduino15/packages/arduino/tools/arm-none-eabi-gcc/4.8.3-2014q1/bin/../lib/gcc/arm-none-eabi/4.8.3/../../../../arm-none-eabi/lib/armv6-m\libc_s.a(lib_a-init.o)
 .ARM.attributes
                0x000005e8       0x2c c:/users/moseichuk/appdata/local/arduino15/packages/arduino/tools/arm-none-eabi-gcc/4.8.3-2014q1/bin/../lib/gcc/arm-none-eabi/4.8.3/../../../../arm-none-eabi/lib/armv6-m\libc_s.a(lib_a-memcpy-stub.o)
 .ARM.attributes
                0x00000614       0x2c c:/users/moseichuk/appdata/local/arduino15/packages/arduino/tools/arm-none-eabi-gcc/4.8.3-2014q1/bin/../lib/gcc/arm-none-eabi/4.8.3/../../../../arm-none-eabi/lib/armv6-m\libc_s.a(lib_a-memset.o)
 .ARM.attributes
                0x00000640       0x2c c:/users/moseichuk/appdata/local/arduino15/packages/arduino/tools/arm-none-eabi-gcc/4.8.3-2014q1/bin/../lib/gcc/arm-none-eabi/4.8.3/../../../../arm-none-eabi/lib/armv6-m\libc_s.a(lib_a-strlen.o)
 .ARM.attributes
                0x0000066c       0x2c c:/users/moseichuk/appdata/local/arduino15/packages/arduino/tools/arm-none-eabi-gcc/4.8.3-2014q1/bin/../lib/gcc/arm-none-eabi/4.8.3/armv6-m/crtend.o
 .ARM.attributes
                0x00000698       0x1e c:/users/moseichuk/appdata/local/arduino15/packages/arduino/tools/arm-none-eabi-gcc/4.8.3-2014q1/bin/../lib/gcc/arm-none-eabi/4.8.3/armv6-m/crtn.o

.comment        0x00000000       0x70
 .comment       0x00000000       0x70 C:\Users\moseichuk\AppData\Local\Temp\VMBuilds\TestDisplay2_4ISP_SAMD21G18A\MattairTech_Arduino_arduino_zero_native\Debug\TestDisplay2_4ISP_SAMD21G18A.cpp.o
                                 0x71 (size before relaxing)
 .comment       0x00000000       0x71 C:\Users\moseichuk\AppData\Local\Temp\VMBuilds\TestDisplay2_4ISP_SAMD21G18A\MattairTech_Arduino_arduino_zero_native\Debug\Adafruit_GFX\Adafruit_GFX.cpp.o
 .comment       0x00000000       0x71 C:\Users\moseichuk\AppData\Local\Temp\VMBuilds\TestDisplay2_4ISP_SAMD21G18A\MattairTech_Arduino_arduino_zero_native\Debug\Adafruit_ILI9341\Adafruit_ILI9341.cpp.o
 .comment       0x00000000       0x71 C:\Users\moseichuk\AppData\Local\Temp\VMBuilds\TestDisplay2_4ISP_SAMD21G18A\MattairTech_Arduino_arduino_zero_native\Debug\SPI\SPI.cpp.o
 .comment       0x00000000       0x71 C:\Users\moseichuk\AppData\Local\Temp\VMBuilds\TestDisplay2_4ISP_SAMD21G18A\MattairTech_Arduino_arduino_zero_native\Debug\UTouch\UTouch.cpp.o
 .comment       0x00000000       0x71 C:\Users\moseichuk\AppData\Local\Temp\VMBuilds\TestDisplay2_4ISP_SAMD21G18A\MattairTech_Arduino_arduino_zero_native\Debug\variant\variant.cpp.o
 .comment       0x00000000       0x71 C:\Users\moseichuk\AppData\Local\Temp\VMBuilds\TestDisplay2_4ISP_SAMD21G18A\MattairTech_Arduino_arduino_zero_native\Debug/core.a(cortex_handlers.c.o)
 .comment       0x00000000       0x71 C:\Users\moseichuk\AppData\Local\Temp\VMBuilds\TestDisplay2_4ISP_SAMD21G18A\MattairTech_Arduino_arduino_zero_native\Debug/core.a(delay.c.o)
 .comment       0x00000000       0x71 C:\Users\moseichuk\AppData\Local\Temp\VMBuilds\TestDisplay2_4ISP_SAMD21G18A\MattairTech_Arduino_arduino_zero_native\Debug/core.a(hooks.c.o)
 .comment       0x00000000       0x71 C:\Users\moseichuk\AppData\Local\Temp\VMBuilds\TestDisplay2_4ISP_SAMD21G18A\MattairTech_Arduino_arduino_zero_native\Debug/core.a(startup.c.o)
 .comment       0x00000000       0x71 C:\Users\moseichuk\AppData\Local\Temp\VMBuilds\TestDisplay2_4ISP_SAMD21G18A\MattairTech_Arduino_arduino_zero_native\Debug/core.a(wiring.c.o)
 .comment       0x00000000       0x71 C:\Users\moseichuk\AppData\Local\Temp\VMBuilds\TestDisplay2_4ISP_SAMD21G18A\MattairTech_Arduino_arduino_zero_native\Debug/core.a(wiring_analog.c.o)
 .comment       0x00000000       0x71 C:\Users\moseichuk\AppData\Local\Temp\VMBuilds\TestDisplay2_4ISP_SAMD21G18A\MattairTech_Arduino_arduino_zero_native\Debug/core.a(wiring_digital.c.o)
 .comment       0x00000000       0x71 C:\Users\moseichuk\AppData\Local\Temp\VMBuilds\TestDisplay2_4ISP_SAMD21G18A\MattairTech_Arduino_arduino_zero_native\Debug/core.a(wiring_private.c.o)
 .comment       0x00000000       0x71 C:\Users\moseichuk\AppData\Local\Temp\VMBuilds\TestDisplay2_4ISP_SAMD21G18A\MattairTech_Arduino_arduino_zero_native\Debug/core.a(abi.cpp.o)
 .comment       0x00000000       0x71 C:\Users\moseichuk\AppData\Local\Temp\VMBuilds\TestDisplay2_4ISP_SAMD21G18A\MattairTech_Arduino_arduino_zero_native\Debug/core.a(main.cpp.o)
 .comment       0x00000000       0x71 C:\Users\moseichuk\AppData\Local\Temp\VMBuilds\TestDisplay2_4ISP_SAMD21G18A\MattairTech_Arduino_arduino_zero_native\Debug/core.a(Print.cpp.o)
 .comment       0x00000000       0x71 C:\Users\moseichuk\AppData\Local\Temp\VMBuilds\TestDisplay2_4ISP_SAMD21G18A\MattairTech_Arduino_arduino_zero_native\Debug/core.a(Reset.cpp.o)
 .comment       0x00000000       0x71 C:\Users\moseichuk\AppData\Local\Temp\VMBuilds\TestDisplay2_4ISP_SAMD21G18A\MattairTech_Arduino_arduino_zero_native\Debug/core.a(SERCOM.cpp.o)
 .comment       0x00000000       0x71 C:\Users\moseichuk\AppData\Local\Temp\VMBuilds\TestDisplay2_4ISP_SAMD21G18A\MattairTech_Arduino_arduino_zero_native\Debug/core.a(Uart.cpp.o)
 .comment       0x00000000       0x71 C:\Users\moseichuk\AppData\Local\Temp\VMBuilds\TestDisplay2_4ISP_SAMD21G18A\MattairTech_Arduino_arduino_zero_native\Debug/core.a(CDC.cpp.o)