Archive member included because of file (symbol)

C:\Users\Alex\AppData\Local\Temp\VMBuilds\TestDisplay2_4ISP_SAMD21G18A\arduino_zero_native\Debug/core.a(cortex_handlers.c.o)
                              (Reset_Handler)
C:\Users\Alex\AppData\Local\Temp\VMBuilds\TestDisplay2_4ISP_SAMD21G18A\arduino_zero_native\Debug/core.a(delay.c.o)
                              C:\Users\Alex\AppData\Local\Temp\VMBuilds\TestDisplay2_4ISP_SAMD21G18A\arduino_zero_native\Debug\TestDisplay2_4ISP_SAMD21G18A.cpp.o (micros)
C:\Users\Alex\AppData\Local\Temp\VMBuilds\TestDisplay2_4ISP_SAMD21G18A\arduino_zero_native\Debug/core.a(hooks.c.o)
                              C:\Users\Alex\AppData\Local\Temp\VMBuilds\TestDisplay2_4ISP_SAMD21G18A\arduino_zero_native\Debug\TestDisplay2_4ISP_SAMD21G18A.cpp.o (yield)
C:\Users\Alex\AppData\Local\Temp\VMBuilds\TestDisplay2_4ISP_SAMD21G18A\arduino_zero_native\Debug/core.a(startup.c.o)
                              C:\Users\Alex\AppData\Local\Temp\VMBuilds\TestDisplay2_4ISP_SAMD21G18A\arduino_zero_native\Debug/core.a(cortex_handlers.c.o) (SystemInit)
C:\Users\Alex\AppData\Local\Temp\VMBuilds\TestDisplay2_4ISP_SAMD21G18A\arduino_zero_native\Debug/core.a(wiring.c.o)
                              C:\Users\Alex\AppData\Local\Temp\VMBuilds\TestDisplay2_4ISP_SAMD21G18A\arduino_zero_native\Debug/core.a(startup.c.o) (SystemCoreClock)
C:\Users\Alex\AppData\Local\Temp\VMBuilds\TestDisplay2_4ISP_SAMD21G18A\arduino_zero_native\Debug/core.a(wiring_analog.c.o)
                              C:\Users\Alex\AppData\Local\Temp\VMBuilds\TestDisplay2_4ISP_SAMD21G18A\arduino_zero_native\Debug/core.a(wiring.c.o) (analogReference)
C:\Users\Alex\AppData\Local\Temp\VMBuilds\TestDisplay2_4ISP_SAMD21G18A\arduino_zero_native\Debug/core.a(wiring_digital.c.o)
                              C:\Users\Alex\AppData\Local\Temp\VMBuilds\TestDisplay2_4ISP_SAMD21G18A\arduino_zero_native\Debug\Adafruit_ILI9341\Adafruit_ILI9341.cpp.o (pinMode)
C:\Users\Alex\AppData\Local\Temp\VMBuilds\TestDisplay2_4ISP_SAMD21G18A\arduino_zero_native\Debug/core.a(wiring_private.c.o)
                              C:\Users\Alex\AppData\Local\Temp\VMBuilds\TestDisplay2_4ISP_SAMD21G18A\arduino_zero_native\Debug\SPI\SPI.cpp.o (pinPeripheral)
C:\Users\Alex\AppData\Local\Temp\VMBuilds\TestDisplay2_4ISP_SAMD21G18A\arduino_zero_native\Debug/core.a(abi.cpp.o)
                              C:\Users\Alex\AppData\Local\Temp\VMBuilds\TestDisplay2_4ISP_SAMD21G18A\arduino_zero_native\Debug\Adafruit_GFX\Adafruit_GFX.cpp.o (__cxa_pure_virtual)
C:\Users\Alex\AppData\Local\Temp\VMBuilds\TestDisplay2_4ISP_SAMD21G18A\arduino_zero_native\Debug/core.a(main.cpp.o)
                              c:/users/alex/appdata/local/arduino15/packages/arduino/tools/arm-none-eabi-gcc/4.8.3-2014q1/bin/../lib/gcc/arm-none-eabi/4.8.3/../../../../arm-none-eabi/lib/armv6-m/crt0.o (main)
C:\Users\Alex\AppData\Local\Temp\VMBuilds\TestDisplay2_4ISP_SAMD21G18A\arduino_zero_native\Debug/core.a(Print.cpp.o)
                              C:\Users\Alex\AppData\Local\Temp\VMBuilds\TestDisplay2_4ISP_SAMD21G18A\arduino_zero_native\Debug\Adafruit_GFX\Adafruit_GFX.cpp.o (Print::write(unsigned char const*, unsigned int))
C:\Users\Alex\AppData\Local\Temp\VMBuilds\TestDisplay2_4ISP_SAMD21G18A\arduino_zero_native\Debug/core.a(Reset.cpp.o)
                              C:\Users\Alex\AppData\Local\Temp\VMBuilds\TestDisplay2_4ISP_SAMD21G18A\arduino_zero_native\Debug/core.a(delay.c.o) (tickReset)
C:\Users\Alex\AppData\Local\Temp\VMBuilds\TestDisplay2_4ISP_SAMD21G18A\arduino_zero_native\Debug/core.a(SERCOM.cpp.o)
                              C:\Users\Alex\AppData\Local\Temp\VMBuilds\TestDisplay2_4ISP_SAMD21G18A\arduino_zero_native\Debug\variant\variant.cpp.o (SERCOM::SERCOM(Sercom*))
C:\Users\Alex\AppData\Local\Temp\VMBuilds\TestDisplay2_4ISP_SAMD21G18A\arduino_zero_native\Debug/core.a(Uart.cpp.o)
                              C:\Users\Alex\AppData\Local\Temp\VMBuilds\TestDisplay2_4ISP_SAMD21G18A\arduino_zero_native\Debug\variant\variant.cpp.o (Uart::Uart(SERCOM*, unsigned char, unsigned char, SercomRXPad, SercomUartTXPad))
C:\Users\Alex\AppData\Local\Temp\VMBuilds\TestDisplay2_4ISP_SAMD21G18A\arduino_zero_native\Debug/core.a(CDC.cpp.o)
                              C:\Users\Alex\AppData\Local\Temp\VMBuilds\TestDisplay2_4ISP_SAMD21G18A\arduino_zero_native\Debug\TestDisplay2_4ISP_SAMD21G18A.cpp.o (Serial_::begin(unsigned long))
C:\Users\Alex\AppData\Local\Temp\VMBuilds\TestDisplay2_4ISP_SAMD21G18A\arduino_zero_native\Debug/core.a(USBCore.cpp.o)
                              C:\Users\Alex\AppData\Local\Temp\VMBuilds\TestDisplay2_4ISP_SAMD21G18A\arduino_zero_native\Debug/core.a(main.cpp.o) (USBDeviceClass::init())
C:\Users\Alex\AppData\Local\Temp\VMBuilds\TestDisplay2_4ISP_SAMD21G18A\arduino_zero_native\Debug/core.a(new.cpp.o)
[...]
Memory Configuration

Name             Origin             Length             Attributes
FLASH            0x00002000         0x0003e000         xr
RAM              0x20000000         0x00008000         xrw
*default*        0x00000000         0xffffffff

Linker script and memory map

LOAD c:/users/alex/appdata/local/arduino15/packages/arduino/tools/arm-none-eabi-gcc/4.8.3-2014q1/bin/../lib/gcc/arm-none-eabi/4.8.3/armv6-m/crti.o
LOAD c:/users/alex/appdata/local/arduino15/packages/arduino/tools/arm-none-eabi-gcc/4.8.3-2014q1/bin/../lib/gcc/arm-none-eabi/4.8.3/armv6-m/crtbegin.o
LOAD c:/users/alex/appdata/local/arduino15/packages/arduino/tools/arm-none-eabi-gcc/4.8.3-2014q1/bin/../lib/gcc/arm-none-eabi/4.8.3/../../../../arm-none-eabi/lib/armv6-m/crt0.o
LOAD C:\Users\Alex\AppData\Local\Temp\VMBuilds\TestDisplay2_4ISP_SAMD21G18A\arduino_zero_native\Debug\TestDisplay2_4ISP_SAMD21G18A.cpp.o
LOAD C:\Users\Alex\AppData\Local\Temp\VMBuilds\TestDisplay2_4ISP_SAMD21G18A\arduino_zero_native\Debug\Adafruit_GFX\glcdfont.c.o
LOAD C:\Users\Alex\AppData\Local\Temp\VMBuilds\TestDisplay2_4ISP_SAMD21G18A\arduino_zero_native\Debug\Adafruit_GFX\Adafruit_GFX.cpp.o
LOAD C:\Users\Alex\AppData\Local\Temp\VMBuilds\TestDisplay2_4ISP_SAMD21G18A\arduino_zero_native\Debug\Adafruit_ILI9341\Adafruit_ILI9341.cpp.o
LOAD C:\Users\Alex\AppData\Local\Temp\VMBuilds\TestDisplay2_4ISP_SAMD21G18A\arduino_zero_native\Debug\SPI\SPI.cpp.o
LOAD C:\Users\Alex\AppData\Local\Temp\VMBuilds\TestDisplay2_4ISP_SAMD21G18A\arduino_zero_native\Debug\UTouch\UTouch.cpp.o
LOAD C:\Users\Alex\AppData\Local\Temp\VMBuilds\TestDisplay2_4ISP_SAMD21G18A\arduino_zero_native\Debug\variant\variant.cpp.o
START GROUP
LOAD C:\Users\Alex\AppData\Local\arduino15\packages\arduino\tools\CMSIS\4.5.0/CMSIS/Lib/GCC/\libarm_cortexM0l_math.a
LOAD c:/users/alex/appdata/local/arduino15/packages/arduino/tools/arm-none-eabi-gcc/4.8.3-2014q1/bin/../lib/gcc/arm-none-eabi/4.8.3/../../../../arm-none-eabi/lib/armv6-m\libm.a
LOAD C:\Users\Alex\AppData\Local\Temp\VMBuilds\TestDisplay2_4ISP_SAMD21G18A\arduino_zero_native\Debug/core.a
END GROUP
START GROUP
LOAD c:/users/alex/appdata/local/arduino15/packages/arduino/tools/arm-none-eabi-gcc/4.8.3-2014q1/bin/../lib/gcc/arm-none-eabi/4.8.3/armv6-m\libgcc.a
LOAD c:/users/alex/appdata/local/arduino15/packages/arduino/tools/arm-none-eabi-gcc/4.8.3-2014q1/bin/../lib/gcc/arm-none-eabi/4.8.3/../../../../arm-none-eabi/lib/armv6-m\libc_s.a
END GROUP
START GROUP
LOAD c:/users/alex/appdata/local/arduino15/packages/arduino/tools/arm-none-eabi-gcc/4.8.3-2014q1/bin/../lib/gcc/arm-none-eabi/4.8.3/armv6-m\libgcc.a
LOAD c:/users/alex/appdata/local/arduino15/packages/arduino/tools/arm-none-eabi-gcc/4.8.3-2014q1/bin/../lib/gcc/arm-none-eabi/4.8.3/../../../../arm-none-eabi/lib/armv6-m\libc_s.a
LOAD c:/users/alex/appdata/local/arduino15/packages/arduino/tools/arm-none-eabi-gcc/4.8.3-2014q1/bin/../lib/gcc/arm-none-eabi/4.8.3/../../../../arm-none-eabi/lib/armv6-m\libnosys.a
END GROUP
START GROUP
LOAD c:/users/alex/appdata/local/arduino15/packages/arduino/tools/arm-none-eabi-gcc/4.8.3-2014q1/bin/../lib/gcc/arm-none-eabi/4.8.3/armv6-m\libgcc.a
LOAD c:/users/alex/appdata/local/arduino15/packages/arduino/tools/arm-none-eabi-gcc/4.8.3-2014q1/bin/../lib/gcc/arm-none-eabi/4.8.3/../../../../arm-none-eabi/lib/armv6-m\libc_s.a
LOAD c:/users/alex/appdata/local/arduino15/packages/arduino/tools/arm-none-eabi-gcc/4.8.3-2014q1/bin/../lib/gcc/arm-none-eabi/4.8.3/../../../../arm-none-eabi/lib/armv6-m\libnosys.a
END GROUP
LOAD c:/users/alex/appdata/local/arduino15/packages/arduino/tools/arm-none-eabi-gcc/4.8.3-2014q1/bin/../lib/gcc/arm-none-eabi/4.8.3/armv6-m/crtend.o
LOAD c:/users/alex/appdata/local/arduino15/packages/arduino/tools/arm-none-eabi-gcc/4.8.3-2014q1/bin/../lib/gcc/arm-none-eabi/4.8.3/armv6-m/crtn.o

.text           0x00002000     0x48f0
                0x00002000                __text_start__ = .
 *(.sketch_boot)
                0x00002000                . = ALIGN (0x2000)
 *(.isr_vector)
 .isr_vector    0x00002000       0xb4 C:\Users\Alex\AppData\Local\Temp\VMBuilds\TestDisplay2_4ISP_SAMD21G18A\arduino_zero_native\Debug/core.a(cortex_handlers.c.o)
                0x00002000                exception_table
 *(.text*)
 .text          0x000020b4       0x60 c:/users/alex/appdata/local/arduino15/packages/arduino/tools/arm-none-eabi-gcc/4.8.3-2014q1/bin/../lib/gcc/arm-none-eabi/4.8.3/armv6-m/crtbegin.o
 .text.loop     0x00002114        0xa C:\Users\Alex\AppData\Local\Temp\VMBuilds\TestDisplay2_4ISP_SAMD21G18A\arduino_zero_native\Debug\TestDisplay2_4ISP_SAMD21G18A.cpp.o
                0x00002114                loop
 *fill*         0x0000211e        0x2 
 .text.startup._GLOBAL__sub_I_tft
                0x00002120       0x3c C:\Users\Alex\AppData\Local\Temp\VMBuilds\TestDisplay2_4ISP_SAMD21G18A\arduino_zero_native\Debug\TestDisplay2_4ISP_SAMD21G18A.cpp.o
 .text._Z11drawButtonsv
                0x0000215c      0x100 C:\Users\Alex\AppData\Local\Temp\VMBuilds\TestDisplay2_4ISP_SAMD21G18A\arduino_zero_native\Debug\TestDisplay2_4ISP_SAMD21G18A.cpp.o
                0x0000215c                drawButtons()
 .text.setup    0x0000225c       0x60 C:\Users\Alex\AppData\Local\Temp\VMBuilds\TestDisplay2_4ISP_SAMD21G18A\arduino_zero_native\Debug\TestDisplay2_4ISP_SAMD21G18A.cpp.o
                0x0000225c                setup
 .text._ZN5Print17availableForWriteEv
                0x000022bc        0x4 C:\Users\Alex\AppData\Local\Temp\VMBuilds\TestDisplay2_4ISP_SAMD21G18A\arduino_zero_native\Debug\Adafruit_GFX\Adafruit_GFX.cpp.o
                0x000022bc                Print::availableForWrite()
 .text._ZN5Print5flushEv
                0x000022c0        0x2 C:\Users\Alex\AppData\Local\Temp\VMBuilds\TestDisplay2_4ISP_SAMD21G18A\arduino_zero_native\Debug\Adafruit_GFX\Adafruit_GFX.cpp.o
                0x000022c0                Print::flush()
 *fill*         0x000022c2        0x2 
 .text._ZN12Adafruit_GFX9writeLineEsssst
                0x000022c4       0xd4 C:\Users\Alex\AppData\Local\Temp\VMBuilds\TestDisplay2_4ISP_SAMD21G18A\arduino_zero_native\Debug\Adafruit_GFX\Adafruit_GFX.cpp.o
                0x000022c4                Adafruit_GFX::writeLine(short, short, short, short, unsigned short)
 .text._ZN12Adafruit_GFX10startWriteEv
                0x00002398        0x2 C:\Users\Alex\AppData\Local\Temp\VMBuilds\TestDisplay2_4ISP_SAMD21G18A\arduino_zero_native\Debug\Adafruit_GFX\Adafruit_GFX.cpp.o
                0x00002398                Adafruit_GFX::startWrite()
 .text._ZN12Adafruit_GFX10writePixelEsst
                0x0000239a        0xa C:\Users\Alex\AppData\Local\Temp\VMBuilds\TestDisplay2_4ISP_SAMD21G18A\arduino_zero_native\Debug\Adafruit_GFX\Adafruit_GFX.cpp.o
                0x0000239a                Adafruit_GFX::writePixel(short, short, unsigned short)
 .text._ZN12Adafruit_GFX14writeFastVLineEssst
                0x000023a4       0x10 C:\Users\Alex\AppData\Local\Temp\VMBuilds\TestDisplay2_4ISP_SAMD21G18A\arduino_zero_native\Debug\Adafruit_GFX\Adafruit_GFX.cpp.o
                0x000023a4                Adafruit_GFX::writeFastVLine(short, short, short, unsigned short)
 .text._ZN12Adafruit_GFX14writeFastHLineEssst
                0x000023b4       0x10 C:\Users\Alex\AppData\Local\Temp\VMBuilds\TestDisplay2_4ISP_SAMD21G18A\arduino_zero_native\Debug\Adafruit_GFX\Adafruit_GFX.cpp.o
                0x000023b4                Adafruit_GFX::writeFastHLine(short, short, short, unsigned short)
 .text._ZN12Adafruit_GFX13writeFillRectEsssst
                0x000023c4       0x18 C:\Users\Alex\AppData\Local\Temp\VMBuilds\TestDisplay2_4ISP_SAMD21G18A\arduino_zero_native\Debug\Adafruit_GFX\Adafruit_GFX.cpp.o
                0x000023c4                Adafruit_GFX::writeFillRect(short, short, short, short, unsigned short)
 .text._ZN12Adafruit_GFX8endWriteEv
                0x000023dc        0x2 C:\Users\Alex\AppData\Local\Temp\VMBuilds\TestDisplay2_4ISP_SAMD21G18A\arduino_zero_native\Debug\Adafruit_GFX\Adafruit_GFX.cpp.o
                0x000023dc                Adafruit_GFX::endWrite()
 .text._ZN12Adafruit_GFX13drawFastVLineEssst
                0x000023de       0x3e C:\Users\Alex\AppData\Local\Temp\VMBuilds\TestDisplay2_4ISP_SAMD21G18A\arduino_zero_native\Debug\Adafruit_GFX\Adafruit_GFX.cpp.o
                0x000023de                Adafruit_GFX::drawFastVLine(short, short, short, unsigned short)
 .text._ZN12Adafruit_GFX13drawFastHLineEssst
                0x0000241c       0x3c C:\Users\Alex\AppData\Local\Temp\VMBuilds\TestDisplay2_4ISP_SAMD21G18A\arduino_zero_native\Debug\Adafruit_GFX\Adafruit_GFX.cpp.o
                0x0000241c                Adafruit_GFX::drawFastHLine(short, short, short, unsigned short)
 .text._ZN12Adafruit_GFX8fillRectEsssst
                0x00002458       0x4e C:\Users\Alex\AppData\Local\Temp\VMBuilds\TestDisplay2_4ISP_SAMD21G18A\arduino_zero_native\Debug\Adafruit_GFX\Adafruit_GFX.cpp.o
                0x00002458                Adafruit_GFX::fillRect(short, short, short, short, unsigned short)
 .text._ZN12Adafruit_GFX10fillScreenEt
                0x000024a6       0x1a C:\Users\Alex\AppData\Local\Temp\VMBuilds\TestDisplay2_4ISP_SAMD21G18A\arduino_zero_native\Debug\Adafruit_GFX\Adafruit_GFX.cpp.o
                0x000024a6                Adafruit_GFX::fillScreen(unsigned short)
 .text._ZN12Adafruit_GFX8drawLineEsssst
                0x000024c0       0x84 C:\Users\Alex\AppData\Local\Temp\VMBuilds\TestDisplay2_4ISP_SAMD21G18A\arduino_zero_native\Debug\Adafruit_GFX\Adafruit_GFX.cpp.o
                0x000024c0                Adafruit_GFX::drawLine(short, short, short, short, unsigned short)
 .text._ZN12Adafruit_GFX8drawRectEsssst
                0x00002544       0x84 C:\Users\Alex\AppData\Local\Temp\VMBuilds\TestDisplay2_4ISP_SAMD21G18A\arduino_zero_native\Debug\Adafruit_GFX\Adafruit_GFX.cpp.o
                0x00002544                Adafruit_GFX::drawRect(short, short, short, short, unsigned short)
 .text._ZN12Adafruit_GFX13invertDisplayEb
                0x000025c8        0x2 C:\Users\Alex\AppData\Local\Temp\VMBuilds\TestDisplay2_4ISP_SAMD21G18A\arduino_zero_native\Debug\Adafruit_GFX\Adafruit_GFX.cpp.o
                0x000025c8                Adafruit_GFX::invertDisplay(bool)
 .text._ZN12Adafruit_GFX11setRotationEh
                0x000025ca       0x1e C:\Users\Alex\AppData\Local\Temp\VMBuilds\TestDisplay2_4ISP_SAMD21G18A\arduino_zero_native\Debug\Adafruit_GFX\Adafruit_GFX.cpp.o
                0x000025ca                Adafruit_GFX::setRotation(unsigned char)
 .text._ZN12Adafruit_GFXC2Ess
                0x000025e8       0x30 C:\Users\Alex\AppData\Local\Temp\VMBuilds\TestDisplay2_4ISP_SAMD21G18A\arduino_zero_native\Debug\Adafruit_GFX\Adafruit_GFX.cpp.o
                0x000025e8                Adafruit_GFX::Adafruit_GFX(short, short)
                0x000025e8                Adafruit_GFX::Adafruit_GFX(short, short)
 .text._ZN12Adafruit_GFX16drawCircleHelperEsssht
                0x00002618      0x17c C:\Users\Alex\AppData\Local\Temp\VMBuilds\TestDisplay2_4ISP_SAMD21G18A\arduino_zero_native\Debug\Adafruit_GFX\Adafruit_GFX.cpp.o
                0x00002618                Adafruit_GFX::drawCircleHelper(short, short, short, unsigned char, unsigned short)
 .text._ZN12Adafruit_GFX16fillCircleHelperEssshst
                0x00002794      0x14c C:\Users\Alex\AppData\Local\Temp\VMBuilds\TestDisplay2_4ISP_SAMD21G18A\arduino_zero_native\Debug\Adafruit_GFX\Adafruit_GFX.cpp.o
                0x00002794                Adafruit_GFX::fillCircleHelper(short, short, short, unsigned char, short, unsigned short)
 .text._ZN12Adafruit_GFX13drawRoundRectEssssst
                0x000028e0      0x126 C:\Users\Alex\AppData\Local\Temp\VMBuilds\TestDisplay2_4ISP_SAMD21G18A\arduino_zero_native\Debug\Adafruit_GFX\Adafruit_GFX.cpp.o
                0x000028e0                Adafruit_GFX::drawRoundRect(short, short, short, short, short, unsigned short)
 .text._ZN12Adafruit_GFX13fillRoundRectEssssst
                0x00002a06       0xae C:\Users\Alex\AppData\Local\Temp\VMBuilds\TestDisplay2_4ISP_SAMD21G18A\arduino_zero_native\Debug\Adafruit_GFX\Adafruit_GFX.cpp.o
                0x00002a06                Adafruit_GFX::fillRoundRect(short, short, short, short, short, unsigned short)
 .text._ZN12Adafruit_GFX8drawCharEsshtth
                0x00002ab4      0x2a4 C:\Users\Alex\AppData\Local\Temp\VMBuilds\TestDisplay2_4ISP_SAMD21G18A\arduino_zero_native\Debug\Adafruit_GFX\Adafruit_GFX.cpp.o
                0x00002ab4                Adafruit_GFX::drawChar(short, short, unsigned char, unsigned short, unsigned short, unsigned char)
 .text._ZN12Adafruit_GFX5writeEh
                0x00002d58       0xf6 C:\Users\Alex\AppData\Local\Temp\VMBuilds\TestDisplay2_4ISP_SAMD21G18A\arduino_zero_native\Debug\Adafruit_GFX\Adafruit_GFX.cpp.o
                0x00002d58                Adafruit_GFX::write(unsigned char)
 .text._ZN12Adafruit_GFX9setCursorEss
                0x00002e4e        0x6 C:\Users\Alex\AppData\Local\Temp\VMBuilds\TestDisplay2_4ISP_SAMD21G18A\arduino_zero_native\Debug\Adafruit_GFX\Adafruit_GFX.cpp.o
                0x00002e4e                Adafruit_GFX::setCursor(short, short)
 .text._ZN12Adafruit_GFX11setTextSizeEh
                0x00002e54        0xa C:\Users\Alex\AppData\Local\Temp\VMBuilds\TestDisplay2_4ISP_SAMD21G18A\arduino_zero_native\Debug\Adafruit_GFX\Adafruit_GFX.cpp.o
                0x00002e54                Adafruit_GFX::setTextSize(unsigned char)
 .text._ZN16Adafruit_ILI934114writeFastVLineEssst
                0x00002e5e       0x14 C:\Users\Alex\AppData\Local\Temp\VMBuilds\TestDisplay2_4ISP_SAMD21G18A\arduino_zero_native\Debug\Adafruit_ILI9341\Adafruit_ILI9341.cpp.o
                0x00002e5e                Adafruit_ILI9341::writeFastVLine(short, short, short, unsigned short)
 .text._ZN16Adafruit_ILI934114writeFastHLineEssst
                0x00002e72       0x14 C:\Users\Alex\AppData\Local\Temp\VMBuilds\TestDisplay2_4ISP_SAMD21G18A\arduino_zero_native\Debug\Adafruit_ILI9341\Adafruit_ILI9341.cpp.o
                0x00002e72                Adafruit_ILI9341::writeFastHLine(short, short, short, unsigned short)
 .text._ZN16Adafruit_ILI93419drawPixelEsst
                0x00002e86       0x2a C:\Users\Alex\AppData\Local\Temp\VMBuilds\TestDisplay2_4ISP_SAMD21G18A\arduino_zero_native\Debug\Adafruit_ILI9341\Adafruit_ILI9341.cpp.o
                0x00002e86                Adafruit_ILI9341::drawPixel(short, short, unsigned short)
 .text._ZN16Adafruit_ILI934113drawFastVLineEssst
                0x00002eb0       0x32 C:\Users\Alex\AppData\Local\Temp\VMBuilds\TestDisplay2_4ISP_SAMD21G18A\arduino_zero_native\Debug\Adafruit_ILI9341\Adafruit_ILI9341.cpp.o
                0x00002eb0                Adafruit_ILI9341::drawFastVLine(short, short, short, unsigned short)
 .text._ZN16Adafruit_ILI934113drawFastHLineEssst
                0x00002ee2       0x32 C:\Users\Alex\AppData\Local\Temp\VMBuilds\TestDisplay2_4ISP_SAMD21G18A\arduino_zero_native\Debug\Adafruit_ILI9341\Adafruit_ILI9341.cpp.o
                0x00002ee2                Adafruit_ILI9341::drawFastHLine(short, short, short, unsigned short)
 .text._ZN16Adafruit_ILI93418fillRectEsssst
                0x00002f14       0x3a C:\Users\Alex\AppData\Local\Temp\VMBuilds\TestDisplay2_4ISP_SAMD21G18A\arduino_zero_native\Debug\Adafruit_ILI9341\Adafruit_ILI9341.cpp.o
                0x00002f14                Adafruit_ILI9341::fillRect(short, short, short, short, unsigned short)
 *fill*         0x00002f4e        0x2 
 .text._ZN16Adafruit_ILI93418endWriteEv
                0x00002f50       0x20 C:\Users\Alex\AppData\Local\Temp\VMBuilds\TestDisplay2_4ISP_SAMD21G18A\arduino_zero_native\Debug\Adafruit_ILI9341\Adafruit_ILI9341.cpp.o
                0x00002f50                Adafruit_ILI9341::endWrite()
 .text._ZN16Adafruit_ILI934110startWriteEv
                0x00002f70       0x3c C:\Users\Alex\AppData\Local\Temp\VMBuilds\TestDisplay2_4ISP_SAMD21G18A\arduino_zero_native\Debug\Adafruit_ILI9341\Adafruit_ILI9341.cpp.o
                0x00002f70                Adafruit_ILI9341::startWrite()
 .text._ZN16Adafruit_ILI93418color565Ehhh
                0x00002fac       0x14 C:\Users\Alex\AppData\Local\Temp\VMBuilds\TestDisplay2_4ISP_SAMD21G18A\arduino_zero_native\Debug\Adafruit_ILI9341\Adafruit_ILI9341.cpp.o
                0x00002fac                Adafruit_ILI9341::color565(unsigned char, unsigned char, unsigned char)
 .text._ZN16Adafruit_ILI9341C2Eaaaaaa
                0x00002fc0       0xf0 C:\Users\Alex\AppData\Local\Temp\VMBuilds\TestDisplay2_4ISP_SAMD21G18A\arduino_zero_native\Debug\Adafruit_ILI9341\Adafruit_ILI9341.cpp.o
                0x00002fc0                Adafruit_ILI9341::Adafruit_ILI9341(signed char, signed char, signed char, signed char, signed char, signed char)
                0x00002fc0                Adafruit_ILI9341::Adafruit_ILI9341(signed char, signed char, signed char, signed char, signed char, signed char)
 .text._ZN16Adafruit_ILI93418spiWriteEh
                0x000030b0       0x48 C:\Users\Alex\AppData\Local\Temp\VMBuilds\TestDisplay2_4ISP_SAMD21G18A\arduino_zero_native\Debug\Adafruit_ILI9341\Adafruit_ILI9341.cpp.o
                0x000030b0                Adafruit_ILI9341::spiWrite(unsigned char)
 .text._ZN16Adafruit_ILI934112writeCommandEh
                0x000030f8       0x20 C:\Users\Alex\AppData\Local\Temp\VMBuilds\TestDisplay2_4ISP_SAMD21G18A\arduino_zero_native\Debug\Adafruit_ILI9341\Adafruit_ILI9341.cpp.o
                0x000030f8                Adafruit_ILI9341::writeCommand(unsigned char)
 .text._ZN16Adafruit_ILI93415beginEm
                0x00003118      0x3b4 C:\Users\Alex\AppData\Local\Temp\VMBuilds\TestDisplay2_4ISP_SAMD21G18A\arduino_zero_native\Debug\Adafruit_ILI9341\Adafruit_ILI9341.cpp.o
                0x00003118                Adafruit_ILI9341::begin(unsigned long)
 .text._ZN16Adafruit_ILI934111setRotationEh
                0x000034cc       0x5c C:\Users\Alex\AppData\Local\Temp\VMBuilds\TestDisplay2_4ISP_SAMD21G18A\arduino_zero_native\Debug\Adafruit_ILI9341\Adafruit_ILI9341.cpp.o
                0x000034cc                Adafruit_ILI9341::setRotation(unsigned char)
 .text._ZN16Adafruit_ILI934113invertDisplayEb
                0x00003528       0x24 C:\Users\Alex\AppData\Local\Temp\VMBuilds\TestDisplay2_4ISP_SAMD21G18A\arduino_zero_native\Debug\Adafruit_ILI9341\Adafruit_ILI9341.cpp.o
                0x00003528                Adafruit_ILI9341::invertDisplay(bool)
 .text._ZN16Adafruit_ILI934113setAddrWindowEtttt
                0x0000354c       0xec C:\Users\Alex\AppData\Local\Temp\VMBuilds\TestDisplay2_4ISP_SAMD21G18A\arduino_zero_native\Debug\Adafruit_ILI9341\Adafruit_ILI9341.cpp.o
                0x0000354c                Adafruit_ILI9341::setAddrWindow(unsigned short, unsigned short, unsigned short, unsigned short)
 .text._ZN16Adafruit_ILI934110writePixelEt
                0x00003638       0x38 C:\Users\Alex\AppData\Local\Temp\VMBuilds\TestDisplay2_4ISP_SAMD21G18A\arduino_zero_native\Debug\Adafruit_ILI9341\Adafruit_ILI9341.cpp.o
                0x00003638                Adafruit_ILI9341::writePixel(unsigned short)
 .text._ZN16Adafruit_ILI934110writePixelEsst
                0x00003670       0x36 C:\Users\Alex\AppData\Local\Temp\VMBuilds\TestDisplay2_4ISP_SAMD21G18A\arduino_zero_native\Debug\Adafruit_ILI9341\Adafruit_ILI9341.cpp.o
                0x00003670                Adafruit_ILI9341::writePixel(short, short, unsigned short)
 *fill*         0x000036a6        0x2 
 .text._ZN16Adafruit_ILI934110writeColorEtm
                0x000036a8       0x48 C:\Users\Alex\AppData\Local\Temp\VMBuilds\TestDisplay2_4ISP_SAMD21G18A\arduino_zero_native\Debug\Adafruit_ILI9341\Adafruit_ILI9341.cpp.o
                0x000036a8                Adafruit_ILI9341::writeColor(unsigned short, unsigned long)
 .text._ZN16Adafruit_ILI934113writeFillRectEsssst
                0x000036f0       0x94 C:\Users\Alex\AppData\Local\Temp\VMBuilds\TestDisplay2_4ISP_SAMD21G18A\arduino_zero_native\Debug\Adafruit_ILI9341\Adafruit_ILI9341.cpp.o
                0x000036f0                Adafruit_ILI9341::writeFillRect(short, short, short, short, unsigned short)
 .text._ZN8SPIClass4initEv
                0x00003784       0x12 C:\Users\Alex\AppData\Local\Temp\VMBuilds\TestDisplay2_4ISP_SAMD21G18A\arduino_zero_native\Debug\SPI\SPI.cpp.o
                0x00003784                SPIClass::init()
 .text._ZN8SPIClass6configE11SPISettings
                0x00003796       0x36 C:\Users\Alex\AppData\Local\Temp\VMBuilds\TestDisplay2_4ISP_SAMD21G18A\arduino_zero_native\Debug\SPI\SPI.cpp.o
                0x00003796                SPIClass::config(SPISettings)
 .text._ZN8SPIClass5beginEv
                0x000037cc       0x50 C:\Users\Alex\AppData\Local\Temp\VMBuilds\TestDisplay2_4ISP_SAMD21G18A\arduino_zero_native\Debug\SPI\SPI.cpp.o
                0x000037cc                SPIClass::begin()
 .text._ZN8SPIClass16beginTransactionE11SPISettings
                0x0000381c       0x38 C:\Users\Alex\AppData\Local\Temp\VMBuilds\TestDisplay2_4ISP_SAMD21G18A\arduino_zero_native\Debug\SPI\SPI.cpp.o
                0x0000381c                SPIClass::beginTransaction(SPISettings)
 .text._ZN8SPIClass14endTransactionEv
                0x00003854       0x24 C:\Users\Alex\AppData\Local\Temp\VMBuilds\TestDisplay2_4ISP_SAMD21G18A\arduino_zero_native\Debug\SPI\SPI.cpp.o
                0x00003854                SPIClass::endTransaction()
 .text._ZN8SPIClass8transferEh
                0x00003878        0xa C:\Users\Alex\AppData\Local\Temp\VMBuilds\TestDisplay2_4ISP_SAMD21G18A\arduino_zero_native\Debug\SPI\SPI.cpp.o
                0x00003878                SPIClass::transfer(unsigned char)
 *fill*         0x00003882        0x2 
 .text.startup._GLOBAL__sub_I__ZN8SPIClassC2EP6SERCOMhhh14SercomSpiTXPad11SercomRXPad
                0x00003884       0x38 C:\Users\Alex\AppData\Local\Temp\VMBuilds\TestDisplay2_4ISP_SAMD21G18A\arduino_zero_native\Debug\SPI\SPI.cpp.o
 .text._ZN6UTouchC2Ehhhhh
                0x000038bc       0x16 C:\Users\Alex\AppData\Local\Temp\VMBuilds\TestDisplay2_4ISP_SAMD21G18A\arduino_zero_native\Debug\UTouch\UTouch.cpp.o
                0x000038bc                UTouch::UTouch(unsigned char, unsigned char, unsigned char, unsigned char, unsigned char)
                0x000038bc                UTouch::UTouch(unsigned char, unsigned char, unsigned char, unsigned char, unsigned char)
 *fill*         0x000038d2        0x2 
 .text._ZN6UTouch9InitTouchEh
                0x000038d4       0x7c C:\Users\Alex\AppData\Local\Temp\VMBuilds\TestDisplay2_4ISP_SAMD21G18A\arduino_zero_native\Debug\UTouch\UTouch.cpp.o
                0x000038d4                UTouch::InitTouch(unsigned char)
 .text._ZN6UTouch12setPrecisionEh
                0x00003950       0x24 C:\Users\Alex\AppData\Local\Temp\VMBuilds\TestDisplay2_4ISP_SAMD21G18A\arduino_zero_native\Debug\UTouch\UTouch.cpp.o
                0x00003950                UTouch::setPrecision(unsigned char)
 .text.SERCOM0_Handler
                0x00003974       0x10 C:\Users\Alex\AppData\Local\Temp\VMBuilds\TestDisplay2_4ISP_SAMD21G18A\arduino_zero_native\Debug\variant\variant.cpp.o
                0x00003974                SERCOM0_Handler
 .text.SERCOM5_Handler
                0x00003984       0x10 C:\Users\Alex\AppData\Local\Temp\VMBuilds\TestDisplay2_4ISP_SAMD21G18A\arduino_zero_native\Debug\variant\variant.cpp.o
                0x00003984                SERCOM5_Handler
 .text.startup._GLOBAL__sub_I_g_APinDescription
                0x00003994       0x94 C:\Users\Alex\AppData\Local\Temp\VMBuilds\TestDisplay2_4ISP_SAMD21G18A\arduino_zero_native\Debug\variant\variant.cpp.o
 .text.Dummy_Handler
                0x00003a28        0x2 C:\Users\Alex\AppData\Local\Temp\VMBuilds\TestDisplay2_4ISP_SAMD21G18A\arduino_zero_native\Debug/core.a(cortex_handlers.c.o)
                0x00003a28                DMAC_Handler
                0x00003a28                HardFault_Handler
                0x00003a28                AC_Handler
                0x00003a28                PendSV_Handler
                0x00003a28                NMI_Handler
                0x00003a28                TC7_Handler
                0x00003a28                SERCOM1_Handler
                0x00003a28                ADC_Handler
                0x00003a28                TCC1_Handler
                0x00003a28                SERCOM2_Handler
                0x00003a28                TCC0_Handler
                0x00003a28                RTC_Handler
                0x00003a28                EIC_Handler
                0x00003a28                TC6_Handler
                0x00003a28                WDT_Handler
                0x00003a28                TC4_Handler
                0x00003a28                TC3_Handler
                0x00003a28                Dummy_Handler
                0x00003a28                PM_Handler
                0x00003a28                SVC_Handler
                0x00003a28                TCC2_Handler
                0x00003a28                EVSYS_Handler
                0x00003a28                SERCOM3_Handler
                0x00003a28                SERCOM4_Handler
                0x00003a28                I2S_Handler
                0x00003a28                NVMCTRL_Handler
                0x00003a28                DAC_Handler
                0x00003a28                PTC_Handler
                0x00003a28                SYSCTRL_Handler
 *fill*         0x00003a2a        0x2 
 .text.USB_Handler
                0x00003a2c       0x14 C:\Users\Alex\AppData\Local\Temp\VMBuilds\TestDisplay2_4ISP_SAMD21G18A\arduino_zero_native\Debug/core.a(cortex_handlers.c.o)
                0x00003a2c                USB_Handler
 .text.Reset_Handler
                0x00003a40       0x54 C:\Users\Alex\AppData\Local\Temp\VMBuilds\TestDisplay2_4ISP_SAMD21G18A\arduino_zero_native\Debug/core.a(cortex_handlers.c.o)
                0x00003a40                Reset_Handler
 .text.SysTick_Handler
                0x00003a94       0x10 C:\Users\Alex\AppData\Local\Temp\VMBuilds\TestDisplay2_4ISP_SAMD21G18A\arduino_zero_native\Debug/core.a(cortex_handlers.c.o)
                0x00003a94                SysTick_Handler
 .text.USB_SetHandler
                0x00003aa4        0xc C:\Users\Alex\AppData\Local\Temp\VMBuilds\TestDisplay2_4ISP_SAMD21G18A\arduino_zero_native\Debug/core.a(cortex_handlers.c.o)
                0x00003aa4                USB_SetHandler
 .text.delay    0x00003ab0       0x20 C:\Users\Alex\AppData\Local\Temp\VMBuilds\TestDisplay2_4ISP_SAMD21G18A\arduino_zero_native\Debug/core.a(delay.c.o)
                0x00003ab0                delay
 .text.SysTick_DefaultHandler
                0x00003ad0       0x14 C:\Users\Alex\AppData\Local\Temp\VMBuilds\TestDisplay2_4ISP_SAMD21G18A\arduino_zero_native\Debug/core.a(delay.c.o)
                0x00003ad0                SysTick_DefaultHandler
 .text.__empty  0x00003ae4        0x2 C:\Users\Alex\AppData\Local\Temp\VMBuilds\TestDisplay2_4ISP_SAMD21G18A\arduino_zero_native\Debug/core.a(hooks.c.o)
                0x00003ae4                yield
 .text.__false  0x00003ae6        0x4 C:\Users\Alex\AppData\Local\Temp\VMBuilds\TestDisplay2_4ISP_SAMD21G18A\arduino_zero_native\Debug/core.a(hooks.c.o)
                0x00003ae6                sysTickHook
 *fill*         0x00003aea        0x2 
 .text.SystemInit
                0x00003aec      0x168 C:\Users\Alex\AppData\Local\Temp\VMBuilds\TestDisplay2_4ISP_SAMD21G18A\arduino_zero_native\Debug/core.a(startup.c.o)
                0x00003aec                SystemInit
 .text.init     0x00003c54       0xf0 C:\Users\Alex\AppData\Local\Temp\VMBuilds\TestDisplay2_4ISP_SAMD21G18A\arduino_zero_native\Debug/core.a(wiring.c.o)
                0x00003c54                init
 .text.analogReference
                0x00003d44       0x5c C:\Users\Alex\AppData\Local\Temp\VMBuilds\TestDisplay2_4ISP_SAMD21G18A\arduino_zero_native\Debug/core.a(wiring_analog.c.o)
                0x00003d44                analogReference
 .text.pinMode  0x00003da0       0xb4 C:\Users\Alex\AppData\Local\Temp\VMBuilds\TestDisplay2_4ISP_SAMD21G18A\arduino_zero_native\Debug/core.a(wiring_digital.c.o)
                0x00003da0                pinMode
 .text.digitalWrite
                0x00003e54       0x60 C:\Users\Alex\AppData\Local\Temp\VMBuilds\TestDisplay2_4ISP_SAMD21G18A\arduino_zero_native\Debug/core.a(wiring_digital.c.o)
                0x00003e54                digitalWrite
 .text.pinPeripheral
                0x00003eb4       0xc4 C:\Users\Alex\AppData\Local\Temp\VMBuilds\TestDisplay2_4ISP_SAMD21G18A\arduino_zero_native\Debug/core.a(wiring_private.c.o)
                0x00003eb4                pinPeripheral
 .text.__cxa_pure_virtual
                0x00003f78        0x2 C:\Users\Alex\AppData\Local\Temp\VMBuilds\TestDisplay2_4ISP_SAMD21G18A\arduino_zero_native\Debug/core.a(abi.cpp.o)
                0x00003f78                __cxa_pure_virtual
 .text._Z11initVariantv
                0x00003f7a        0x2 C:\Users\Alex\AppData\Local\Temp\VMBuilds\TestDisplay2_4ISP_SAMD21G18A\arduino_zero_native\Debug/core.a(main.cpp.o)
                0x00003f7a                initVariant()
 .text.startup.main
                0x00003f7c       0x40 C:\Users\Alex\AppData\Local\Temp\VMBuilds\TestDisplay2_4ISP_SAMD21G18A\arduino_zero_native\Debug/core.a(main.cpp.o)
                0x00003f7c                main
 .text._ZN5Print5writeEPKhj
                0x00003fbc       0x28 C:\Users\Alex\AppData\Local\Temp\VMBuilds\TestDisplay2_4ISP_SAMD21G18A\arduino_zero_native\Debug/core.a(Print.cpp.o)
                0x00003fbc                Print::write(unsigned char const*, unsigned int)
 .text._ZN5Print5writeEPKc
                0x00003fe4       0x1c C:\Users\Alex\AppData\Local\Temp\VMBuilds\TestDisplay2_4ISP_SAMD21G18A\arduino_zero_native\Debug/core.a(Print.cpp.o)
                0x00003fe4                Print::write(char const*)
 .text._ZN5Print5printEc
                0x00004000        0xa C:\Users\Alex\AppData\Local\Temp\VMBuilds\TestDisplay2_4ISP_SAMD21G18A\arduino_zero_native\Debug/core.a(Print.cpp.o)
                0x00004000                Print::print(char)
 *fill*         0x0000400a        0x2 
 .text._ZN5Print7printlnEv
                0x0000400c       0x10 C:\Users\Alex\AppData\Local\Temp\VMBuilds\TestDisplay2_4ISP_SAMD21G18A\arduino_zero_native\Debug/core.a(Print.cpp.o)
                0x0000400c                Print::println()
 .text._ZN5Print7printlnEPKc
                0x0000401c       0x14 C:\Users\Alex\AppData\Local\Temp\VMBuilds\TestDisplay2_4ISP_SAMD21G18A\arduino_zero_native\Debug/core.a(Print.cpp.o)
                0x0000401c                Print::println(char const*)
 .text._ZN5Print11printNumberEmh
                0x00004030       0x4e C:\Users\Alex\AppData\Local\Temp\VMBuilds\TestDisplay2_4ISP_SAMD21G18A\arduino_zero_native\Debug/core.a(Print.cpp.o)
                0x00004030                Print::printNumber(unsigned long, unsigned char)
 .text._ZN5Print5printEli
                0x0000407e       0x3c C:\Users\Alex\AppData\Local\Temp\VMBuilds\TestDisplay2_4ISP_SAMD21G18A\arduino_zero_native\Debug/core.a(Print.cpp.o)
                0x0000407e                Print::print(long, int)
 .text._ZN5Print5printEii
                0x000040ba        0x8 C:\Users\Alex\AppData\Local\Temp\VMBuilds\TestDisplay2_4ISP_SAMD21G18A\arduino_zero_native\Debug/core.a(Print.cpp.o)
                0x000040ba                Print::print(int, int)
 *fill*         0x000040c2        0x2 
 .text.initiateReset
                0x000040c4        0xc C:\Users\Alex\AppData\Local\Temp\VMBuilds\TestDisplay2_4ISP_SAMD21G18A\arduino_zero_native\Debug/core.a(Reset.cpp.o)
                0x000040c4                initiateReset
 .text.cancelReset
                0x000040d0       0x10 C:\Users\Alex\AppData\Local\Temp\VMBuilds\TestDisplay2_4ISP_SAMD21G18A\arduino_zero_native\Debug/core.a(Reset.cpp.o)
                0x000040d0                cancelReset
 .text.tickReset
                0x000040e0       0x74 C:\Users\Alex\AppData\Local\Temp\VMBuilds\TestDisplay2_4ISP_SAMD21G18A\arduino_zero_native\Debug/core.a(Reset.cpp.o)
                0x000040e0                tickReset
 .text._ZN6SERCOMC2EP6Sercom
                0x00004154        0x4 C:\Users\Alex\AppData\Local\Temp\VMBuilds\TestDisplay2_4ISP_SAMD21G18A\arduino_zero_native\Debug/core.a(SERCOM.cpp.o)
                0x00004154                SERCOM::SERCOM(Sercom*)
                0x00004154                SERCOM::SERCOM(Sercom*)
 .text._ZN6SERCOM9initFrameE18SercomUartCharSize15SercomDataOrder16SercomParityMode19SercomNumberStopBit
                0x00004158       0x38 C:\Users\Alex\AppData\Local\Temp\VMBuilds\TestDisplay2_4ISP_SAMD21G18A\arduino_zero_native\Debug/core.a(SERCOM.cpp.o)
                0x00004158                SERCOM::initFrame(SercomUartCharSize, SercomDataOrder, SercomParityMode, SercomNumberStopBit)
 .text._ZN6SERCOM8initPadsE15SercomUartTXPad11SercomRXPad
                0x00004190       0x26 C:\Users\Alex\AppData\Local\Temp\VMBuilds\TestDisplay2_4ISP_SAMD21G18A\arduino_zero_native\Debug/core.a(SERCOM.cpp.o)
                0x00004190                SERCOM::initPads(SercomUartTXPad, SercomRXPad)
 .text._ZN6SERCOM9resetUARTEv
                0x000041b6       0x1c C:\Users\Alex\AppData\Local\Temp\VMBuilds\TestDisplay2_4ISP_SAMD21G18A\arduino_zero_native\Debug/core.a(SERCOM.cpp.o)
                0x000041b6                SERCOM::resetUART()
 .text._ZN6SERCOM10enableUARTEv
                0x000041d2       0x14 C:\Users\Alex\AppData\Local\Temp\VMBuilds\TestDisplay2_4ISP_SAMD21G18A\arduino_zero_native\Debug/core.a(SERCOM.cpp.o)
                0x000041d2                SERCOM::enableUART()
 .text._ZN6SERCOM9flushUARTEv
                0x000041e6       0x10 C:\Users\Alex\AppData\Local\Temp\VMBuilds\TestDisplay2_4ISP_SAMD21G18A\arduino_zero_native\Debug/core.a(SERCOM.cpp.o)
                0x000041e6                SERCOM::flushUART()
 .text._ZN6SERCOM15clearStatusUARTEv
                0x000041f6        0x8 C:\Users\Alex\AppData\Local\Temp\VMBuilds\TestDisplay2_4ISP_SAMD21G18A\arduino_zero_native\Debug/core.a(SERCOM.cpp.o)
                0x000041f6                SERCOM::clearStatusUART()
 .text._ZN6SERCOM17availableDataUARTEv
                0x000041fe        0xa C:\Users\Alex\AppData\Local\Temp\VMBuilds\TestDisplay2_4ISP_SAMD21G18A\arduino_zero_native\Debug/core.a(SERCOM.cpp.o)
                0x000041fe                SERCOM::availableDataUART()
 .text._ZN6SERCOM11isUARTErrorEv
                0x00004208        0x8 C:\Users\Alex\AppData\Local\Temp\VMBuilds\TestDisplay2_4ISP_SAMD21G18A\arduino_zero_native\Debug/core.a(SERCOM.cpp.o)
                0x00004208                SERCOM::isUARTError()
 .text._ZN6SERCOM20acknowledgeUARTErrorEv
                0x00004210        0xe C:\Users\Alex\AppData\Local\Temp\VMBuilds\TestDisplay2_4ISP_SAMD21G18A\arduino_zero_native\Debug/core.a(SERCOM.cpp.o)
                0x00004210                SERCOM::acknowledgeUARTError()
 .text._ZN6SERCOM23isDataRegisterEmptyUARTEv
                0x0000421e        0xa C:\Users\Alex\AppData\Local\Temp\VMBuilds\TestDisplay2_4ISP_SAMD21G18A\arduino_zero_native\Debug/core.a(SERCOM.cpp.o)
                0x0000421e                SERCOM::isDataRegisterEmptyUART()
 .text._ZN6SERCOM12readDataUARTEv
                0x00004228        0x8 C:\Users\Alex\AppData\Local\Temp\VMBuilds\TestDisplay2_4ISP_SAMD21G18A\arduino_zero_native\Debug/core.a(SERCOM.cpp.o)
                0x00004228                SERCOM::readDataUART()
 .text._ZN6SERCOM13writeDataUARTEh
                0x00004230        0xe C:\Users\Alex\AppData\Local\Temp\VMBuilds\TestDisplay2_4ISP_SAMD21G18A\arduino_zero_native\Debug/core.a(SERCOM.cpp.o)
                0x00004230                SERCOM::writeDataUART(unsigned char)
 .text._ZN6SERCOM36enableDataRegisterEmptyInterruptUARTEv
                0x0000423e        0xc C:\Users\Alex\AppData\Local\Temp\VMBuilds\TestDisplay2_4ISP_SAMD21G18A\arduino_zero_native\Debug/core.a(SERCOM.cpp.o)
                0x0000423e                SERCOM::enableDataRegisterEmptyInterruptUART()
 .text._ZN6SERCOM37disableDataRegisterEmptyInterruptUARTEv
                0x0000424a        0x8 C:\Users\Alex\AppData\Local\Temp\VMBuilds\TestDisplay2_4ISP_SAMD21G18A\arduino_zero_native\Debug/core.a(SERCOM.cpp.o)
                0x0000424a                SERCOM::disableDataRegisterEmptyInterruptUART()
 *fill*         0x00004252        0x2 
 .text._ZN6SERCOM12initSPIClockE18SercomSpiClockModem
                0x00004254       0x30 C:\Users\Alex\AppData\Local\Temp\VMBuilds\TestDisplay2_4ISP_SAMD21G18A\arduino_zero_native\Debug/core.a(SERCOM.cpp.o)
                0x00004254                SERCOM::initSPIClock(SercomSpiClockMode, unsigned long)
 .text._ZN6SERCOM8resetSPIEv
                0x00004284       0x1c C:\Users\Alex\AppData\Local\Temp\VMBuilds\TestDisplay2_4ISP_SAMD21G18A\arduino_zero_native\Debug/core.a(SERCOM.cpp.o)
                0x00004284                SERCOM::resetSPI()
 .text._ZN6SERCOM9enableSPIEv
                0x000042a0       0x14 C:\Users\Alex\AppData\Local\Temp\VMBuilds\TestDisplay2_4ISP_SAMD21G18A\arduino_zero_native\Debug/core.a(SERCOM.cpp.o)
                0x000042a0                SERCOM::enableSPI()
 .text._ZN6SERCOM10disableSPIEv
                0x000042b4       0x12 C:\Users\Alex\AppData\Local\Temp\VMBuilds\TestDisplay2_4ISP_SAMD21G18A\arduino_zero_native\Debug/core.a(SERCOM.cpp.o)
                0x000042b4                SERCOM::disableSPI()
 .text._ZN6SERCOM15transferDataSPIEh
                0x000042c6       0x1a C:\Users\Alex\AppData\Local\Temp\VMBuilds\TestDisplay2_4ISP_SAMD21G18A\arduino_zero_native\Debug/core.a(SERCOM.cpp.o)
                0x000042c6                SERCOM::transferDataSPI(unsigned char)
 .text._ZN6SERCOM13initClockNVICEv
                0x000042e0       0xac C:\Users\Alex\AppData\Local\Temp\VMBuilds\TestDisplay2_4ISP_SAMD21G18A\arduino_zero_native\Debug/core.a(SERCOM.cpp.o)
                0x000042e0                SERCOM::initClockNVIC()
 .text._ZN6SERCOM8initUARTE14SercomUartMode20SercomUartSampleRatem
                0x0000438c       0x6c C:\Users\Alex\AppData\Local\Temp\VMBuilds\TestDisplay2_4ISP_SAMD21G18A\arduino_zero_native\Debug/core.a(SERCOM.cpp.o)
                0x0000438c                SERCOM::initUART(SercomUartMode, SercomUartSampleRate, unsigned long)
 .text._ZN6SERCOM7initSPIE14SercomSpiTXPad11SercomRXPad17SercomSpiCharSize15SercomDataOrder
                0x000043f8       0x48 C:\Users\Alex\AppData\Local\Temp\VMBuilds\TestDisplay2_4ISP_SAMD21G18A\arduino_zero_native\Debug/core.a(SERCOM.cpp.o)
                0x000043f8                SERCOM::initSPI(SercomSpiTXPad, SercomRXPad, SercomSpiCharSize, SercomDataOrder)
 .text._ZN4UartcvbEv
                0x00004440        0x4 C:\Users\Alex\AppData\Local\Temp\VMBuilds\TestDisplay2_4ISP_SAMD21G18A\arduino_zero_native\Debug/core.a(Uart.cpp.o)
                0x00004440                Uart::operator bool()
 .text._ZN4Uart5beginEm
                0x00004444       0x10 C:\Users\Alex\AppData\Local\Temp\VMBuilds\TestDisplay2_4ISP_SAMD21G18A\arduino_zero_native\Debug/core.a(Uart.cpp.o)
                0x00004444                Uart::begin(unsigned long)
 .text._ZN4Uart3endEv
                0x00004454       0x1c C:\Users\Alex\AppData\Local\Temp\VMBuilds\TestDisplay2_4ISP_SAMD21G18A\arduino_zero_native\Debug/core.a(Uart.cpp.o)
                0x00004454                Uart::end()
 .text._ZN4Uart9availableEv
                0x00004470        0xa C:\Users\Alex\AppData\Local\Temp\VMBuilds\TestDisplay2_4ISP_SAMD21G18A\arduino_zero_native\Debug/core.a(Uart.cpp.o)
                0x00004470                Uart::available()
 .text._ZN4Uart5flushEv
                0x0000447a       0x18 C:\Users\Alex\AppData\Local\Temp\VMBuilds\TestDisplay2_4ISP_SAMD21G18A\arduino_zero_native\Debug/core.a(Uart.cpp.o)
                0x0000447a                Uart::flush()
 .text._ZN4Uart4readEv
                0x00004492        0xa C:\Users\Alex\AppData\Local\Temp\VMBuilds\TestDisplay2_4ISP_SAMD21G18A\arduino_zero_native\Debug/core.a(Uart.cpp.o)
                0x00004492                Uart::read()
 .text._ZN4Uart17availableForWriteEv
                0x0000449c        0xa C:\Users\Alex\AppData\Local\Temp\VMBuilds\TestDisplay2_4ISP_SAMD21G18A\arduino_zero_native\Debug/core.a(Uart.cpp.o)
                0x0000449c                Uart::availableForWrite()
 .text._ZN4Uart4peekEv
                0x000044a6        0xa C:\Users\Alex\AppData\Local\Temp\VMBuilds\TestDisplay2_4ISP_SAMD21G18A\arduino_zero_native\Debug/core.a(Uart.cpp.o)
                0x000044a6                Uart::peek()
 .text._ZN4Uart5writeEh
                0x000044b0       0x44 C:\Users\Alex\AppData\Local\Temp\VMBuilds\TestDisplay2_4ISP_SAMD21G18A\arduino_zero_native\Debug/core.a(Uart.cpp.o)
                0x000044b0                Uart::write(unsigned char)
 .text._ZN4UartC2EP6SERCOMhh11SercomRXPad15SercomUartTXPad
                0x000044f4       0x50 C:\Users\Alex\AppData\Local\Temp\VMBuilds\TestDisplay2_4ISP_SAMD21G18A\arduino_zero_native\Debug/core.a(Uart.cpp.o)
                0x000044f4                Uart::Uart(SERCOM*, unsigned char, unsigned char, SercomRXPad, SercomUartTXPad)
                0x000044f4                Uart::Uart(SERCOM*, unsigned char, unsigned char, SercomRXPad, SercomUartTXPad)
 .text._ZN4Uart10IrqHandlerEv
                0x00004544       0x64 C:\Users\Alex\AppData\Local\Temp\VMBuilds\TestDisplay2_4ISP_SAMD21G18A\arduino_zero_native\Debug/core.a(Uart.cpp.o)
                0x00004544                Uart::IrqHandler()
 .text._ZN4Uart16extractNbStopBitEt
                0x000045a8        0xe C:\Users\Alex\AppData\Local\Temp\VMBuilds\TestDisplay2_4ISP_SAMD21G18A\arduino_zero_native\Debug/core.a(Uart.cpp.o)
                0x000045a8                Uart::extractNbStopBit(unsigned short)
 .text._ZN4Uart15extractCharSizeEt
                0x000045b6       0x2c C:\Users\Alex\AppData\Local\Temp\VMBuilds\TestDisplay2_4ISP_SAMD21G18A\arduino_zero_native\Debug/core.a(Uart.cpp.o)
                0x000045b6                Uart::extractCharSize(unsigned short)
 .text._ZN4Uart13extractParityEt
                0x000045e2       0x18 C:\Users\Alex\AppData\Local\Temp\VMBuilds\TestDisplay2_4ISP_SAMD21G18A\arduino_zero_native\Debug/core.a(Uart.cpp.o)
                0x000045e2                Uart::extractParity(unsigned short)
 *fill*         0x000045fa        0x2 
 .text._ZN4Uart5beginEmt
                0x000045fc       0x88 C:\Users\Alex\AppData\Local\Temp\VMBuilds\TestDisplay2_4ISP_SAMD21G18A\arduino_zero_native\Debug/core.a(Uart.cpp.o)
                0x000045fc                Uart::begin(unsigned long, unsigned short)
 .text._ZN7Serial_17availableForWriteEv
                0x00004684        0x4 C:\Users\Alex\AppData\Local\Temp\VMBuilds\TestDisplay2_4ISP_SAMD21G18A\arduino_zero_native\Debug/core.a(CDC.cpp.o)
                0x00004684                Serial_::availableForWrite()
 .text._ZN7Serial_5writeEh
                0x00004688       0x14 C:\Users\Alex\AppData\Local\Temp\VMBuilds\TestDisplay2_4ISP_SAMD21G18A\arduino_zero_native\Debug/core.a(CDC.cpp.o)
                0x00004688                Serial_::write(unsigned char)
 .text._ZN7Serial_9availableEv
                0x0000469c        0xc C:\Users\Alex\AppData\Local\Temp\VMBuilds\TestDisplay2_4ISP_SAMD21G18A\arduino_zero_native\Debug/core.a(CDC.cpp.o)
                0x0000469c                Serial_::available()
 .text._ZN7Serial_5flushEv
                0x000046a8        0xc C:\Users\Alex\AppData\Local\Temp\VMBuilds\TestDisplay2_4ISP_SAMD21G18A\arduino_zero_native\Debug/core.a(CDC.cpp.o)
                0x000046a8                Serial_::flush()
 .text._ZN7Serial_5writeEPKhj
                0x000046b4       0x1c C:\Users\Alex\AppData\Local\Temp\VMBuilds\TestDisplay2_4ISP_SAMD21G18A\arduino_zero_native\Debug/core.a(CDC.cpp.o)
                0x000046b4                Serial_::write(unsigned char const*, unsigned int)
 .text._ZN7Serial_4peekEv
                0x000046d0       0x1c C:\Users\Alex\AppData\Local\Temp\VMBuilds\TestDisplay2_4ISP_SAMD21G18A\arduino_zero_native\Debug/core.a(CDC.cpp.o)
                0x000046d0                Serial_::peek()
 .text._ZN7Serial_4readEv
                0x000046ec       0x24 C:\Users\Alex\AppData\Local\Temp\VMBuilds\TestDisplay2_4ISP_SAMD21G18A\arduino_zero_native\Debug/core.a(CDC.cpp.o)
                0x000046ec                Serial_::read()
 .text._Z16CDC_GetInterfacePh
                0x00004710       0x1c C:\Users\Alex\AppData\Local\Temp\VMBuilds\TestDisplay2_4ISP_SAMD21G18A\arduino_zero_native\Debug/core.a(CDC.cpp.o)
                0x00004710                CDC_GetInterface(unsigned char*)
 .text._Z9CDC_SetupR8USBSetup
                0x0000472c       0x80 C:\Users\Alex\AppData\Local\Temp\VMBuilds\TestDisplay2_4ISP_SAMD21G18A\arduino_zero_native\Debug/core.a(CDC.cpp.o)
                0x0000472c                CDC_Setup(USBSetup&)
 .text._ZN7Serial_5beginEm
                0x000047ac        0x2 C:\Users\Alex\AppData\Local\Temp\VMBuilds\TestDisplay2_4ISP_SAMD21G18A\arduino_zero_native\Debug/core.a(CDC.cpp.o)
                0x000047ac                Serial_::begin(unsigned long)
 *fill*         0x000047ae        0x2 
 .text.startup._GLOBAL__sub_I__Z17_CDC_GetInterfacev
                0x000047b0       0x28 C:\Users\Alex\AppData\Local\Temp\VMBuilds\TestDisplay2_4ISP_SAMD21G18A\arduino_zero_native\Debug/core.a(CDC.cpp.o)
 .text._ZL5utox8mPc
                0x000047d8       0x1c C:\Users\Alex\AppData\Local\Temp\VMBuilds\TestDisplay2_4ISP_SAMD21G18A\arduino_zero_native\Debug/core.a(USBCore.cpp.o)
 .text._ZN14USBDeviceClass6initEPEmm.part.4
                0x000047f4       0x80 C:\Users\Alex\AppData\Local\Temp\VMBuilds\TestDisplay2_4ISP_SAMD21G18A\arduino_zero_native\Debug/core.a(USBCore.cpp.o)
 .text._ZN20USBDevice_SAMD21G18x5resetEv
                0x00004874       0x28 C:\Users\Alex\AppData\Local\Temp\VMBuilds\TestDisplay2_4ISP_SAMD21G18A\arduino_zero_native\Debug/core.a(USBCore.cpp.o)
                0x00004874                USBDevice_SAMD21G18x::reset()
 .text._ZN20USBDevice_SAMD21G18x9calibrateEv
                0x0000489c       0x5c C:\Users\Alex\AppData\Local\Temp\VMBuilds\TestDisplay2_4ISP_SAMD21G18A\arduino_zero_native\Debug/core.a(USBCore.cpp.o)
                0x0000489c                USBDevice_SAMD21G18x::calibrate()
 .text._ZN7__GuardC2Ev
                0x000048f8        0xe C:\Users\Alex\AppData\Local\Temp\VMBuilds\TestDisplay2_4ISP_SAMD21G18A\arduino_zero_native\Debug/core.a(USBCore.cpp.o)
                0x000048f8                __Guard::__Guard()
                0x000048f8                __Guard::__Guard()
 .text._ZN7__GuardD2Ev
                0x00004906        0xe C:\Users\Alex\AppData\Local\Temp\VMBuilds\TestDisplay2_4ISP_SAMD21G18A\arduino_zero_native\Debug/core.a(USBCore.cpp.o)
                0x00004906                __Guard::~__Guard()
                0x00004906                __Guard::~__Guard()
 .text._ZNK26DoubleBufferedEPOutHandler9availableEv
                0x00004914       0x5e C:\Users\Alex\AppData\Local\Temp\VMBuilds\TestDisplay2_4ISP_SAMD21G18A\arduino_zero_native\Debug/core.a(USBCore.cpp.o)
                0x00004914                DoubleBufferedEPOutHandler::available() const
 *fill*         0x00004972        0x2 
 .text._ZN26DoubleBufferedEPOutHandler7releaseEv
                0x00004974       0x58 C:\Users\Alex\AppData\Local\Temp\VMBuilds\TestDisplay2_4ISP_SAMD21G18A\arduino_zero_native\Debug/core.a(USBCore.cpp.o)
                0x00004974                DoubleBufferedEPOutHandler::release()
 .text._ZN26DoubleBufferedEPOutHandler4recvEPvm
                0x000049cc      0x11c C:\Users\Alex\AppData\Local\Temp\VMBuilds\TestDisplay2_4ISP_SAMD21G18A\arduino_zero_native\Debug/core.a(USBCore.cpp.o)
                0x000049cc                DoubleBufferedEPOutHandler::recv(void*, unsigned long)
 .text._ZN26DoubleBufferedEPOutHandler14handleEndpointEv
                0x00004ae8       0xc8 C:\Users\Alex\AppData\Local\Temp\VMBuilds\TestDisplay2_4ISP_SAMD21G18A\arduino_zero_native\Debug/core.a(USBCore.cpp.o)
                0x00004ae8                DoubleBufferedEPOutHandler::handleEndpoint()
 .text._ZN14USBDeviceClass14SendInterfacesEPm
                0x00004bb0       0x2c C:\Users\Alex\AppData\Local\Temp\VMBuilds\TestDisplay2_4ISP_SAMD21G18A\arduino_zero_native\Debug/core.a(USBCore.cpp.o)
                0x00004bb0                USBDeviceClass::SendInterfaces(unsigned long*)
 .text._ZN14USBDeviceClass14handleEndpointEh
                0x00004bdc       0x40 C:\Users\Alex\AppData\Local\Temp\VMBuilds\TestDisplay2_4ISP_SAMD21G18A\arduino_zero_native\Debug/core.a(USBCore.cpp.o)
                0x00004bdc                USBDeviceClass::handleEndpoint(unsigned char)
 .text._ZN14USBDeviceClass4initEv
                0x00004c1c       0xf0 C:\Users\Alex\AppData\Local\Temp\VMBuilds\TestDisplay2_4ISP_SAMD21G18A\arduino_zero_native\Debug/core.a(USBCore.cpp.o)
                0x00004c1c                USBDeviceClass::init()
 .text._ZN14USBDeviceClass6attachEv
                0x00004d0c       0x34 C:\Users\Alex\AppData\Local\Temp\VMBuilds\TestDisplay2_4ISP_SAMD21G18A\arduino_zero_native\Debug/core.a(USBCore.cpp.o)
                0x00004d0c                USBDeviceClass::attach()
 .text._ZN14USBDeviceClass10setAddressEm
                0x00004d40       0x48 C:\Users\Alex\AppData\Local\Temp\VMBuilds\TestDisplay2_4ISP_SAMD21G18A\arduino_zero_native\Debug/core.a(USBCore.cpp.o)
                0x00004d40                USBDeviceClass::setAddress(unsigned long)
 .text._ZN14USBDeviceClass25handleClassInterfaceSetupER8USBSetup
                0x00004d88       0x40 C:\Users\Alex\AppData\Local\Temp\VMBuilds\TestDisplay2_4ISP_SAMD21G18A\arduino_zero_native\Debug/core.a(USBCore.cpp.o)
                0x00004d88                USBDeviceClass::handleClassInterfaceSetup(USBSetup&)
 .text._ZN14USBDeviceClass6initEPEmm
                0x00004dc8      0x128 C:\Users\Alex\AppData\Local\Temp\VMBuilds\TestDisplay2_4ISP_SAMD21G18A\arduino_zero_native\Debug/core.a(USBCore.cpp.o)
                0x00004dc8                USBDeviceClass::initEP(unsigned long, unsigned long)
 .text._ZN14USBDeviceClass13initEndpointsEv
                0x00004ef0       0x24 C:\Users\Alex\AppData\Local\Temp\VMBuilds\TestDisplay2_4ISP_SAMD21G18A\arduino_zero_native\Debug/core.a(USBCore.cpp.o)
                0x00004ef0                USBDeviceClass::initEndpoints()
 .text._ZN14USBDeviceClass9availableEm
                0x00004f14       0x2c C:\Users\Alex\AppData\Local\Temp\VMBuilds\TestDisplay2_4ISP_SAMD21G18A\arduino_zero_native\Debug/core.a(USBCore.cpp.o)
                0x00004f14                USBDeviceClass::available(unsigned long)
 .text._ZN14USBDeviceClass5flushEm
                0x00004f40       0x2c C:\Users\Alex\AppData\Local\Temp\VMBuilds\TestDisplay2_4ISP_SAMD21G18A\arduino_zero_native\Debug/core.a(USBCore.cpp.o)
                0x00004f40                USBDeviceClass::flush(unsigned long)
 .text._ZN14USBDeviceClass14armRecvCtrlOUTEm
                0x00004f6c       0x60 C:\Users\Alex\AppData\Local\Temp\VMBuilds\TestDisplay2_4ISP_SAMD21G18A\arduino_zero_native\Debug/core.a(USBCore.cpp.o)
                0x00004f6c                USBDeviceClass::armRecvCtrlOUT(unsigned long)
 .text._ZN14USBDeviceClass11recvControlEPvm
                0x00004fcc       0x3c C:\Users\Alex\AppData\Local\Temp\VMBuilds\TestDisplay2_4ISP_SAMD21G18A\arduino_zero_native\Debug/core.a(USBCore.cpp.o)
                0x00004fcc                USBDeviceClass::recvControl(void*, unsigned long)
 .text._ZN14USBDeviceClass7armRecvEm
                0x00005008       0x3c C:\Users\Alex\AppData\Local\Temp\VMBuilds\TestDisplay2_4ISP_SAMD21G18A\arduino_zero_native\Debug/core.a(USBCore.cpp.o)
                0x00005008                USBDeviceClass::armRecv(unsigned long)
 .text._ZN14USBDeviceClass4recvEmPvm
                0x00005044       0xd8 C:\Users\Alex\AppData\Local\Temp\VMBuilds\TestDisplay2_4ISP_SAMD21G18A\arduino_zero_native\Debug/core.a(USBCore.cpp.o)
                0x00005044                USBDeviceClass::recv(unsigned long, void*, unsigned long)
 .text._ZN14USBDeviceClass4recvEm
                0x0000511c       0x1c C:\Users\Alex\AppData\Local\Temp\VMBuilds\TestDisplay2_4ISP_SAMD21G18A\arduino_zero_native\Debug/core.a(USBCore.cpp.o)
                0x0000511c                USBDeviceClass::recv(unsigned long)
 .text._ZN14USBDeviceClass4sendEmPKvm
                0x00005138      0x124 C:\Users\Alex\AppData\Local\Temp\VMBuilds\TestDisplay2_4ISP_SAMD21G18A\arduino_zero_native\Debug/core.a(USBCore.cpp.o)
                0x00005138                USBDeviceClass::send(unsigned long, void const*, unsigned long)
 .text._ZN14USBDeviceClass7armSendEmPKvm
                0x0000525c       0x48 C:\Users\Alex\AppData\Local\Temp\VMBuilds\TestDisplay2_4ISP_SAMD21G18A\arduino_zero_native\Debug/core.a(USBCore.cpp.o)
                0x0000525c                USBDeviceClass::armSend(unsigned long, void const*, unsigned long)
 .text._ZN14USBDeviceClass11sendControlEPKvm
                0x000052a4       0x58 C:\Users\Alex\AppData\Local\Temp\VMBuilds\TestDisplay2_4ISP_SAMD21G18A\arduino_zero_native\Debug/core.a(USBCore.cpp.o)
                0x000052a4                USBDeviceClass::sendControl(void const*, unsigned long)
 .text._ZN14USBDeviceClass20sendStringDescriptorEPKhh
                0x000052fc       0x68 C:\Users\Alex\AppData\Local\Temp\VMBuilds\TestDisplay2_4ISP_SAMD21G18A\arduino_zero_native\Debug/core.a(USBCore.cpp.o)
                0x000052fc                USBDeviceClass::sendStringDescriptor(unsigned char const*, unsigned char)
 .text._ZN14USBDeviceClass12packMessagesEb.part.6
                0x00005364       0x20 C:\Users\Alex\AppData\Local\Temp\VMBuilds\TestDisplay2_4ISP_SAMD21G18A\arduino_zero_native\Debug/core.a(USBCore.cpp.o)
 .text._ZN14USBDeviceClass17sendConfigurationEm
                0x00005384       0x90 C:\Users\Alex\AppData\Local\Temp\VMBuilds\TestDisplay2_4ISP_SAMD21G18A\arduino_zero_native\Debug/core.a(USBCore.cpp.o)
                0x00005384                USBDeviceClass::sendConfiguration(unsigned long)
 .text._ZN14USBDeviceClass14sendDescriptorER8USBSetup
                0x00005414       0xec C:\Users\Alex\AppData\Local\Temp\VMBuilds\TestDisplay2_4ISP_SAMD21G18A\arduino_zero_native\Debug/core.a(USBCore.cpp.o)
                0x00005414                USBDeviceClass::sendDescriptor(USBSetup&)
 .text._ZN14USBDeviceClass19handleStandardSetupER8USBSetup
                0x00005500      0x118 C:\Users\Alex\AppData\Local\Temp\VMBuilds\TestDisplay2_4ISP_SAMD21G18A\arduino_zero_native\Debug/core.a(USBCore.cpp.o)
                0x00005500                USBDeviceClass::handleStandardSetup(USBSetup&)
 .text._ZN14USBDeviceClass10ISRHandlerEv
                0x00005618      0x150 C:\Users\Alex\AppData\Local\Temp\VMBuilds\TestDisplay2_4ISP_SAMD21G18A\arduino_zero_native\Debug/core.a(USBCore.cpp.o)
                0x00005618                USBDeviceClass::ISRHandler()
 .text.UDD_Handler
                0x00005768       0x10 C:\Users\Alex\AppData\Local\Temp\VMBuilds\TestDisplay2_4ISP_SAMD21G18A\arduino_zero_native\Debug/core.a(USBCore.cpp.o)
                0x00005768                UDD_Handler
 .text.startup._GLOBAL__sub_I__ZN20USBDevice_SAMD21G18x5resetEv
                0x00005778       0x10 C:\Users\Alex\AppData\Local\Temp\VMBuilds\TestDisplay2_4ISP_SAMD21G18A\arduino_zero_native\Debug/core.a(USBCore.cpp.o)
 .text._Znwj    0x00005788        0x8 C:\Users\Alex\AppData\Local\Temp\VMBuilds\TestDisplay2_4ISP_SAMD21G18A\arduino_zero_native\Debug/core.a(new.cpp.o)
                0x00005788                operator new(unsigned int)
 .text._ZN10RingBufferC2Ev
                0x00005790       0x16 C:\Users\Alex\AppData\Local\Temp\VMBuilds\TestDisplay2_4ISP_SAMD21G18A\arduino_zero_native\Debug/core.a(RingBuffer.cpp.o)
                0x00005790                RingBuffer::RingBuffer()
                0x00005790                RingBuffer::RingBuffer()
 .text._ZN10RingBuffer10store_charEh
                0x000057a6       0x16 C:\Users\Alex\AppData\Local\Temp\VMBuilds\TestDisplay2_4ISP_SAMD21G18A\arduino_zero_native\Debug/core.a(RingBuffer.cpp.o)
                0x000057a6                RingBuffer::store_char(unsigned char)
 .text._ZN10RingBuffer5clearEv
                0x000057bc        0x8 C:\Users\Alex\AppData\Local\Temp\VMBuilds\TestDisplay2_4ISP_SAMD21G18A\arduino_zero_native\Debug/core.a(RingBuffer.cpp.o)
                0x000057bc                RingBuffer::clear()
 .text._ZN10RingBuffer9read_charEv
                0x000057c4       0x1c C:\Users\Alex\AppData\Local\Temp\VMBuilds\TestDisplay2_4ISP_SAMD21G18A\arduino_zero_native\Debug/core.a(RingBuffer.cpp.o)
                0x000057c4                RingBuffer::read_char()
 .text._ZN10RingBuffer9availableEv
                0x000057e0        0xc C:\Users\Alex\AppData\Local\Temp\VMBuilds\TestDisplay2_4ISP_SAMD21G18A\arduino_zero_native\Debug/core.a(RingBuffer.cpp.o)
                0x000057e0                RingBuffer::available()
 .text._ZN10RingBuffer17availableForStoreEv
                0x000057ec       0x14 C:\Users\Alex\AppData\Local\Temp\VMBuilds\TestDisplay2_4ISP_SAMD21G18A\arduino_zero_native\Debug/core.a(RingBuffer.cpp.o)
                0x000057ec                RingBuffer::availableForStore()
 .text._ZN10RingBuffer4peekEv
                0x00005800       0x12 C:\Users\Alex\AppData\Local\Temp\VMBuilds\TestDisplay2_4ISP_SAMD21G18A\arduino_zero_native\Debug/core.a(RingBuffer.cpp.o)
                0x00005800                RingBuffer::peek()
 .text._ZN10RingBuffer6isFullEv
                0x00005812       0x14 C:\Users\Alex\AppData\Local\Temp\VMBuilds\TestDisplay2_4ISP_SAMD21G18A\arduino_zero_native\Debug/core.a(RingBuffer.cpp.o)
                0x00005812                RingBuffer::isFull()
 .text._ZN13PluggableUSB_12getInterfaceEPh
                0x00005826       0x2a C:\Users\Alex\AppData\Local\Temp\VMBuilds\TestDisplay2_4ISP_SAMD21G18A\arduino_zero_native\Debug/core.a(PluggableUSB.cpp.o)
                0x00005826                PluggableUSB_::getInterface(unsigned char*)
 .text._ZN13PluggableUSB_13getDescriptorER8USBSetup
                0x00005850       0x20 C:\Users\Alex\AppData\Local\Temp\VMBuilds\TestDisplay2_4ISP_SAMD21G18A\arduino_zero_native\Debug/core.a(PluggableUSB.cpp.o)
                0x00005850                PluggableUSB_::getDescriptor(USBSetup&)
 .text._ZN13PluggableUSB_12getShortNameEPc
                0x00005870       0x1e C:\Users\Alex\AppData\Local\Temp\VMBuilds\TestDisplay2_4ISP_SAMD21G18A\arduino_zero_native\Debug/core.a(PluggableUSB.cpp.o)
                0x00005870                PluggableUSB_::getShortName(char*)
 .text._ZN13PluggableUSB_5setupER8USBSetup
                0x0000588e       0x24 C:\Users\Alex\AppData\Local\Temp\VMBuilds\TestDisplay2_4ISP_SAMD21G18A\arduino_zero_native\Debug/core.a(PluggableUSB.cpp.o)
                0x0000588e                PluggableUSB_::setup(USBSetup&)
 *fill*         0x000058b2        0x2 
 .text._Z12PluggableUSBv
                0x000058b4       0x24 C:\Users\Alex\AppData\Local\Temp\VMBuilds\TestDisplay2_4ISP_SAMD21G18A\arduino_zero_native\Debug/core.a(PluggableUSB.cpp.o)
                0x000058b4                PluggableUSB()
 .text          0x000058d8       0x14 c:/users/alex/appdata/local/arduino15/packages/arduino/tools/arm-none-eabi-gcc/4.8.3-2014q1/bin/../lib/gcc/arm-none-eabi/4.8.3/armv6-m\libgcc.a(_thumb1_case_uqi.o)
                0x000058d8                __gnu_thumb1_case_uqi
 .text          0x000058ec       0x9c c:/users/alex/appdata/local/arduino15/packages/arduino/tools/arm-none-eabi-gcc/4.8.3-2014q1/bin/../lib/gcc/arm-none-eabi/4.8.3/armv6-m\libgcc.a(_udivsi3.o)
                0x000058ec                __aeabi_uidiv
                0x000058ec                __udivsi3
                0x00005974                __aeabi_uidivmod
 .text          0x00005988        0x4 c:/users/alex/appdata/local/arduino15/packages/arduino/tools/arm-none-eabi-gcc/4.8.3-2014q1/bin/../lib/gcc/arm-none-eabi/4.8.3/armv6-m\libgcc.a(_dvmd_tls.o)
                0x00005988                __aeabi_idiv0
                0x00005988                __aeabi_ldiv0
 .text.__libc_init_array
                0x0000598c       0x4c c:/users/alex/appdata/local/arduino15/packages/arduino/tools/arm-none-eabi-gcc/4.8.3-2014q1/bin/../lib/gcc/arm-none-eabi/4.8.3/../../../../arm-none-eabi/lib/armv6-m\libc_s.a(lib_a-init.o)
                0x0000598c                __libc_init_array
 .text.malloc   0x000059d8       0x14 c:/users/alex/appdata/local/arduino15/packages/arduino/tools/arm-none-eabi-gcc/4.8.3-2014q1/bin/../lib/gcc/arm-none-eabi/4.8.3/../../../../arm-none-eabi/lib/armv6-m\libc_s.a(lib_a-malloc.o)
                0x000059d8                malloc
 .text.memcpy   0x000059ec       0x12 c:/users/alex/appdata/local/arduino15/packages/arduino/tools/arm-none-eabi-gcc/4.8.3-2014q1/bin/../lib/gcc/arm-none-eabi/4.8.3/../../../../arm-none-eabi/lib/armv6-m\libc_s.a(lib_a-memcpy-stub.o)
                0x000059ec                memcpy
 .text.memset   0x000059fe       0x10 c:/users/alex/appdata/local/arduino15/packages/arduino/tools/arm-none-eabi-gcc/4.8.3-2014q1/bin/../lib/gcc/arm-none-eabi/4.8.3/../../../../arm-none-eabi/lib/armv6-m\libc_s.a(lib_a-memset.o)
                0x000059fe                memset
 *fill*         0x00005a0e        0x2 
 .text._malloc_r
                0x00005a10       0xa8 c:/users/alex/appdata/local/arduino15/packages/arduino/tools/arm-none-eabi-gcc/4.8.3-2014q1/bin/../lib/gcc/arm-none-eabi/4.8.3/../../../../arm-none-eabi/lib/armv6-m\libc_s.a(lib_a-nano-mallocr.o)
                0x00005a10                _malloc_r
 .text._sbrk_r  0x00005ab8       0x24 c:/users/alex/appdata/local/arduino15/packages/arduino/tools/arm-none-eabi-gcc/4.8.3-2014q1/bin/../lib/gcc/arm-none-eabi/4.8.3/../../../../arm-none-eabi/lib/armv6-m\libc_s.a(lib_a-sbrkr.o)
                0x00005ab8                _sbrk_r
 .text.strlen   0x00005adc        0xe c:/users/alex/appdata/local/arduino15/packages/arduino/tools/arm-none-eabi-gcc/4.8.3-2014q1/bin/../lib/gcc/arm-none-eabi/4.8.3/../../../../arm-none-eabi/lib/armv6-m\libc_s.a(lib_a-strlen.o)
                0x00005adc                strlen
 *fill*         0x00005aea        0x2 
 .text._sbrk    0x00005aec       0x34 c:/users/alex/appdata/local/arduino15/packages/arduino/tools/arm-none-eabi-gcc/4.8.3-2014q1/bin/../lib/gcc/arm-none-eabi/4.8.3/../../../../arm-none-eabi/lib/armv6-m\libnosys.a(sbrk.o)
                0x00005aec                _sbrk
 *(.init)
 .init          0x00005b20        0x4 c:/users/alex/appdata/local/arduino15/packages/arduino/tools/arm-none-eabi-gcc/4.8.3-2014q1/bin/../lib/gcc/arm-none-eabi/4.8.3/armv6-m/crti.o
                0x00005b20                _init
 .init          0x00005b24        0x8 c:/users/alex/appdata/local/arduino15/packages/arduino/tools/arm-none-eabi-gcc/4.8.3-2014q1/bin/../lib/gcc/arm-none-eabi/4.8.3/armv6-m/crtn.o
 *(.fini)
 .fini          0x00005b2c        0x4 c:/users/alex/appdata/local/arduino15/packages/arduino/tools/arm-none-eabi-gcc/4.8.3-2014q1/bin/../lib/gcc/arm-none-eabi/4.8.3/armv6-m/crti.o
                0x00005b2c                _fini
 .fini          0x00005b30        0x8 c:/users/alex/appdata/local/arduino15/packages/arduino/tools/arm-none-eabi-gcc/4.8.3-2014q1/bin/../lib/gcc/arm-none-eabi/4.8.3/armv6-m/crtn.o
 *crtbegin.o(.ctors)
 *crtbegin?.o(.ctors)
 *(EXCLUDE_FILE(*crtend.o *crtend?.o) .ctors)
 *(SORT(.ctors.*))
 *(.ctors)
 *crtbegin.o(.dtors)
 *crtbegin?.o(.dtors)
 *(EXCLUDE_FILE(*crtend.o *crtend?.o) .dtors)
 *(SORT(.dtors.*))
 *(.dtors)
 *(.rodata*)
 .rodata.str1.1
                0x00005b38      0x2c3 C:\Users\Alex\AppData\Local\Temp\VMBuilds\TestDisplay2_4ISP_SAMD21G18A\arduino_zero_native\Debug\TestDisplay2_4ISP_SAMD21G18A.cpp.o
 *fill*         0x00005dfb        0x5 
 .rodata._ZTV12Adafruit_GFX
                0x00005e00       0x58 C:\Users\Alex\AppData\Local\Temp\VMBuilds\TestDisplay2_4ISP_SAMD21G18A\arduino_zero_native\Debug\Adafruit_GFX\Adafruit_GFX.cpp.o
                0x00005e00                vtable for Adafruit_GFX
 .rodata._ZL4font
                0x00005e58      0x500 C:\Users\Alex\AppData\Local\Temp\VMBuilds\TestDisplay2_4ISP_SAMD21G18A\arduino_zero_native\Debug\Adafruit_GFX\Adafruit_GFX.cpp.o
 .rodata._ZTV16Adafruit_ILI9341
                0x00006358       0x58 C:\Users\Alex\AppData\Local\Temp\VMBuilds\TestDisplay2_4ISP_SAMD21G18A\arduino_zero_native\Debug\Adafruit_ILI9341\Adafruit_ILI9341.cpp.o
                0x00006358                vtable for Adafruit_ILI9341
 .rodata.g_APinDescription
                0x000063b0      0x420 C:\Users\Alex\AppData\Local\Temp\VMBuilds\TestDisplay2_4ISP_SAMD21G18A\arduino_zero_native\Debug\variant\variant.cpp.o
                0x000063b0                g_APinDescription
 .rodata.str1.1
                0x000067d0        0xf C:\Users\Alex\AppData\Local\Temp\VMBuilds\TestDisplay2_4ISP_SAMD21G18A\arduino_zero_native\Debug/core.a(Print.cpp.o)
 *fill*         0x000067df        0x1 
 .rodata._ZTV4Uart
                0x000067e0       0x38 C:\Users\Alex\AppData\Local\Temp\VMBuilds\TestDisplay2_4ISP_SAMD21G18A\arduino_zero_native\Debug/core.a(Uart.cpp.o)
                0x000067e0                vtable for Uart
 .rodata._ZTV7Serial_
                0x00006818       0x28 C:\Users\Alex\AppData\Local\Temp\VMBuilds\TestDisplay2_4ISP_SAMD21G18A\arduino_zero_native\Debug/core.a(CDC.cpp.o)
                0x00006818                vtable for Serial_
 .rodata._ZTV26DoubleBufferedEPOutHandler
                0x00006840       0x18 C:\Users\Alex\AppData\Local\Temp\VMBuilds\TestDisplay2_4ISP_SAMD21G18A\arduino_zero_native\Debug/core.a(USBCore.cpp.o)
                0x00006840                vtable for DoubleBufferedEPOutHandler
 .rodata._ZL19STRING_MANUFACTURER
                0x00006858        0xc C:\Users\Alex\AppData\Local\Temp\VMBuilds\TestDisplay2_4ISP_SAMD21G18A\arduino_zero_native\Debug/core.a(USBCore.cpp.o)
 .rodata._ZL15STRING_LANGUAGE
                0x00006864        0x4 C:\Users\Alex\AppData\Local\Temp\VMBuilds\TestDisplay2_4ISP_SAMD21G18A\arduino_zero_native\Debug/core.a(USBCore.cpp.o)
 .rodata._ZL21USB_DeviceDescriptorB
                0x00006868       0x12 C:\Users\Alex\AppData\Local\Temp\VMBuilds\TestDisplay2_4ISP_SAMD21G18A\arduino_zero_native\Debug/core.a(USBCore.cpp.o)
 .rodata._ZL14STRING_PRODUCT
                0x0000687a        0xd C:\Users\Alex\AppData\Local\Temp\VMBuilds\TestDisplay2_4ISP_SAMD21G18A\arduino_zero_native\Debug/core.a(USBCore.cpp.o)
 .rodata.str1.1
                0x00006887        0x2 c:/users/alex/appdata/local/arduino15/packages/arduino/tools/arm-none-eabi-gcc/4.8.3-2014q1/bin/../lib/gcc/arm-none-eabi/4.8.3/../../../../arm-none-eabi/lib/armv6-m\libc_s.a(lib_a-impure.o)
 *fill*         0x00006889        0x3 
 .rodata.__sf_fake_stdin
                0x0000688c       0x20 c:/users/alex/appdata/local/arduino15/packages/arduino/tools/arm-none-eabi-gcc/4.8.3-2014q1/bin/../lib/gcc/arm-none-eabi/4.8.3/../../../../arm-none-eabi/lib/armv6-m\libc_s.a(lib_a-findfp.o)
                0x0000688c                __sf_fake_stdin
 .rodata.__sf_fake_stdout
                0x000068ac       0x20 c:/users/alex/appdata/local/arduino15/packages/arduino/tools/arm-none-eabi-gcc/4.8.3-2014q1/bin/../lib/gcc/arm-none-eabi/4.8.3/../../../../arm-none-eabi/lib/armv6-m\libc_s.a(lib_a-findfp.o)
                0x000068ac                __sf_fake_stdout
 .rodata.__sf_fake_stderr
                0x000068cc       0x20 c:/users/alex/appdata/local/arduino15/packages/arduino/tools/arm-none-eabi-gcc/4.8.3-2014q1/bin/../lib/gcc/arm-none-eabi/4.8.3/../../../../arm-none-eabi/lib/armv6-m\libc_s.a(lib_a-findfp.o)
                0x000068cc                __sf_fake_stderr
 *(.eh_frame*)
 .eh_frame      0x000068ec        0x0 c:/users/alex/appdata/local/arduino15/packages/arduino/tools/arm-none-eabi-gcc/4.8.3-2014q1/bin/../lib/gcc/arm-none-eabi/4.8.3/armv6-m/crtbegin.o
 .eh_frame      0x000068ec        0x4 c:/users/alex/appdata/local/arduino15/packages/arduino/tools/arm-none-eabi-gcc/4.8.3-2014q1/bin/../lib/gcc/arm-none-eabi/4.8.3/armv6-m/crtend.o

.glue_7         0x000068f0        0x0
 .glue_7        0x00000000        0x0 linker stubs

.glue_7t        0x000068f0        0x0
 .glue_7t       0x00000000        0x0 linker stubs

.vfp11_veneer   0x000068f0        0x0
 .vfp11_veneer  0x00000000        0x0 linker stubs

.v4_bx          0x000068f0        0x0
 .v4_bx         0x00000000        0x0 linker stubs

.iplt           0x000068f0        0x0
 .iplt          0x00000000        0x0 c:/users/alex/appdata/local/arduino15/packages/arduino/tools/arm-none-eabi-gcc/4.8.3-2014q1/bin/../lib/gcc/arm-none-eabi/4.8.3/armv6-m/crtbegin.o

.rel.dyn        0x000068f0        0x0
 .rel.iplt      0x00000000        0x0 c:/users/alex/appdata/local/arduino15/packages/arduino/tools/arm-none-eabi-gcc/4.8.3-2014q1/bin/../lib/gcc/arm-none-eabi/4.8.3/armv6-m/crtbegin.o

.ARM.extab
 *(.ARM.extab* .gnu.linkonce.armextab.*)
                0x000068f0                __exidx_start = .

.ARM.exidx
 *(.ARM.exidx* .gnu.linkonce.armexidx.*)
                0x000068f0                __exidx_end = .
                0x000068f0                __etext = .

.data           0x20000000      0x110 load address 0x000068f0
                0x20000000                __data_start__ = .
 *(vtable)
 *(.data*)
 .data.SystemCoreClock
                0x20000000        0x4 C:\Users\Alex\AppData\Local\Temp\VMBuilds\TestDisplay2_4ISP_SAMD21G18A\arduino_zero_native\Debug/core.a(wiring.c.o)
                0x20000000                SystemCoreClock
 .data._ZL5ticks
                0x20000004        0x4 C:\Users\Alex\AppData\Local\Temp\VMBuilds\TestDisplay2_4ISP_SAMD21G18A\arduino_zero_native\Debug/core.a(Reset.cpp.o)
 .data._ZL12_usbLineInfo
                0x20000008        0x8 C:\Users\Alex\AppData\Local\Temp\VMBuilds\TestDisplay2_4ISP_SAMD21G18A\arduino_zero_native\Debug/core.a(CDC.cpp.o)
 .data._ZL10breakValue
                0x20000010        0x4 C:\Users\Alex\AppData\Local\Temp\VMBuilds\TestDisplay2_4ISP_SAMD21G18A\arduino_zero_native\Debug/core.a(CDC.cpp.o)
 .data._ZL13_cdcInterface
                0x20000014       0x42 C:\Users\Alex\AppData\Local\Temp\VMBuilds\TestDisplay2_4ISP_SAMD21G18A\arduino_zero_native\Debug/core.a(CDC.cpp.o)
 *fill*         0x20000056        0x2 
 .data._serialPeek
                0x20000058        0x4 C:\Users\Alex\AppData\Local\Temp\VMBuilds\TestDisplay2_4ISP_SAMD21G18A\arduino_zero_native\Debug/core.a(CDC.cpp.o)
                0x20000058                _serialPeek
 .data.EndPoints
                0x2000005c       0x28 C:\Users\Alex\AppData\Local\Temp\VMBuilds\TestDisplay2_4ISP_SAMD21G18A\arduino_zero_native\Debug/core.a(USBCore.cpp.o)
                0x2000005c                EndPoints
 .data.impure_data
                0x20000084       0x60 c:/users/alex/appdata/local/arduino15/packages/arduino/tools/arm-none-eabi-gcc/4.8.3-2014q1/bin/../lib/gcc/arm-none-eabi/4.8.3/../../../../arm-none-eabi/lib/armv6-m\libc_s.a(lib_a-impure.o)
 .data._impure_ptr
                0x200000e4        0x4 c:/users/alex/appdata/local/arduino15/packages/arduino/tools/arm-none-eabi-gcc/4.8.3-2014q1/bin/../lib/gcc/arm-none-eabi/4.8.3/../../../../arm-none-eabi/lib/armv6-m\libc_s.a(lib_a-impure.o)
                0x200000e4                _impure_ptr
                0x200000e8                . = ALIGN (0x4)
                0x200000e8                PROVIDE (__preinit_array_start, .)
 *(.preinit_array)
                0x200000e8                PROVIDE (__preinit_array_end, .)
                0x200000e8                . = ALIGN (0x4)
                0x200000e8                PROVIDE (__init_array_start, .)
 *(SORT(.init_array.*))
 *(.init_array)
 .init_array    0x200000e8        0x4 c:/users/alex/appdata/local/arduino15/packages/arduino/tools/arm-none-eabi-gcc/4.8.3-2014q1/bin/../lib/gcc/arm-none-eabi/4.8.3/armv6-m/crtbegin.o
 .init_array    0x200000ec        0x4 C:\Users\Alex\AppData\Local\Temp\VMBuilds\TestDisplay2_4ISP_SAMD21G18A\arduino_zero_native\Debug\TestDisplay2_4ISP_SAMD21G18A.cpp.o
 .init_array    0x200000f0        0x4 C:\Users\Alex\AppData\Local\Temp\VMBuilds\TestDisplay2_4ISP_SAMD21G18A\arduino_zero_native\Debug\SPI\SPI.cpp.o
 .init_array    0x200000f4        0x4 C:\Users\Alex\AppData\Local\Temp\VMBuilds\TestDisplay2_4ISP_SAMD21G18A\arduino_zero_native\Debug\variant\variant.cpp.o
 .init_array    0x200000f8        0x4 C:\Users\Alex\AppData\Local\Temp\VMBuilds\TestDisplay2_4ISP_SAMD21G18A\arduino_zero_native\Debug/core.a(CDC.cpp.o)
 .init_array    0x200000fc        0x4 C:\Users\Alex\AppData\Local\Temp\VMBuilds\TestDisplay2_4ISP_SAMD21G18A\arduino_zero_native\Debug/core.a(USBCore.cpp.o)
                0x20000100                PROVIDE (__init_array_end, .)
                0x20000100                . = ALIGN (0x4)
                0x20000100                PROVIDE (__fini_array_start, .)
 *(SORT(.fini_array.*))
 *(.fini_array)
 .fini_array    0x20000100        0x4 c:/users/alex/appdata/local/arduino15/packages/arduino/tools/arm-none-eabi-gcc/4.8.3-2014q1/bin/../lib/gcc/arm-none-eabi/4.8.3/armv6-m/crtbegin.o
                0x20000104                PROVIDE (__fini_array_end, .)
 *(.jcr*)
 .jcr           0x20000104        0x0 c:/users/alex/appdata/local/arduino15/packages/arduino/tools/arm-none-eabi-gcc/4.8.3-2014q1/bin/../lib/gcc/arm-none-eabi/4.8.3/armv6-m/crtbegin.o
 .jcr           0x20000104        0x4 c:/users/alex/appdata/local/arduino15/packages/arduino/tools/arm-none-eabi-gcc/4.8.3-2014q1/bin/../lib/gcc/arm-none-eabi/4.8.3/armv6-m/crtend.o
                0x20000110                . = ALIGN (0x10)
 *fill*         0x20000108        0x8 
                0x20000110                __data_end__ = .

.igot.plt       0x20000110        0x0 load address 0x00006a00
 .igot.plt      0x00000000        0x0 c:/users/alex/appdata/local/arduino15/packages/arduino/tools/arm-none-eabi-gcc/4.8.3-2014q1/bin/../lib/gcc/arm-none-eabi/4.8.3/armv6-m/crtbegin.o

.bss            0x20000110      0x83c load address 0x00006a00
                0x20000110                . = ALIGN (0x4)
                0x20000110                __bss_start__ = .
 *(.bss*)
 .bss           0x20000110       0x1c c:/users/alex/appdata/local/arduino15/packages/arduino/tools/arm-none-eabi-gcc/4.8.3-2014q1/bin/../lib/gcc/arm-none-eabi/4.8.3/armv6-m/crtbegin.o
 .bss.n         0x2000012c        0x4 C:\Users\Alex\AppData\Local\Temp\VMBuilds\TestDisplay2_4ISP_SAMD21G18A\arduino_zero_native\Debug\TestDisplay2_4ISP_SAMD21G18A.cpp.o
                0x2000012c                n
 .bss.tft       0x20000130       0x64 C:\Users\Alex\AppData\Local\Temp\VMBuilds\TestDisplay2_4ISP_SAMD21G18A\arduino_zero_native\Debug\TestDisplay2_4ISP_SAMD21G18A.cpp.o
                0x20000130                tft
 .bss.x         0x20000194        0x4 C:\Users\Alex\AppData\Local\Temp\VMBuilds\TestDisplay2_4ISP_SAMD21G18A\arduino_zero_native\Debug\TestDisplay2_4ISP_SAMD21G18A.cpp.o
                0x20000194                x
 .bss.y         0x20000198        0x4 C:\Users\Alex\AppData\Local\Temp\VMBuilds\TestDisplay2_4ISP_SAMD21G18A\arduino_zero_native\Debug\TestDisplay2_4ISP_SAMD21G18A.cpp.o
                0x20000198                y
 .bss.myTouch   0x2000019c       0x30 C:\Users\Alex\AppData\Local\Temp\VMBuilds\TestDisplay2_4ISP_SAMD21G18A\arduino_zero_native\Debug\TestDisplay2_4ISP_SAMD21G18A.cpp.o
                0x2000019c                myTouch
 .bss._ZL20DEFAULT_SPI_SETTINGS
                0x200001cc        0x8 C:\Users\Alex\AppData\Local\Temp\VMBuilds\TestDisplay2_4ISP_SAMD21G18A\arduino_zero_native\Debug\SPI\SPI.cpp.o
 .bss.SPI       0x200001d4       0x10 C:\Users\Alex\AppData\Local\Temp\VMBuilds\TestDisplay2_4ISP_SAMD21G18A\arduino_zero_native\Debug\SPI\SPI.cpp.o
                0x200001d4                SPI
 .bss.Serial    0x200001e4       0xa8 C:\Users\Alex\AppData\Local\Temp\VMBuilds\TestDisplay2_4ISP_SAMD21G18A\arduino_zero_native\Debug\variant\variant.cpp.o
                0x200001e4                Serial
 .bss.Serial1   0x2000028c       0xa8 C:\Users\Alex\AppData\Local\Temp\VMBuilds\TestDisplay2_4ISP_SAMD21G18A\arduino_zero_native\Debug\variant\variant.cpp.o
                0x2000028c                Serial1
 .bss.sercom3   0x20000334        0x4 C:\Users\Alex\AppData\Local\Temp\VMBuilds\TestDisplay2_4ISP_SAMD21G18A\arduino_zero_native\Debug\variant\variant.cpp.o
                0x20000334                sercom3
 .bss.sercom0   0x20000338        0x4 C:\Users\Alex\AppData\Local\Temp\VMBuilds\TestDisplay2_4ISP_SAMD21G18A\arduino_zero_native\Debug\variant\variant.cpp.o
                0x20000338                sercom0
 .bss.sercom1   0x2000033c        0x4 C:\Users\Alex\AppData\Local\Temp\VMBuilds\TestDisplay2_4ISP_SAMD21G18A\arduino_zero_native\Debug\variant\variant.cpp.o
                0x2000033c                sercom1
 .bss.sercom2   0x20000340        0x4 C:\Users\Alex\AppData\Local\Temp\VMBuilds\TestDisplay2_4ISP_SAMD21G18A\arduino_zero_native\Debug\variant\variant.cpp.o
                0x20000340                sercom2
 .bss.sercom4   0x20000344        0x4 C:\Users\Alex\AppData\Local\Temp\VMBuilds\TestDisplay2_4ISP_SAMD21G18A\arduino_zero_native\Debug\variant\variant.cpp.o
                0x20000344                sercom4
 .bss.sercom5   0x20000348        0x4 C:\Users\Alex\AppData\Local\Temp\VMBuilds\TestDisplay2_4ISP_SAMD21G18A\arduino_zero_native\Debug\variant\variant.cpp.o
                0x20000348                sercom5
 .bss.usb_isr   0x2000034c        0x4 C:\Users\Alex\AppData\Local\Temp\VMBuilds\TestDisplay2_4ISP_SAMD21G18A\arduino_zero_native\Debug/core.a(cortex_handlers.c.o)
 .bss._ulTickCount
                0x20000350        0x4 C:\Users\Alex\AppData\Local\Temp\VMBuilds\TestDisplay2_4ISP_SAMD21G18A\arduino_zero_native\Debug/core.a(delay.c.o)
 .bss.SerialUSB
                0x20000354       0x1c C:\Users\Alex\AppData\Local\Temp\VMBuilds\TestDisplay2_4ISP_SAMD21G18A\arduino_zero_native\Debug/core.a(CDC.cpp.o)
                0x20000354                SerialUSB
 .bss._ZL14isEndpointHalt
                0x20000370        0x1 C:\Users\Alex\AppData\Local\Temp\VMBuilds\TestDisplay2_4ISP_SAMD21G18A\arduino_zero_native\Debug/core.a(USBCore.cpp.o)
 .bss._pack_buffer
                0x20000371      0x100 C:\Users\Alex\AppData\Local\Temp\VMBuilds\TestDisplay2_4ISP_SAMD21G18A\arduino_zero_native\Debug/core.a(USBCore.cpp.o)
                0x20000371                _pack_buffer
 *fill*         0x20000471        0x1 
 .bss._pack_size
                0x20000472        0x2 C:\Users\Alex\AppData\Local\Temp\VMBuilds\TestDisplay2_4ISP_SAMD21G18A\arduino_zero_native\Debug/core.a(USBCore.cpp.o)
                0x20000472                _pack_size
 .bss._ZL20LastTransmitTimedOut
                0x20000474        0x7 C:\Users\Alex\AppData\Local\Temp\VMBuilds\TestDisplay2_4ISP_SAMD21G18A\arduino_zero_native\Debug/core.a(USBCore.cpp.o)
 *fill*         0x2000047b        0x1 
 .bss._ZL22udd_ep_in_cache_buffer
                0x2000047c      0x1c0 C:\Users\Alex\AppData\Local\Temp\VMBuilds\TestDisplay2_4ISP_SAMD21G18A\arduino_zero_native\Debug/core.a(USBCore.cpp.o)
 .bss._ZL10txLEDPulse
                0x2000063c        0x1 C:\Users\Alex\AppData\Local\Temp\VMBuilds\TestDisplay2_4ISP_SAMD21G18A\arduino_zero_native\Debug/core.a(USBCore.cpp.o)
 *fill*         0x2000063d        0x3 
 .bss._ZL23udd_ep_out_cache_buffer
                0x20000640      0x1c0 C:\Users\Alex\AppData\Local\Temp\VMBuilds\TestDisplay2_4ISP_SAMD21G18A\arduino_zero_native\Debug/core.a(USBCore.cpp.o)
 .bss._ZL10epHandlers
                0x20000800       0x1c C:\Users\Alex\AppData\Local\Temp\VMBuilds\TestDisplay2_4ISP_SAMD21G18A\arduino_zero_native\Debug/core.a(USBCore.cpp.o)
 .bss._pack_message
                0x2000081c        0x1 C:\Users\Alex\AppData\Local\Temp\VMBuilds\TestDisplay2_4ISP_SAMD21G18A\arduino_zero_native\Debug/core.a(USBCore.cpp.o)
                0x2000081c                _pack_message
 .bss._ZL21isRemoteWakeUpEnabled
                0x2000081d        0x1 C:\Users\Alex\AppData\Local\Temp\VMBuilds\TestDisplay2_4ISP_SAMD21G18A\arduino_zero_native\Debug/core.a(USBCore.cpp.o)
 .bss._dry_run  0x2000081e        0x1 C:\Users\Alex\AppData\Local\Temp\VMBuilds\TestDisplay2_4ISP_SAMD21G18A\arduino_zero_native\Debug/core.a(USBCore.cpp.o)
                0x2000081e                _dry_run
 .bss.USBDevice
                0x2000081f        0x1 C:\Users\Alex\AppData\Local\Temp\VMBuilds\TestDisplay2_4ISP_SAMD21G18A\arduino_zero_native\Debug/core.a(USBCore.cpp.o)
                0x2000081f                USBDevice
 .bss._usbSetInterface
                0x20000820        0x4 C:\Users\Alex\AppData\Local\Temp\VMBuilds\TestDisplay2_4ISP_SAMD21G18A\arduino_zero_native\Debug/core.a(USBCore.cpp.o)
                0x20000820                _usbSetInterface
 .bss._ZL10rxLEDPulse
                0x20000824        0x1 C:\Users\Alex\AppData\Local\Temp\VMBuilds\TestDisplay2_4ISP_SAMD21G18A\arduino_zero_native\Debug/core.a(USBCore.cpp.o)
 *fill*         0x20000825        0x3 
 .bss.usbd      0x20000828      0x104 C:\Users\Alex\AppData\Local\Temp\VMBuilds\TestDisplay2_4ISP_SAMD21G18A\arduino_zero_native\Debug/core.a(USBCore.cpp.o)
                0x20000828                usbd
 .bss._usbConfiguration
                0x2000092c        0x4 C:\Users\Alex\AppData\Local\Temp\VMBuilds\TestDisplay2_4ISP_SAMD21G18A\arduino_zero_native\Debug/core.a(USBCore.cpp.o)
                0x2000092c                _usbConfiguration
 .bss._ZZ12PluggableUSBvE3obj
                0x20000930        0x8 C:\Users\Alex\AppData\Local\Temp\VMBuilds\TestDisplay2_4ISP_SAMD21G18A\arduino_zero_native\Debug/core.a(PluggableUSB.cpp.o)
 .bss._ZGVZ12PluggableUSBvE3obj
                0x20000938        0x4 C:\Users\Alex\AppData\Local\Temp\VMBuilds\TestDisplay2_4ISP_SAMD21G18A\arduino_zero_native\Debug/core.a(PluggableUSB.cpp.o)
 .bss.__malloc_sbrk_start
                0x2000093c        0x4 c:/users/alex/appdata/local/arduino15/packages/arduino/tools/arm-none-eabi-gcc/4.8.3-2014q1/bin/../lib/gcc/arm-none-eabi/4.8.3/../../../../arm-none-eabi/lib/armv6-m\libc_s.a(lib_a-nano-mallocr.o)
                0x2000093c                __malloc_sbrk_start
 .bss.__malloc_free_list
                0x20000940        0x4 c:/users/alex/appdata/local/arduino15/packages/arduino/tools/arm-none-eabi-gcc/4.8.3-2014q1/bin/../lib/gcc/arm-none-eabi/4.8.3/../../../../arm-none-eabi/lib/armv6-m\libc_s.a(lib_a-nano-mallocr.o)
                0x20000940                __malloc_free_list
 .bss.heap_end.4243
                0x20000944        0x4 c:/users/alex/appdata/local/arduino15/packages/arduino/tools/arm-none-eabi-gcc/4.8.3-2014q1/bin/../lib/gcc/arm-none-eabi/4.8.3/../../../../arm-none-eabi/lib/armv6-m\libnosys.a(sbrk.o)
 *(COMMON)
 COMMON         0x20000948        0x4 c:/users/alex/appdata/local/arduino15/packages/arduino/tools/arm-none-eabi-gcc/4.8.3-2014q1/bin/../lib/gcc/arm-none-eabi/4.8.3/../../../../arm-none-eabi/lib/armv6-m\libc_s.a(lib_a-reent.o)
                0x20000948                errno
                0x2000094c                . = ALIGN (0x4)
                0x2000094c                __bss_end__ = .

.heap           0x2000094c        0x0
                0x2000094c                __end__ = .
                0x2000094c                PROVIDE (end, .)
 *(.heap*)
                0x2000094c                __HeapLimit = .

.stack_dummy    0x2000094c        0x0
 *(.stack*)
                0x20008000                __StackTop = (ORIGIN (RAM) + 0x8000)
                0x20008000                __StackLimit = (__StackTop - SIZEOF (.stack_dummy))
                0x20008000                PROVIDE (__stack, __StackTop)
                0x20007fff                __ram_end__ = ((ORIGIN (RAM) + 0x8000) - 0x1)
                0x00000001                ASSERT ((__StackLimit >= __HeapLimit), region RAM overflowed with stack)
OUTPUT(C:\Users\Alex\AppData\Local\Temp\VMBuilds\TestDisplay2_4ISP_SAMD21G18A\arduino_zero_native\Debug/TestDisplay2_4ISP_SAMD21G18A.ino.elf elf32-littlearm)

.ARM.attributes
                0x00000000       0x28
 .ARM.attributes
                0x00000000       0x1e c:/users/alex/appdata/local/arduino15/packages/arduino/tools/arm-none-eabi-gcc/4.8.3-2014q1/bin/../lib/gcc/arm-none-eabi/4.8.3/armv6-m/crti.o
 .ARM.attributes
                0x0000001e       0x2c c:/users/alex/appdata/local/arduino15/packages/arduino/tools/arm-none-eabi-gcc/4.8.3-2014q1/bin/../lib/gcc/arm-none-eabi/4.8.3/armv6-m/crtbegin.o
 .ARM.attributes
                0x0000004a       0x32 C:\Users\Alex\AppData\Local\Temp\VMBuilds\TestDisplay2_4ISP_SAMD21G18A\arduino_zero_native\Debug\TestDisplay2_4ISP_SAMD21G18A.cpp.o
 .ARM.attributes
                0x0000007c       0x32 C:\Users\Alex\AppData\Local\Temp\VMBuilds\TestDisplay2_4ISP_SAMD21G18A\arduino_zero_native\Debug\Adafruit_GFX\Adafruit_GFX.cpp.o
 .ARM.attributes
                0x000000ae       0x32 C:\Users\Alex\AppData\Local\Temp\VMBuilds\TestDisplay2_4ISP_SAMD21G18A\arduino_zero_native\Debug\Adafruit_ILI9341\Adafruit_ILI9341.cpp.o
 .ARM.attributes
                0x000000e0       0x32 C:\Users\Alex\AppData\Local\Temp\VMBuilds\TestDisplay2_4ISP_SAMD21G18A\arduino_zero_native\Debug\SPI\SPI.cpp.o
 .ARM.attributes
                0x00000112       0x32 C:\Users\Alex\AppData\Local\Temp\VMBuilds\TestDisplay2_4ISP_SAMD21G18A\arduino_zero_native\Debug\UTouch\UTouch.cpp.o
 .ARM.attributes
                0x00000144       0x32 C:\Users\Alex\AppData\Local\Temp\VMBuilds\TestDisplay2_4ISP_SAMD21G18A\arduino_zero_native\Debug\variant\variant.cpp.o
 .ARM.attributes
                0x00000176       0x32 C:\Users\Alex\AppData\Local\Temp\VMBuilds\TestDisplay2_4ISP_SAMD21G18A\arduino_zero_native\Debug/core.a(cortex_handlers.c.o)
 .ARM.attributes
                0x000001a8       0x32 C:\Users\Alex\AppData\Local\Temp\VMBuilds\TestDisplay2_4ISP_SAMD21G18A\arduino_zero_native\Debug/core.a(delay.c.o)
 .ARM.attributes
                0x000001da       0x32 C:\Users\Alex\AppData\Local\Temp\VMBuilds\TestDisplay2_4ISP_SAMD21G18A\arduino_zero_native\Debug/core.a(hooks.c.o)
 .ARM.attributes
                0x0000020c       0x32 C:\Users\Alex\AppData\Local\Temp\VMBuilds\TestDisplay2_4ISP_SAMD21G18A\arduino_zero_native\Debug/core.a(startup.c.o)
 .ARM.attributes
                0x0000023e       0x32 C:\Users\Alex\AppData\Local\Temp\VMBuilds\TestDisplay2_4ISP_SAMD21G18A\arduino_zero_native\Debug/core.a(wiring.c.o)
 .ARM.attributes
                0x00000270       0x32 C:\Users\Alex\AppData\Local\Temp\VMBuilds\TestDisplay2_4ISP_SAMD21G18A\arduino_zero_native\Debug/core.a(wiring_analog.c.o)
 .ARM.attributes
                0x000002a2       0x32 C:\Users\Alex\AppData\Local\Temp\VMBuilds\TestDisplay2_4ISP_SAMD21G18A\arduino_zero_native\Debug/core.a(wiring_digital.c.o)
 .ARM.attributes
                0x000002d4       0x32 C:\Users\Alex\AppData\Local\Temp\VMBuilds\TestDisplay2_4ISP_SAMD21G18A\arduino_zero_native\Debug/core.a(wiring_private.c.o)
 .ARM.attributes
                0x00000306       0x32 C:\Users\Alex\AppData\Local\Temp\VMBuilds\TestDisplay2_4ISP_SAMD21G18A\arduino_zero_native\Debug/core.a(abi.cpp.o)
 .ARM.attributes
                0x00000338       0x32 C:\Users\Alex\AppData\Local\Temp\VMBuilds\TestDisplay2_4ISP_SAMD21G18A\arduino_zero_native\Debug/core.a(main.cpp.o)
 .ARM.attributes
                0x0000036a       0x32 C:\Users\Alex\AppData\Local\Temp\VMBuilds\TestDisplay2_4ISP_SAMD21G18A\arduino_zero_native\Debug/core.a(Print.cpp.o)
 .ARM.attributes
                0x0000039c       0x32 C:\Users\Alex\AppData\Local\Temp\VMBuilds\TestDisplay2_4ISP_SAMD21G18A\arduino_zero_native\Debug/core.a(Reset.cpp.o)
 .ARM.attributes
                0x000003ce       0x32 C:\Users\Alex\AppData\Local\Temp\VMBuilds\TestDisplay2_4ISP_SAMD21G18A\arduino_zero_native\Debug/core.a(SERCOM.cpp.o)
 .ARM.attributes
                0x00000400       0x32 C:\Users\Alex\AppData\Local\Temp\VMBuilds\TestDisplay2_4ISP_SAMD21G18A\arduino_zero_native\Debug/core.a(Uart.cpp.o)
 .ARM.attributes
                0x00000432       0x32 C:\Users\Alex\AppData\Local\Temp\VMBuilds\TestDisplay2_4ISP_SAMD21G18A\arduino_zero_native\Debug/core.a(CDC.cpp.o)
 .ARM.attributes
                0x00000464       0x32 C:\Users\Alex\AppData\Local\Temp\VMBuilds\TestDisplay2_4ISP_SAMD21G18A\arduino_zero_native\Debug/core.a(USBCore.cpp.o)
 .ARM.attributes
                0x00000496       0x32 C:\Users\Alex\AppData\Local\Temp\VMBuilds\TestDisplay2_4ISP_SAMD21G18A\arduino_zero_native\Debug/core.a(new.cpp.o)
 .ARM.attributes
                0x000004c8       0x32 C:\Users\Alex\AppData\Local\Temp\VMBuilds\TestDisplay2_4ISP_SAMD21G18A\arduino_zero_native\Debug/core.a(RingBuffer.cpp.o)
 .ARM.attributes
                0x000004fa       0x32 C:\Users\Alex\AppData\Local\Temp\VMBuilds\TestDisplay2_4ISP_SAMD21G18A\arduino_zero_native\Debug/core.a(PluggableUSB.cpp.o)
 .ARM.attributes
                0x0000052c       0x1e c:/users/alex/appdata/local/arduino15/packages/arduino/tools/arm-none-eabi-gcc/4.8.3-2014q1/bin/../lib/gcc/arm-none-eabi/4.8.3/armv6-m\libgcc.a(_thumb1_case_uqi.o)
 .ARM.attributes
                0x0000054a       0x1e c:/users/alex/appdata/local/arduino15/packages/arduino/tools/arm-none-eabi-gcc/4.8.3-2014q1/bin/../lib/gcc/arm-none-eabi/4.8.3/armv6-m\libgcc.a(_udivsi3.o)
 .ARM.attributes
                0x00000568       0x1e c:/users/alex/appdata/local/arduino15/packages/arduino/tools/arm-none-eabi-gcc/4.8.3-2014q1/bin/../lib/gcc/arm-none-eabi/4.8.3/armv6-m\libgcc.a(_dvmd_tls.o)
 .ARM.attributes
                0x00000586       0x2c c:/users/alex/appdata/local/arduino15/packages/arduino/tools/arm-none-eabi-gcc/4.8.3-2014q1/bin/../lib/gcc/arm-none-eabi/4.8.3/../../../../arm-none-eabi/lib/armv6-m\libc_s.a(lib_a-impure.o)
 .ARM.attributes
                0x000005b2       0x2c c:/users/alex/appdata/local/arduino15/packages/arduino/tools/arm-none-eabi-gcc/4.8.3-2014q1/bin/../lib/gcc/arm-none-eabi/4.8.3/../../../../arm-none-eabi/lib/armv6-m\libc_s.a(lib_a-init.o)
 .ARM.attributes
                0x000005de       0x2c c:/users/alex/appdata/local/arduino15/packages/arduino/tools/arm-none-eabi-gcc/4.8.3-2014q1/bin/../lib/gcc/arm-none-eabi/4.8.3/../../../../arm-none-eabi/lib/armv6-m\libc_s.a(lib_a-malloc.o)
 .ARM.attributes
                0x0000060a       0x2c c:/users/alex/appdata/local/arduino15/packages/arduino/tools/arm-none-eabi-gcc/4.8.3-2014q1/bin/../lib/gcc/arm-none-eabi/4.8.3/../../../../arm-none-eabi/lib/armv6-m\libc_s.a(lib_a-memcpy-stub.o)
 .ARM.attributes
                0x00000636       0x2c c:/users/alex/appdata/local/arduino15/packages/arduino/tools/arm-none-eabi-gcc/4.8.3-2014q1/bin/../lib/gcc/arm-none-eabi/4.8.3/../../../../arm-none-eabi/lib/armv6-m\libc_s.a(lib_a-memset.o)
 .ARM.attributes
                0x00000662       0x2c c:/users/alex/appdata/local/arduino15/packages/arduino/tools/arm-none-eabi-gcc/4.8.3-2014q1/bin/../lib/gcc/arm-none-eabi/4.8.3/../../../../arm-none-eabi/lib/armv6-m\libc_s.a(lib_a-nano-mallocr.o)
 .ARM.attributes
                0x0000068e       0x2c c:/users/alex/appdata/local/arduino15/packages/arduino/tools/arm-none-eabi-gcc/4.8.3-2014q1/bin/../lib/gcc/arm-none-eabi/4.8.3/../../../../arm-none-eabi/lib/armv6-m\libc_s.a(lib_a-sbrkr.o)
 .ARM.attributes
                0x000006ba       0x2c c:/users/alex/appdata/local/arduino15/packages/arduino/tools/arm-none-eabi-gcc/4.8.3-2014q1/bin/../lib/gcc/arm-none-eabi/4.8.3/../../../../arm-none-eabi/lib/armv6-m\libc_s.a(lib_a-strlen.o)
 .ARM.attributes
                0x000006e6       0x2c c:/users/alex/appdata/local/arduino15/packages/arduino/tools/arm-none-eabi-gcc/4.8.3-2014q1/bin/../lib/gcc/arm-none-eabi/4.8.3/../../../../arm-none-eabi/lib/armv6-m\libc_s.a(lib_a-findfp.o)
 .ARM.attributes
                0x00000712       0x2c c:/users/alex/appdata/local/arduino15/packages/arduino/tools/arm-none-eabi-gcc/4.8.3-2014q1/bin/../lib/gcc/arm-none-eabi/4.8.3/../../../../arm-none-eabi/lib/armv6-m\libc_s.a(lib_a-reent.o)
 .ARM.attributes
                0x0000073e       0x2c c:/users/alex/appdata/local/arduino15/packages/arduino/tools/arm-none-eabi-gcc/4.8.3-2014q1/bin/../lib/gcc/arm-none-eabi/4.8.3/../../../../arm-none-eabi/lib/armv6-m\libnosys.a(sbrk.o)
 .ARM.attributes
                0x0000076a       0x2c c:/users/alex/appdata/local/arduino15/packages/arduino/tools/arm-none-eabi-gcc/4.8.3-2014q1/bin/../lib/gcc/arm-none-eabi/4.8.3/armv6-m/crtend.o
 .ARM.attributes
                0x00000796       0x1e c:/users/alex/appdata/local/arduino15/packages/arduino/tools/arm-none-eabi-gcc/4.8.3-2014q1/bin/../lib/gcc/arm-none-eabi/4.8.3/armv6-m/crtn.o

.comment        0x00000000       0x70
 .comment       0x00000000       0x70 C:\Users\Alex\AppData\Local\Temp\VMBuilds\TestDisplay2_4ISP_SAMD21G18A\arduino_zero_native\Debug\TestDisplay2_4ISP_SAMD21G18A.cpp.o
                                 0x71 (size before relaxing)
 .comment       0x00000000       0x71 C:\Users\Alex\AppData\Local\Temp\VMBuilds\TestDisplay2_4ISP_SAMD21G18A\arduino_zero_native\Debug\Adafruit_GFX\Adafruit_GFX.cpp.o
 .comment       0x00000000       0x71 C:\Users\Alex\AppData\Local\Temp\VMBuilds\TestDisplay2_4ISP_SAMD21G18A\arduino_zero_native\Debug\Adafruit_ILI9341\Adafruit_ILI9341.cpp.o
 .comment       0x00000000       0x71 C:\Users\Alex\AppData\Local\Temp\VMBuilds\TestDisplay2_4ISP_SAMD21G18A\arduino_zero_native\Debug\SPI\SPI.cpp.o
 .comment       0x00000000       0x71 C:\Users\Alex\AppData\Local\Temp\VMBuilds\TestDisplay2_4ISP_SAMD21G18A\arduino_zero_native\Debug\UTouch\UTouch.cpp.o
 .comment       0x00000000       0x71 C:\Users\Alex\AppData\Local\Temp\VMBuilds\TestDisplay2_4ISP_SAMD21G18A\arduino_zero_native\Debug\variant\variant.cpp.o
 .comment       0x00000000       0x71 C:\Users\Alex\AppData\Local\Temp\VMBuilds\TestDisplay2_4ISP_SAMD21G18A\arduino_zero_native\Debug/core.a(cortex_handlers.c.o)